Archive member included to satisfy reference by file (symbol)

c:/progra~1/raspbe~1/picosd~1.1/gcc-ar~1/bin/../lib/gcc/arm-none-eabi/10.3.1/thumb/v6-m/nofp\libgcc.a(_dvmd_tls.o)
                              CMakeFiles/dac.dir/C_/Program_Files/Raspberry_Pi/Pico_SDK_v1.5.1/pico-sdk/src/rp2_common/pico_divider/divider.S.obj (__aeabi_idiv0)
c:/progra~1/raspbe~1/picosd~1.1/gcc-ar~1/bin/../lib/gcc/arm-none-eabi/10.3.1/../../../../arm-none-eabi/lib/thumb/v6-m/nofp\libg.a(lib_a-calloc.o)
                              CMakeFiles/dac.dir/C_/Program_Files/Raspberry_Pi/Pico_SDK_v1.5.1/pico-sdk/src/rp2_common/pico_malloc/pico_malloc.c.obj (calloc)
c:/progra~1/raspbe~1/picosd~1.1/gcc-ar~1/bin/../lib/gcc/arm-none-eabi/10.3.1/../../../../arm-none-eabi/lib/thumb/v6-m/nofp\libg.a(lib_a-callocr.o)
                              c:/progra~1/raspbe~1/picosd~1.1/gcc-ar~1/bin/../lib/gcc/arm-none-eabi/10.3.1/../../../../arm-none-eabi/lib/thumb/v6-m/nofp\libg.a(lib_a-calloc.o) (_calloc_r)
c:/progra~1/raspbe~1/picosd~1.1/gcc-ar~1/bin/../lib/gcc/arm-none-eabi/10.3.1/../../../../arm-none-eabi/lib/thumb/v6-m/nofp\libg.a(lib_a-errno.o)
                              c:/progra~1/raspbe~1/picosd~1.1/gcc-ar~1/bin/../lib/gcc/arm-none-eabi/10.3.1/../../../../arm-none-eabi/lib/thumb/v6-m/nofp\libg.a(lib_a-callocr.o) (__errno)
c:/progra~1/raspbe~1/picosd~1.1/gcc-ar~1/bin/../lib/gcc/arm-none-eabi/10.3.1/../../../../arm-none-eabi/lib/thumb/v6-m/nofp\libg.a(lib_a-impure.o)
                              c:/progra~1/raspbe~1/picosd~1.1/gcc-ar~1/bin/../lib/gcc/arm-none-eabi/10.3.1/../../../../arm-none-eabi/lib/thumb/v6-m/nofp\libg.a(lib_a-calloc.o) (_impure_ptr)
c:/progra~1/raspbe~1/picosd~1.1/gcc-ar~1/bin/../lib/gcc/arm-none-eabi/10.3.1/../../../../arm-none-eabi/lib/thumb/v6-m/nofp\libg.a(lib_a-init.o)
                              c:/progra~1/raspbe~1/picosd~1.1/gcc-ar~1/bin/../lib/gcc/arm-none-eabi/10.3.1/../../../../arm-none-eabi/lib/thumb/v6-m/nofp/crt0.o (__libc_init_array)
c:/progra~1/raspbe~1/picosd~1.1/gcc-ar~1/bin/../lib/gcc/arm-none-eabi/10.3.1/../../../../arm-none-eabi/lib/thumb/v6-m/nofp\libg.a(lib_a-malloc.o)
                              CMakeFiles/dac.dir/C_/Program_Files/Raspberry_Pi/Pico_SDK_v1.5.1/pico-sdk/src/rp2_common/pico_malloc/pico_malloc.c.obj (malloc)
c:/progra~1/raspbe~1/picosd~1.1/gcc-ar~1/bin/../lib/gcc/arm-none-eabi/10.3.1/../../../../arm-none-eabi/lib/thumb/v6-m/nofp\libg.a(lib_a-mallocr.o)
                              c:/progra~1/raspbe~1/picosd~1.1/gcc-ar~1/bin/../lib/gcc/arm-none-eabi/10.3.1/../../../../arm-none-eabi/lib/thumb/v6-m/nofp\libg.a(lib_a-callocr.o) (_malloc_r)
c:/progra~1/raspbe~1/picosd~1.1/gcc-ar~1/bin/../lib/gcc/arm-none-eabi/10.3.1/../../../../arm-none-eabi/lib/thumb/v6-m/nofp\libg.a(lib_a-mlock.o)
                              c:/progra~1/raspbe~1/picosd~1.1/gcc-ar~1/bin/../lib/gcc/arm-none-eabi/10.3.1/../../../../arm-none-eabi/lib/thumb/v6-m/nofp\libg.a(lib_a-mallocr.o) (__malloc_lock)
c:/progra~1/raspbe~1/picosd~1.1/gcc-ar~1/bin/../lib/gcc/arm-none-eabi/10.3.1/../../../../arm-none-eabi/lib/thumb/v6-m/nofp\libg.a(lib_a-realloc.o)
                              CMakeFiles/dac.dir/C_/Program_Files/Raspberry_Pi/Pico_SDK_v1.5.1/pico-sdk/src/rp2_common/pico_malloc/pico_malloc.c.obj (realloc)
c:/progra~1/raspbe~1/picosd~1.1/gcc-ar~1/bin/../lib/gcc/arm-none-eabi/10.3.1/../../../../arm-none-eabi/lib/thumb/v6-m/nofp\libg.a(lib_a-reallocr.o)
                              c:/progra~1/raspbe~1/picosd~1.1/gcc-ar~1/bin/../lib/gcc/arm-none-eabi/10.3.1/../../../../arm-none-eabi/lib/thumb/v6-m/nofp\libg.a(lib_a-realloc.o) (_realloc_r)
c:/progra~1/raspbe~1/picosd~1.1/gcc-ar~1/bin/../lib/gcc/arm-none-eabi/10.3.1/../../../../arm-none-eabi/lib/thumb/v6-m/nofp\libg.a(lib_a-sbrkr.o)
                              c:/progra~1/raspbe~1/picosd~1.1/gcc-ar~1/bin/../lib/gcc/arm-none-eabi/10.3.1/../../../../arm-none-eabi/lib/thumb/v6-m/nofp\libg.a(lib_a-mallocr.o) (_sbrk_r)
c:/progra~1/raspbe~1/picosd~1.1/gcc-ar~1/bin/../lib/gcc/arm-none-eabi/10.3.1/../../../../arm-none-eabi/lib/thumb/v6-m/nofp\libg.a(lib_a-strlen-stub.o)
                              CMakeFiles/dac.dir/C_/Program_Files/Raspberry_Pi/Pico_SDK_v1.5.1/pico-sdk/src/rp2_common/pico_stdio/stdio.c.obj (strlen)
c:/progra~1/raspbe~1/picosd~1.1/gcc-ar~1/bin/../lib/gcc/arm-none-eabi/10.3.1/../../../../arm-none-eabi/lib/thumb/v6-m/nofp\libg.a(lib_a-freer.o)
                              c:/progra~1/raspbe~1/picosd~1.1/gcc-ar~1/bin/../lib/gcc/arm-none-eabi/10.3.1/../../../../arm-none-eabi/lib/thumb/v6-m/nofp\libg.a(lib_a-malloc.o) (_free_r)
c:/progra~1/raspbe~1/picosd~1.1/gcc-ar~1/bin/../lib/gcc/arm-none-eabi/10.3.1/../../../../arm-none-eabi/lib/thumb/v6-m/nofp\libg.a(lib_a-lock.o)
                              c:/progra~1/raspbe~1/picosd~1.1/gcc-ar~1/bin/../lib/gcc/arm-none-eabi/10.3.1/../../../../arm-none-eabi/lib/thumb/v6-m/nofp\libg.a(lib_a-mlock.o) (__retarget_lock_acquire_recursive)
[...]
Memory Configuration

Name             Origin             Length             Attributes
FLASH            0x10000000         0x00200000         xr
RAM              0x20000000         0x00040000         xrw
SCRATCH_X        0x20040000         0x00001000         xrw
SCRATCH_Y        0x20041000         0x00001000         xrw
*default*        0x00000000         0xffffffff

Linker script and memory map

LOAD c:/progra~1/raspbe~1/picosd~1.1/gcc-ar~1/bin/../lib/gcc/arm-none-eabi/10.3.1/thumb/v6-m/nofp/crti.o
LOAD c:/progra~1/raspbe~1/picosd~1.1/gcc-ar~1/bin/../lib/gcc/arm-none-eabi/10.3.1/thumb/v6-m/nofp/crtbegin.o
LOAD c:/progra~1/raspbe~1/picosd~1.1/gcc-ar~1/bin/../lib/gcc/arm-none-eabi/10.3.1/../../../../arm-none-eabi/lib/thumb/v6-m/nofp/crt0.o

.flash_begin    0x10000000        0x0
                0x10000000                __flash_binary_start = .

.boot2          0x10000000      0x100
                0x10000000                __boot2_start__ = .
 *(.boot2)
 .boot2         0x10000000      0x100 C:\Users\maxim\AppData\Local\Temp\ccAGJ6aS.o
                0x10000100                __boot2_end__ = .
                0x00000001                ASSERT (((__boot2_end__ - __boot2_start__) == 0x100), ERROR: Pico second stage bootloader must be 256 bytes in size)

.text           0x10000100     0x7700
                0x10000100                __logical_binary_start = .
 *(.vectors)
 .vectors       0x10000100       0xd4 CMakeFiles/dac.dir/C_/Program_Files/Raspberry_Pi/Pico_SDK_v1.5.1/pico-sdk/src/rp2_common/pico_standard_link/crt0.S.obj
                0x10000100                __VECTOR_TABLE
                0x10000100                __vectors
                0x100001c0                isr_invalid
                0x100001c0                __default_isrs_start
                0x100001c2                isr_nmi
                0x100001c4                isr_hardfault
                0x100001c6                isr_svcall
                0x100001c8                isr_pendsv
                0x100001ca                isr_systick
                0x100001cc                isr_irq23
                0x100001cc                isr_irq18
                0x100001cc                isr_irq11
                0x100001cc                isr_irq28
                0x100001cc                isr_irq19
                0x100001cc                isr_irq0
                0x100001cc                isr_irq6
                0x100001cc                isr_irq5
                0x100001cc                isr_irq12
                0x100001cc                isr_irq22
                0x100001cc                isr_irq31
                0x100001cc                isr_irq17
                0x100001cc                isr_irq27
                0x100001cc                isr_irq30
                0x100001cc                isr_irq2
                0x100001cc                isr_irq10
                0x100001cc                isr_irq8
                0x100001cc                isr_irq24
                0x100001cc                isr_irq1
                0x100001cc                isr_irq7
                0x100001cc                isr_irq21
                0x100001cc                isr_irq20
                0x100001cc                isr_irq15
                0x100001cc                isr_irq25
                0x100001cc                isr_irq13
                0x100001cc                __unhandled_user_irq
                0x100001cc                isr_irq4
                0x100001cc                isr_irq16
                0x100001cc                isr_irq29
                0x100001cc                isr_irq26
                0x100001cc                __default_isrs_end
                0x100001cc                isr_irq3
                0x100001cc                isr_irq14
                0x100001cc                isr_irq9
                0x100001d2                unhandled_user_irq_num_in_r0
 *(.binary_info_header)
 .binary_info_header
                0x100001d4       0x14 CMakeFiles/dac.dir/C_/Program_Files/Raspberry_Pi/Pico_SDK_v1.5.1/pico-sdk/src/rp2_common/pico_standard_link/crt0.S.obj
                0x100001e8                __binary_info_header_end = .
 *(.reset)
 .reset         0x100001e8       0xa0 CMakeFiles/dac.dir/C_/Program_Files/Raspberry_Pi/Pico_SDK_v1.5.1/pico-sdk/src/rp2_common/pico_standard_link/crt0.S.obj
                0x100001e8                _entry_point
 .reset         0x10000288       0x30 CMakeFiles/dac.dir/C_/Program_Files/Raspberry_Pi/Pico_SDK_v1.5.1/pico-sdk/src/rp2_common/pico_standard_link/binary_info.c.obj
 *(.init)
 .init          0x100002b8        0x4 c:/progra~1/raspbe~1/picosd~1.1/gcc-ar~1/bin/../lib/gcc/arm-none-eabi/10.3.1/thumb/v6-m/nofp/crti.o
                0x100002b8                _init
 *(EXCLUDE_FILE(*libm.a: *libc.a:*lib_a-mem*.o *libgcc.a:) .text*)
 .text          0x100002bc       0x48 c:/progra~1/raspbe~1/picosd~1.1/gcc-ar~1/bin/../lib/gcc/arm-none-eabi/10.3.1/thumb/v6-m/nofp/crtbegin.o
 .text.write_register
                0x10000304       0x48 CMakeFiles/dac.dir/dac.c.obj
 .text.main     0x1000034c      0x118 CMakeFiles/dac.dir/dac.c.obj
                0x1000034c                main
 .text.gpio_set_function
                0x10000464       0x30 CMakeFiles/dac.dir/C_/Program_Files/Raspberry_Pi/Pico_SDK_v1.5.1/pico-sdk/src/rp2_common/hardware_gpio/gpio.c.obj
                0x10000464                gpio_set_function
 .text.gpio_init
                0x10000494       0x16 CMakeFiles/dac.dir/C_/Program_Files/Raspberry_Pi/Pico_SDK_v1.5.1/pico-sdk/src/rp2_common/hardware_gpio/gpio.c.obj
                0x10000494                gpio_init
 *fill*         0x100004aa        0x2 
 .text.running_on_fpga
                0x100004ac       0x14 CMakeFiles/dac.dir/C_/Program_Files/Raspberry_Pi/Pico_SDK_v1.5.1/pico-sdk/src/rp2_common/pico_platform/platform.c.obj
                0x100004ac                running_on_fpga
 .text.hw_claim_lock
                0x100004c0       0x18 CMakeFiles/dac.dir/C_/Program_Files/Raspberry_Pi/Pico_SDK_v1.5.1/pico-sdk/src/rp2_common/hardware_claim/claim.c.obj
                0x100004c0                hw_claim_lock
 .text.hw_claim_unlock
                0x100004d8       0x14 CMakeFiles/dac.dir/C_/Program_Files/Raspberry_Pi/Pico_SDK_v1.5.1/pico-sdk/src/rp2_common/hardware_claim/claim.c.obj
                0x100004d8                hw_claim_unlock
 .text.hw_claim_or_assert
                0x100004ec       0x32 CMakeFiles/dac.dir/C_/Program_Files/Raspberry_Pi/Pico_SDK_v1.5.1/pico-sdk/src/rp2_common/hardware_claim/claim.c.obj
                0x100004ec                hw_claim_or_assert
 .text.hw_claim_unused_from_range
                0x1000051e       0x50 CMakeFiles/dac.dir/C_/Program_Files/Raspberry_Pi/Pico_SDK_v1.5.1/pico-sdk/src/rp2_common/hardware_claim/claim.c.obj
                0x1000051e                hw_claim_unused_from_range
 *fill*         0x1000056e        0x2 
 .text.spin_locks_reset
                0x10000570       0x20 CMakeFiles/dac.dir/C_/Program_Files/Raspberry_Pi/Pico_SDK_v1.5.1/pico-sdk/src/rp2_common/hardware_sync/sync.c.obj
                0x10000570                spin_locks_reset
 .text.next_striped_spin_lock_num
                0x10000590       0x1c CMakeFiles/dac.dir/C_/Program_Files/Raspberry_Pi/Pico_SDK_v1.5.1/pico-sdk/src/rp2_common/hardware_sync/sync.c.obj
                0x10000590                next_striped_spin_lock_num
 .text.spin_lock_claim_unused
                0x100005ac       0x20 CMakeFiles/dac.dir/C_/Program_Files/Raspberry_Pi/Pico_SDK_v1.5.1/pico-sdk/src/rp2_common/hardware_sync/sync.c.obj
                0x100005ac                spin_lock_claim_unused
 .text.set_raw_irq_handler_and_unlock
                0x100005cc       0x28 CMakeFiles/dac.dir/C_/Program_Files/Raspberry_Pi/Pico_SDK_v1.5.1/pico-sdk/src/rp2_common/hardware_irq/irq.c.obj
 .text.make_branch
                0x100005f4       0x48 CMakeFiles/dac.dir/C_/Program_Files/Raspberry_Pi/Pico_SDK_v1.5.1/pico-sdk/src/rp2_common/hardware_irq/irq.c.obj
 .text.insert_branch_and_link
                0x1000063c       0x40 CMakeFiles/dac.dir/C_/Program_Files/Raspberry_Pi/Pico_SDK_v1.5.1/pico-sdk/src/rp2_common/hardware_irq/irq.c.obj
 .text.irq_is_enabled
                0x1000067c       0x18 CMakeFiles/dac.dir/C_/Program_Files/Raspberry_Pi/Pico_SDK_v1.5.1/pico-sdk/src/rp2_common/hardware_irq/irq.c.obj
                0x1000067c                irq_is_enabled
 .text.irq_set_mask_enabled
                0x10000694       0x20 CMakeFiles/dac.dir/C_/Program_Files/Raspberry_Pi/Pico_SDK_v1.5.1/pico-sdk/src/rp2_common/hardware_irq/irq.c.obj
                0x10000694                irq_set_mask_enabled
 .text.irq_set_enabled
                0x100006b4        0xe CMakeFiles/dac.dir/C_/Program_Files/Raspberry_Pi/Pico_SDK_v1.5.1/pico-sdk/src/rp2_common/hardware_irq/irq.c.obj
                0x100006b4                irq_set_enabled
 *fill*         0x100006c2        0x2 
 .text.irq_set_pending
                0x100006c4       0x10 CMakeFiles/dac.dir/C_/Program_Files/Raspberry_Pi/Pico_SDK_v1.5.1/pico-sdk/src/rp2_common/hardware_irq/irq.c.obj
                0x100006c4                irq_set_pending
 .text.irq_get_vtable_handler
                0x100006d4       0x10 CMakeFiles/dac.dir/C_/Program_Files/Raspberry_Pi/Pico_SDK_v1.5.1/pico-sdk/src/rp2_common/hardware_irq/irq.c.obj
                0x100006d4                irq_get_vtable_handler
 .text.irq_has_shared_handler
                0x100006e4       0x24 CMakeFiles/dac.dir/C_/Program_Files/Raspberry_Pi/Pico_SDK_v1.5.1/pico-sdk/src/rp2_common/hardware_irq/irq.c.obj
                0x100006e4                irq_has_shared_handler
 .text.irq_set_exclusive_handler
                0x10000708       0x54 CMakeFiles/dac.dir/C_/Program_Files/Raspberry_Pi/Pico_SDK_v1.5.1/pico-sdk/src/rp2_common/hardware_irq/irq.c.obj
                0x10000708                irq_set_exclusive_handler
 .text.irq_add_shared_handler
                0x1000075c      0x234 CMakeFiles/dac.dir/C_/Program_Files/Raspberry_Pi/Pico_SDK_v1.5.1/pico-sdk/src/rp2_common/hardware_irq/irq.c.obj
                0x1000075c                irq_add_shared_handler
 .text.irq_remove_handler
                0x10000990      0x1ac CMakeFiles/dac.dir/C_/Program_Files/Raspberry_Pi/Pico_SDK_v1.5.1/pico-sdk/src/rp2_common/hardware_irq/irq.c.obj
                0x10000990                irq_remove_handler
 .text.irq_add_tail_to_free_list
                0x10000b3c       0xf0 CMakeFiles/dac.dir/C_/Program_Files/Raspberry_Pi/Pico_SDK_v1.5.1/pico-sdk/src/rp2_common/hardware_irq/irq.c.obj
                0x10000b3c                irq_add_tail_to_free_list
 .text.irq_init_priorities
                0x10000c2c       0x1c CMakeFiles/dac.dir/C_/Program_Files/Raspberry_Pi/Pico_SDK_v1.5.1/pico-sdk/src/rp2_common/hardware_irq/irq.c.obj
                0x10000c2c                irq_init_priorities
 .text.user_irq_claim_unused
                0x10000c48       0x28 CMakeFiles/dac.dir/C_/Program_Files/Raspberry_Pi/Pico_SDK_v1.5.1/pico-sdk/src/rp2_common/hardware_irq/irq.c.obj
                0x10000c48                user_irq_claim_unused
 .text.lock_init
                0x10000c70       0x10 CMakeFiles/dac.dir/C_/Program_Files/Raspberry_Pi/Pico_SDK_v1.5.1/pico-sdk/src/common/pico_sync/lock_core.c.obj
                0x10000c70                lock_init
 .text.mutex_init
                0x10000c80       0x1a CMakeFiles/dac.dir/C_/Program_Files/Raspberry_Pi/Pico_SDK_v1.5.1/pico-sdk/src/common/pico_sync/mutex.c.obj
                0x10000c80                mutex_init
 .text.recursive_mutex_init
                0x10000c9a       0x1e CMakeFiles/dac.dir/C_/Program_Files/Raspberry_Pi/Pico_SDK_v1.5.1/pico-sdk/src/common/pico_sync/mutex.c.obj
                0x10000c9a                recursive_mutex_init
 .text.critical_section_init_with_lock_num
                0x10000cb8       0x14 CMakeFiles/dac.dir/C_/Program_Files/Raspberry_Pi/Pico_SDK_v1.5.1/pico-sdk/src/common/pico_sync/critical_section.c.obj
                0x10000cb8                critical_section_init_with_lock_num
 .text.critical_section_init
                0x10000ccc       0x14 CMakeFiles/dac.dir/C_/Program_Files/Raspberry_Pi/Pico_SDK_v1.5.1/pico-sdk/src/common/pico_sync/critical_section.c.obj
                0x10000ccc                critical_section_init
 .text.alarm_pool_post_alloc_init
                0x10000ce0       0x40 CMakeFiles/dac.dir/C_/Program_Files/Raspberry_Pi/Pico_SDK_v1.5.1/pico-sdk/src/common/pico_time/time.c.obj
 .text.sleep_until_callback
                0x10000d20       0x30 CMakeFiles/dac.dir/C_/Program_Files/Raspberry_Pi/Pico_SDK_v1.5.1/pico-sdk/src/common/pico_time/time.c.obj
 .text.timer_pool_entry_comparator
                0x10000d50       0x7c CMakeFiles/dac.dir/C_/Program_Files/Raspberry_Pi/Pico_SDK_v1.5.1/pico-sdk/src/common/pico_time/time.c.obj
                0x10000d50                timer_pool_entry_comparator
 .text.ph_add_child_node
                0x10000dcc       0xa4 CMakeFiles/dac.dir/C_/Program_Files/Raspberry_Pi/Pico_SDK_v1.5.1/pico-sdk/src/common/pico_time/time.c.obj
 .text.ph_merge_nodes
                0x10000e70       0x3e CMakeFiles/dac.dir/C_/Program_Files/Raspberry_Pi/Pico_SDK_v1.5.1/pico-sdk/src/common/pico_time/time.c.obj
 *fill*         0x10000eae        0x2 
 .text.add_alarm_under_lock
                0x10000eb0      0x174 CMakeFiles/dac.dir/C_/Program_Files/Raspberry_Pi/Pico_SDK_v1.5.1/pico-sdk/src/common/pico_time/time.c.obj
 .text.alarm_pool_alarm_callback
                0x10001024      0x33c CMakeFiles/dac.dir/C_/Program_Files/Raspberry_Pi/Pico_SDK_v1.5.1/pico-sdk/src/common/pico_time/time.c.obj
 .text.alarm_pool_init_default
                0x10001360       0x40 CMakeFiles/dac.dir/C_/Program_Files/Raspberry_Pi/Pico_SDK_v1.5.1/pico-sdk/src/common/pico_time/time.c.obj
                0x10001360                alarm_pool_init_default
 .text.alarm_pool_get_default
                0x100013a0       0x2c CMakeFiles/dac.dir/C_/Program_Files/Raspberry_Pi/Pico_SDK_v1.5.1/pico-sdk/src/common/pico_time/time.c.obj
                0x100013a0                alarm_pool_get_default
 .text.alarm_pool_add_alarm_at
                0x100013cc      0x168 CMakeFiles/dac.dir/C_/Program_Files/Raspberry_Pi/Pico_SDK_v1.5.1/pico-sdk/src/common/pico_time/time.c.obj
                0x100013cc                alarm_pool_add_alarm_at
 .text.alarm_pool_cancel_alarm
                0x10001534       0xf8 CMakeFiles/dac.dir/C_/Program_Files/Raspberry_Pi/Pico_SDK_v1.5.1/pico-sdk/src/common/pico_time/time.c.obj
                0x10001534                alarm_pool_cancel_alarm
 .text.alarm_pool_core_num
                0x1000162c        0x4 CMakeFiles/dac.dir/C_/Program_Files/Raspberry_Pi/Pico_SDK_v1.5.1/pico-sdk/src/common/pico_time/time.c.obj
                0x1000162c                alarm_pool_core_num
 .text.sleep_until
                0x10001630       0xfc CMakeFiles/dac.dir/C_/Program_Files/Raspberry_Pi/Pico_SDK_v1.5.1/pico-sdk/src/common/pico_time/time.c.obj
                0x10001630                sleep_until
 .text.sleep_us
                0x1000172c       0x58 CMakeFiles/dac.dir/C_/Program_Files/Raspberry_Pi/Pico_SDK_v1.5.1/pico-sdk/src/common/pico_time/time.c.obj
                0x1000172c                sleep_us
 .text.sleep_ms
                0x10001784       0x14 CMakeFiles/dac.dir/C_/Program_Files/Raspberry_Pi/Pico_SDK_v1.5.1/pico-sdk/src/common/pico_time/time.c.obj
                0x10001784                sleep_ms
 .text.best_effort_wfe_or_timeout
                0x10001798       0xac CMakeFiles/dac.dir/C_/Program_Files/Raspberry_Pi/Pico_SDK_v1.5.1/pico-sdk/src/common/pico_time/time.c.obj
                0x10001798                best_effort_wfe_or_timeout
 .text.hardware_alarm_irq_handler
                0x10001844       0x90 CMakeFiles/dac.dir/C_/Program_Files/Raspberry_Pi/Pico_SDK_v1.5.1/pico-sdk/src/rp2_common/hardware_timer/timer.c.obj
 .text.hardware_alarm_claim
                0x100018d4       0x18 CMakeFiles/dac.dir/C_/Program_Files/Raspberry_Pi/Pico_SDK_v1.5.1/pico-sdk/src/rp2_common/hardware_timer/timer.c.obj
                0x100018d4                hardware_alarm_claim
 .text.time_us_64
                0x100018ec       0x18 CMakeFiles/dac.dir/C_/Program_Files/Raspberry_Pi/Pico_SDK_v1.5.1/pico-sdk/src/rp2_common/hardware_timer/timer.c.obj
                0x100018ec                time_us_64
 .text.busy_wait_until
                0x10001904       0x28 CMakeFiles/dac.dir/C_/Program_Files/Raspberry_Pi/Pico_SDK_v1.5.1/pico-sdk/src/rp2_common/hardware_timer/timer.c.obj
                0x10001904                busy_wait_until
 .text.hardware_alarm_set_callback
                0x1000192c       0x90 CMakeFiles/dac.dir/C_/Program_Files/Raspberry_Pi/Pico_SDK_v1.5.1/pico-sdk/src/rp2_common/hardware_timer/timer.c.obj
                0x1000192c                hardware_alarm_set_callback
 .text.hardware_alarm_set_target
                0x100019bc       0xe8 CMakeFiles/dac.dir/C_/Program_Files/Raspberry_Pi/Pico_SDK_v1.5.1/pico-sdk/src/rp2_common/hardware_timer/timer.c.obj
                0x100019bc                hardware_alarm_set_target
 .text.hardware_alarm_cancel
                0x10001aa4       0x40 CMakeFiles/dac.dir/C_/Program_Files/Raspberry_Pi/Pico_SDK_v1.5.1/pico-sdk/src/rp2_common/hardware_timer/timer.c.obj
                0x10001aa4                hardware_alarm_cancel
 .text.ph_add_child_node
                0x10001ae4       0xa4 CMakeFiles/dac.dir/C_/Program_Files/Raspberry_Pi/Pico_SDK_v1.5.1/pico-sdk/src/common/pico_util/pheap.c.obj
 .text.ph_merge_nodes
                0x10001b88       0x3e CMakeFiles/dac.dir/C_/Program_Files/Raspberry_Pi/Pico_SDK_v1.5.1/pico-sdk/src/common/pico_util/pheap.c.obj
 *fill*         0x10001bc6        0x2 
 .text.ph_clear
                0x10001bc8       0x70 CMakeFiles/dac.dir/C_/Program_Files/Raspberry_Pi/Pico_SDK_v1.5.1/pico-sdk/src/common/pico_util/pheap.c.obj
                0x10001bc8                ph_clear
 .text.ph_post_alloc_init
                0x10001c38        0xe CMakeFiles/dac.dir/C_/Program_Files/Raspberry_Pi/Pico_SDK_v1.5.1/pico-sdk/src/common/pico_util/pheap.c.obj
                0x10001c38                ph_post_alloc_init
 *fill*         0x10001c46        0x2 
 .text.ph_merge_two_pass
                0x10001c48       0xa8 CMakeFiles/dac.dir/C_/Program_Files/Raspberry_Pi/Pico_SDK_v1.5.1/pico-sdk/src/common/pico_util/pheap.c.obj
                0x10001c48                ph_merge_two_pass
 .text.ph_remove_any_head
                0x10001cf0      0x128 CMakeFiles/dac.dir/C_/Program_Files/Raspberry_Pi/Pico_SDK_v1.5.1/pico-sdk/src/common/pico_util/pheap.c.obj
 .text.ph_remove_head
                0x10001e18       0x14 CMakeFiles/dac.dir/C_/Program_Files/Raspberry_Pi/Pico_SDK_v1.5.1/pico-sdk/src/common/pico_util/pheap.c.obj
                0x10001e18                ph_remove_head
 .text.ph_remove_and_free_node
                0x10001e2c       0xf8 CMakeFiles/dac.dir/C_/Program_Files/Raspberry_Pi/Pico_SDK_v1.5.1/pico-sdk/src/common/pico_util/pheap.c.obj
                0x10001e2c                ph_remove_and_free_node
 .text.clock_configure
                0x10001f24      0x108 CMakeFiles/dac.dir/C_/Program_Files/Raspberry_Pi/Pico_SDK_v1.5.1/pico-sdk/src/rp2_common/hardware_clocks/clocks.c.obj
                0x10001f24                clock_configure
 .text.clocks_init
                0x1000202c      0x100 CMakeFiles/dac.dir/C_/Program_Files/Raspberry_Pi/Pico_SDK_v1.5.1/pico-sdk/src/rp2_common/hardware_clocks/clocks.c.obj
                0x1000202c                clocks_init
 .text.clock_get_hz
                0x1000212c        0xc CMakeFiles/dac.dir/C_/Program_Files/Raspberry_Pi/Pico_SDK_v1.5.1/pico-sdk/src/rp2_common/hardware_clocks/clocks.c.obj
                0x1000212c                clock_get_hz
 .text.pll_init
                0x10002138      0x120 CMakeFiles/dac.dir/C_/Program_Files/Raspberry_Pi/Pico_SDK_v1.5.1/pico-sdk/src/rp2_common/hardware_pll/pll.c.obj
                0x10002138                pll_init
 .text.watchdog_start_tick
                0x10002258       0x10 CMakeFiles/dac.dir/C_/Program_Files/Raspberry_Pi/Pico_SDK_v1.5.1/pico-sdk/src/rp2_common/hardware_watchdog/watchdog.c.obj
                0x10002258                watchdog_start_tick
 .text.watchdog_update
                0x10002268       0x14 CMakeFiles/dac.dir/C_/Program_Files/Raspberry_Pi/Pico_SDK_v1.5.1/pico-sdk/src/rp2_common/hardware_watchdog/watchdog.c.obj
                0x10002268                watchdog_update
 .text._watchdog_enable
                0x1000227c       0x78 CMakeFiles/dac.dir/C_/Program_Files/Raspberry_Pi/Pico_SDK_v1.5.1/pico-sdk/src/rp2_common/hardware_watchdog/watchdog.c.obj
                0x1000227c                _watchdog_enable
 .text.watchdog_reboot
                0x100022f4       0x48 CMakeFiles/dac.dir/C_/Program_Files/Raspberry_Pi/Pico_SDK_v1.5.1/pico-sdk/src/rp2_common/hardware_watchdog/watchdog.c.obj
                0x100022f4                watchdog_reboot
 .text.xosc_init
                0x1000233c       0x28 CMakeFiles/dac.dir/C_/Program_Files/Raspberry_Pi/Pico_SDK_v1.5.1/pico-sdk/src/rp2_common/hardware_xosc/xosc.c.obj
                0x1000233c                xosc_init
 .text._exit    0x10002364        0x4 CMakeFiles/dac.dir/C_/Program_Files/Raspberry_Pi/Pico_SDK_v1.5.1/pico-sdk/src/rp2_common/pico_runtime/runtime.c.obj
                0x10002364                _exit
 .text.exit     0x10002368        0x6 CMakeFiles/dac.dir/C_/Program_Files/Raspberry_Pi/Pico_SDK_v1.5.1/pico-sdk/src/rp2_common/pico_runtime/runtime.c.obj
                0x10002368                exit
 *fill*         0x1000236e        0x2 
 .text.__assert_func
                0x10002370       0x3c CMakeFiles/dac.dir/C_/Program_Files/Raspberry_Pi/Pico_SDK_v1.5.1/pico-sdk/src/rp2_common/pico_runtime/runtime.c.obj
                0x10002370                __assert_func
 .text.runtime_init
                0x100023ac       0xf8 CMakeFiles/dac.dir/C_/Program_Files/Raspberry_Pi/Pico_SDK_v1.5.1/pico-sdk/src/rp2_common/pico_runtime/runtime.c.obj
                0x100023ac                runtime_init
 .text.panic    0x100024a4       0x30 CMakeFiles/dac.dir/C_/Program_Files/Raspberry_Pi/Pico_SDK_v1.5.1/pico-sdk/src/rp2_common/pico_runtime/runtime.c.obj
                0x100024a4                panic
 .text._out_null
                0x100024d4        0x2 CMakeFiles/dac.dir/C_/Program_Files/Raspberry_Pi/Pico_SDK_v1.5.1/pico-sdk/src/rp2_common/pico_printf/printf.c.obj
 .text._out_fct
                0x100024d6        0xe CMakeFiles/dac.dir/C_/Program_Files/Raspberry_Pi/Pico_SDK_v1.5.1/pico-sdk/src/rp2_common/pico_printf/printf.c.obj
 .text._atoi    0x100024e4       0x24 CMakeFiles/dac.dir/C_/Program_Files/Raspberry_Pi/Pico_SDK_v1.5.1/pico-sdk/src/rp2_common/pico_printf/printf.c.obj
 .text._out_rev
                0x10002508       0xae CMakeFiles/dac.dir/C_/Program_Files/Raspberry_Pi/Pico_SDK_v1.5.1/pico-sdk/src/rp2_common/pico_printf/printf.c.obj
 .text._ntoa_format
                0x100025b6      0x112 CMakeFiles/dac.dir/C_/Program_Files/Raspberry_Pi/Pico_SDK_v1.5.1/pico-sdk/src/rp2_common/pico_printf/printf.c.obj
 .text._ntoa_long
                0x100026c8       0xbc CMakeFiles/dac.dir/C_/Program_Files/Raspberry_Pi/Pico_SDK_v1.5.1/pico-sdk/src/rp2_common/pico_printf/printf.c.obj
 .text._ntoa_long_long
                0x10002784       0xe2 CMakeFiles/dac.dir/C_/Program_Files/Raspberry_Pi/Pico_SDK_v1.5.1/pico-sdk/src/rp2_common/pico_printf/printf.c.obj
 *fill*         0x10002866        0x2 
 .text._etoa    0x10002868      0x414 CMakeFiles/dac.dir/C_/Program_Files/Raspberry_Pi/Pico_SDK_v1.5.1/pico-sdk/src/rp2_common/pico_printf/printf.c.obj
 .text._ftoa    0x10002c7c      0x354 CMakeFiles/dac.dir/C_/Program_Files/Raspberry_Pi/Pico_SDK_v1.5.1/pico-sdk/src/rp2_common/pico_printf/printf.c.obj
 .text._vsnprintf
                0x10002fd0      0x624 CMakeFiles/dac.dir/C_/Program_Files/Raspberry_Pi/Pico_SDK_v1.5.1/pico-sdk/src/rp2_common/pico_printf/printf.c.obj
 .text.vfctprintf
                0x100035f4       0x20 CMakeFiles/dac.dir/C_/Program_Files/Raspberry_Pi/Pico_SDK_v1.5.1/pico-sdk/src/rp2_common/pico_printf/printf.c.obj
                0x100035f4                vfctprintf
 .text          0x10003614       0x10 CMakeFiles/dac.dir/C_/Program_Files/Raspberry_Pi/Pico_SDK_v1.5.1/pico-sdk/src/rp2_common/pico_bit_ops/bit_ops_aeabi.S.obj
 .text.rom_func_lookup
                0x10003624       0x10 CMakeFiles/dac.dir/C_/Program_Files/Raspberry_Pi/Pico_SDK_v1.5.1/pico-sdk/src/rp2_common/pico_bootrom/bootrom.c.obj
                0x10003624                rom_func_lookup
 .text.rom_data_lookup
                0x10003634       0x10 CMakeFiles/dac.dir/C_/Program_Files/Raspberry_Pi/Pico_SDK_v1.5.1/pico-sdk/src/rp2_common/pico_bootrom/bootrom.c.obj
                0x10003634                rom_data_lookup
 .text.rom_funcs_lookup
                0x10003644       0x36 CMakeFiles/dac.dir/C_/Program_Files/Raspberry_Pi/Pico_SDK_v1.5.1/pico-sdk/src/rp2_common/pico_bootrom/bootrom.c.obj
                0x10003644                rom_funcs_lookup
 *fill*         0x1000367a        0x2 
 .text.__wrap___aeabi_idiv
                0x1000367c       0x50 CMakeFiles/dac.dir/C_/Program_Files/Raspberry_Pi/Pico_SDK_v1.5.1/pico-sdk/src/rp2_common/pico_divider/divider.S.obj
                0x1000367c                __wrap___aeabi_idivmod
                0x1000367c                divmod_s32s32
                0x1000367c                div_s32s32
                0x1000367c                __wrap___aeabi_idiv
                0x10003684                divmod_s32s32_unsafe
                0x100036b0                divmod_s32s32_savestate
 .text.__wrap___aeabi_uidiv
                0x100036cc       0x4c CMakeFiles/dac.dir/C_/Program_Files/Raspberry_Pi/Pico_SDK_v1.5.1/pico-sdk/src/rp2_common/pico_divider/divider.S.obj
                0x100036cc                __wrap___aeabi_uidiv
                0x100036cc                __wrap___aeabi_uidivmod
                0x100036cc                div_u32u32
                0x100036cc                divmod_u32u32
                0x100036d4                divmod_u32u32_unsafe
                0x100036fc                divmod_u32u32_savestate
 .text.__wrap___aeabi_ldiv
                0x10003718      0x424 CMakeFiles/dac.dir/C_/Program_Files/Raspberry_Pi/Pico_SDK_v1.5.1/pico-sdk/src/rp2_common/pico_divider/divider.S.obj
                0x10003718                div_s64s64
                0x10003718                divmod_s64s64
                0x10003718                __wrap___aeabi_ldivmod
                0x10003748                divmod_u64u64
                0x10003748                div_u64u64
                0x10003748                __wrap___aeabi_uldivmod
                0x10003758                divmod_u64u64_savestate
                0x10003778                divmod_s64s64_unsafe
                0x10003800                divmod_u64u64_unsafe
 .text.push_r8_r11
                0x10003b3c        0xc CMakeFiles/dac.dir/C_/Program_Files/Raspberry_Pi/Pico_SDK_v1.5.1/pico-sdk/src/rp2_common/pico_double/double_aeabi.S.obj
                0x10003b3c                push_r8_r11
 .text.pop_r8_r11
                0x10003b48        0xc CMakeFiles/dac.dir/C_/Program_Files/Raspberry_Pi/Pico_SDK_v1.5.1/pico-sdk/src/rp2_common/pico_double/double_aeabi.S.obj
                0x10003b48                pop_r8_r11
 .text.__wrap___aeabi_darithmetic
                0x10003b54       0x80 CMakeFiles/dac.dir/C_/Program_Files/Raspberry_Pi/Pico_SDK_v1.5.1/pico-sdk/src/rp2_common/pico_double/double_aeabi.S.obj
                0x10003b54                __wrap___aeabi_drsub
                0x10003b5a                __wrap___aeabi_dsub
                0x10003b6c                __wrap___aeabi_dadd
                0x10003b7e                __wrap___aeabi_ddiv
                0x10003bba                __wrap___aeabi_dmul
 .text.__wrap___aeabi_cdcmple
                0x10003bd4       0x6c CMakeFiles/dac.dir/C_/Program_Files/Raspberry_Pi/Pico_SDK_v1.5.1/pico-sdk/src/rp2_common/pico_double/double_aeabi.S.obj
                0x10003bd4                __wrap___aeabi_cdrcmple
                0x10003be4                __wrap___aeabi_cdcmpeq
                0x10003be4                __wrap___aeabi_cdcmple
 .text.__wrap___aeabi_dcmplt
                0x10003c40        0xc CMakeFiles/dac.dir/C_/Program_Files/Raspberry_Pi/Pico_SDK_v1.5.1/pico-sdk/src/rp2_common/pico_double/double_aeabi.S.obj
                0x10003c40                __wrap___aeabi_dcmplt
 .text.__wrap___aeabi_dcmple
                0x10003c4c       0x10 CMakeFiles/dac.dir/C_/Program_Files/Raspberry_Pi/Pico_SDK_v1.5.1/pico-sdk/src/rp2_common/pico_double/double_aeabi.S.obj
                0x10003c4c                __wrap___aeabi_dcmple
 .text.__wrap___aeabi_dcmpge
                0x10003c5c       0x10 CMakeFiles/dac.dir/C_/Program_Files/Raspberry_Pi/Pico_SDK_v1.5.1/pico-sdk/src/rp2_common/pico_double/double_aeabi.S.obj
                0x10003c5c                __wrap___aeabi_dcmpge
 .text.__wrap___aeabi_dcmpgt
                0x10003c6c        0xa CMakeFiles/dac.dir/C_/Program_Files/Raspberry_Pi/Pico_SDK_v1.5.1/pico-sdk/src/rp2_common/pico_double/double_aeabi.S.obj
                0x10003c6c                __wrap___aeabi_dcmpgt
 .text.__wrap___aeabi_dcmpun
                0x10003c76       0x1c CMakeFiles/dac.dir/C_/Program_Files/Raspberry_Pi/Pico_SDK_v1.5.1/pico-sdk/src/rp2_common/pico_double/double_aeabi.S.obj
                0x10003c76                __wrap___aeabi_dcmpun
 *fill*         0x10003c92        0x2 
 .text.__wrap___aeabi_i2d
                0x10003c94       0x38 CMakeFiles/dac.dir/C_/Program_Files/Raspberry_Pi/Pico_SDK_v1.5.1/pico-sdk/src/rp2_common/pico_double/double_aeabi.S.obj
                0x10003c94                __wrap___aeabi_ui2d
                0x10003c9c                __wrap___aeabi_i2d
 .text.__wrap___aeabi_d2iz
                0x10003ccc       0x48 CMakeFiles/dac.dir/C_/Program_Files/Raspberry_Pi/Pico_SDK_v1.5.1/pico-sdk/src/rp2_common/pico_double/double_aeabi.S.obj
                0x10003ccc                double2int_z
                0x10003ccc                __wrap___aeabi_d2iz
 .text.__wrap___aeabi_d2uiz
                0x10003d14       0x18 CMakeFiles/dac.dir/C_/Program_Files/Raspberry_Pi/Pico_SDK_v1.5.1/pico-sdk/src/rp2_common/pico_double/double_aeabi.S.obj
                0x10003d14                __wrap___aeabi_d2uiz
                0x10003d14                double2uint
 .text.fix642double
                0x10003d2c       0x18 CMakeFiles/dac.dir/C_/Program_Files/Raspberry_Pi/Pico_SDK_v1.5.1/pico-sdk/src/rp2_common/pico_double/double_aeabi.S.obj
                0x10003d2c                fix642double
 .text.__wrap_sincostan_remainder
                0x10003d44       0x14 CMakeFiles/dac.dir/C_/Program_Files/Raspberry_Pi/Pico_SDK_v1.5.1/pico-sdk/src/rp2_common/pico_double/double_aeabi.S.obj
                0x10003d44                sincostan_remainder
 .text.__wrap_sin
                0x10003d58       0x2c CMakeFiles/dac.dir/C_/Program_Files/Raspberry_Pi/Pico_SDK_v1.5.1/pico-sdk/src/rp2_common/pico_double/double_aeabi.S.obj
                0x10003d58                __wrap_sin
 .text.__aeabi_double_init
                0x10003d84       0xc8 CMakeFiles/dac.dir/C_/Program_Files/Raspberry_Pi/Pico_SDK_v1.5.1/pico-sdk/src/rp2_common/pico_double/double_init_rom.c.obj
                0x10003d84                __aeabi_double_init
 .text.drem_0   0x10003e4c      0x130 CMakeFiles/dac.dir/C_/Program_Files/Raspberry_Pi/Pico_SDK_v1.5.1/pico-sdk/src/rp2_common/pico_double/double_math.c.obj
 .text.__wrap_remquo
                0x10003f7c      0x17c CMakeFiles/dac.dir/C_/Program_Files/Raspberry_Pi/Pico_SDK_v1.5.1/pico-sdk/src/rp2_common/pico_double/double_math.c.obj
                0x10003f7c                __wrap_remquo
 .text.__wrap_remainder
                0x100040f8       0x10 CMakeFiles/dac.dir/C_/Program_Files/Raspberry_Pi/Pico_SDK_v1.5.1/pico-sdk/src/rp2_common/pico_double/double_math.c.obj
                0x100040f8                __wrap_remainder
 .text.double_table_shim_on_use_helper
                0x10004108       0x34 CMakeFiles/dac.dir/C_/Program_Files/Raspberry_Pi/Pico_SDK_v1.5.1/pico-sdk/src/rp2_common/pico_double/double_v1_rom_shim.S.obj
                0x10004108                double_table_shim_on_use_helper
 .text.__wrap___aeabi_dsub
                0x1000413c       0x10 CMakeFiles/dac.dir/C_/Program_Files/Raspberry_Pi/Pico_SDK_v1.5.1/pico-sdk/src/rp2_common/pico_double/double_v1_rom_shim.S.obj
                0x1000413c                drsub_shim
                0x10004142                dsub_shim
 .text.dadd_shim
                0x1000414c      0x15c CMakeFiles/dac.dir/C_/Program_Files/Raspberry_Pi/Pico_SDK_v1.5.1/pico-sdk/src/rp2_common/pico_double/double_v1_rom_shim.S.obj
                0x1000414c                dadd_shim
 .text.dmul_shim
                0x100042a8      0x15c CMakeFiles/dac.dir/C_/Program_Files/Raspberry_Pi/Pico_SDK_v1.5.1/pico-sdk/src/rp2_common/pico_double/double_v1_rom_shim.S.obj
                0x100042a8                dmul_shim
 .text.ddiv_shim
                0x10004404      0x1b0 CMakeFiles/dac.dir/C_/Program_Files/Raspberry_Pi/Pico_SDK_v1.5.1/pico-sdk/src/rp2_common/pico_double/double_v1_rom_shim.S.obj
                0x10004404                ddiv_shim
 .text.dcordic_vec_step
                0x100045b4        0xe CMakeFiles/dac.dir/C_/Program_Files/Raspberry_Pi/Pico_SDK_v1.5.1/pico-sdk/src/rp2_common/pico_double/double_v1_rom_shim.S.obj
                0x100045b4                dcordic_vec_step
 .text.dcordic_rot_step
                0x100045c2       0x76 CMakeFiles/dac.dir/C_/Program_Files/Raspberry_Pi/Pico_SDK_v1.5.1/pico-sdk/src/rp2_common/pico_double/double_v1_rom_shim.S.obj
                0x100045c2                dcordic_rot_step
 .text.double2uint_shim
                0x10004638        0xe CMakeFiles/dac.dir/C_/Program_Files/Raspberry_Pi/Pico_SDK_v1.5.1/pico-sdk/src/rp2_common/pico_double/double_v1_rom_shim.S.obj
                0x10004638                double2uint_shim
                0x1000463a                double2ufix_shim
 .text.double2int64_shim
                0x10004646       0x1a CMakeFiles/dac.dir/C_/Program_Files/Raspberry_Pi/Pico_SDK_v1.5.1/pico-sdk/src/rp2_common/pico_double/double_v1_rom_shim.S.obj
                0x10004646                double2int64_shim
                0x10004648                double2fix64_shim
 .text.double2uint64_shim
                0x10004660       0x70 CMakeFiles/dac.dir/C_/Program_Files/Raspberry_Pi/Pico_SDK_v1.5.1/pico-sdk/src/rp2_common/pico_double/double_v1_rom_shim.S.obj
                0x10004660                double2uint64_shim
                0x10004662                double2ufix64_shim
                0x10004682                d2fix_a
 .text.x2double_shims
                0x100046d0       0x90 CMakeFiles/dac.dir/C_/Program_Files/Raspberry_Pi/Pico_SDK_v1.5.1/pico-sdk/src/rp2_common/pico_double/double_v1_rom_shim.S.obj
                0x100046d0                uint2double_shim
                0x100046d2                ufix2double_shim
                0x100046d8                int2double_shim
                0x100046da                fix2double_shim
                0x100046e0                uint642double_shim
                0x100046e2                ufix642double_shim
                0x100046e8                int642double_shim
                0x100046ea                fix642double_shim
 .text.dunpacks
                0x10004760       0x3c CMakeFiles/dac.dir/C_/Program_Files/Raspberry_Pi/Pico_SDK_v1.5.1/pico-sdk/src/rp2_common/pico_double/double_v1_rom_shim.S.obj
                0x10004760                dunpacks
 .text.dreduce  0x1000479c       0x82 CMakeFiles/dac.dir/C_/Program_Files/Raspberry_Pi/Pico_SDK_v1.5.1/pico-sdk/src/rp2_common/pico_double/double_v1_rom_shim.S.obj
                0x1000479c                dreduce
 .text.dsin_shim
                0x1000481e       0x14 CMakeFiles/dac.dir/C_/Program_Files/Raspberry_Pi/Pico_SDK_v1.5.1/pico-sdk/src/rp2_common/pico_double/double_v1_rom_shim.S.obj
                0x1000481e                dsin_shim
 *fill*         0x10004832        0x2 
 .text.dtrig_guts
                0x10004834      0x2ec CMakeFiles/dac.dir/C_/Program_Files/Raspberry_Pi/Pico_SDK_v1.5.1/pico-sdk/src/rp2_common/pico_double/double_v1_rom_shim.S.obj
                0x1000490c                datan2_shim
 .text.__aeabi_lmul
                0x10004b20       0x32 CMakeFiles/dac.dir/C_/Program_Files/Raspberry_Pi/Pico_SDK_v1.5.1/pico-sdk/src/rp2_common/pico_int64_ops/pico_int64_ops_aeabi.S.obj
                0x10004b20                __wrap___aeabi_lmul
 *fill*         0x10004b52        0x2 
 .text.__aeabi_float_init
                0x10004b54       0xfc CMakeFiles/dac.dir/C_/Program_Files/Raspberry_Pi/Pico_SDK_v1.5.1/pico-sdk/src/rp2_common/pico_float/float_init_rom.c.obj
                0x10004b54                __aeabi_float_init
 .text.float_table_shim_on_use_helper
                0x10004c50       0x34 CMakeFiles/dac.dir/C_/Program_Files/Raspberry_Pi/Pico_SDK_v1.5.1/pico-sdk/src/rp2_common/pico_float/float_v1_rom_shim.S.obj
                0x10004c50                float_table_shim_on_use_helper
 .text          0x10004c84       0x10 CMakeFiles/dac.dir/C_/Program_Files/Raspberry_Pi/Pico_SDK_v1.5.1/pico-sdk/src/rp2_common/pico_mem_ops/mem_ops_aeabi.S.obj
                0x10004c84                __aeabi_mem_init
 .text.memset   0x10004c94        0xc CMakeFiles/dac.dir/C_/Program_Files/Raspberry_Pi/Pico_SDK_v1.5.1/pico-sdk/src/rp2_common/pico_mem_ops/mem_ops_aeabi.S.obj
                0x10004c94                __wrap_memset
 .text.memcpy   0x10004ca0        0xc CMakeFiles/dac.dir/C_/Program_Files/Raspberry_Pi/Pico_SDK_v1.5.1/pico-sdk/src/rp2_common/pico_mem_ops/mem_ops_aeabi.S.obj
                0x10004ca0                __wrap_memcpy
                0x10004ca0                __wrap___aeabi_memcpy
 .text.stdio_out_chars_no_crlf
                0x10004cac        0xe CMakeFiles/dac.dir/C_/Program_Files/Raspberry_Pi/Pico_SDK_v1.5.1/pico-sdk/src/rp2_common/pico_stdio/stdio.c.obj
 *fill*         0x10004cba        0x2 
 .text.stdio_out_chars_crlf
                0x10004cbc       0x80 CMakeFiles/dac.dir/C_/Program_Files/Raspberry_Pi/Pico_SDK_v1.5.1/pico-sdk/src/rp2_common/pico_stdio/stdio.c.obj
 .text.stdio_stack_buffer_flush
                0x10004d3c       0x44 CMakeFiles/dac.dir/C_/Program_Files/Raspberry_Pi/Pico_SDK_v1.5.1/pico-sdk/src/rp2_common/pico_stdio/stdio.c.obj
 .text.stdio_buffered_printer
                0x10004d80       0x20 CMakeFiles/dac.dir/C_/Program_Files/Raspberry_Pi/Pico_SDK_v1.5.1/pico-sdk/src/rp2_common/pico_stdio/stdio.c.obj
 .text.stdout_serialize_begin
                0x10004da0       0x5c CMakeFiles/dac.dir/C_/Program_Files/Raspberry_Pi/Pico_SDK_v1.5.1/pico-sdk/src/rp2_common/pico_stdio/stdio.c.obj
                0x10004da0                stdout_serialize_begin
 .text.stdout_serialize_end
                0x10004dfc       0x10 CMakeFiles/dac.dir/C_/Program_Files/Raspberry_Pi/Pico_SDK_v1.5.1/pico-sdk/src/rp2_common/pico_stdio/stdio.c.obj
                0x10004dfc                stdout_serialize_end
 .text.stdio_put_string
                0x10004e0c       0x98 CMakeFiles/dac.dir/C_/Program_Files/Raspberry_Pi/Pico_SDK_v1.5.1/pico-sdk/src/rp2_common/pico_stdio/stdio.c.obj
 .text.stdio_set_driver_enabled
                0x10004ea4       0x2c CMakeFiles/dac.dir/C_/Program_Files/Raspberry_Pi/Pico_SDK_v1.5.1/pico-sdk/src/rp2_common/pico_stdio/stdio.c.obj
                0x10004ea4                stdio_set_driver_enabled
 .text.stdio_flush
                0x10004ed0       0x20 CMakeFiles/dac.dir/C_/Program_Files/Raspberry_Pi/Pico_SDK_v1.5.1/pico-sdk/src/rp2_common/pico_stdio/stdio.c.obj
                0x10004ed0                stdio_flush
 .text.__wrap_puts
                0x10004ef0       0x1e CMakeFiles/dac.dir/C_/Program_Files/Raspberry_Pi/Pico_SDK_v1.5.1/pico-sdk/src/rp2_common/pico_stdio/stdio.c.obj
                0x10004ef0                __wrap_puts
 *fill*         0x10004f0e        0x2 
 .text.__wrap_vprintf
                0x10004f10       0x40 CMakeFiles/dac.dir/C_/Program_Files/Raspberry_Pi/Pico_SDK_v1.5.1/pico-sdk/src/rp2_common/pico_stdio/stdio.c.obj
                0x10004f10                __wrap_vprintf
 .text.__wrap_printf
                0x10004f50       0x18 CMakeFiles/dac.dir/C_/Program_Files/Raspberry_Pi/Pico_SDK_v1.5.1/pico-sdk/src/rp2_common/pico_stdio/stdio.c.obj
                0x10004f50                __wrap_printf
 .text.stdio_init_all
                0x10004f68        0x8 CMakeFiles/dac.dir/C_/Program_Files/Raspberry_Pi/Pico_SDK_v1.5.1/pico-sdk/src/rp2_common/pico_stdio/stdio.c.obj
                0x10004f68                stdio_init_all
 .text.resetd_init
                0x10004f70        0x2 CMakeFiles/dac.dir/C_/Program_Files/Raspberry_Pi/Pico_SDK_v1.5.1/pico-sdk/src/rp2_common/pico_stdio_usb/reset_interface.c.obj
 *fill*         0x10004f72        0x2 
 .text.resetd_reset
                0x10004f74        0xc CMakeFiles/dac.dir/C_/Program_Files/Raspberry_Pi/Pico_SDK_v1.5.1/pico-sdk/src/rp2_common/pico_stdio_usb/reset_interface.c.obj
 .text.resetd_open
                0x10004f80       0x34 CMakeFiles/dac.dir/C_/Program_Files/Raspberry_Pi/Pico_SDK_v1.5.1/pico-sdk/src/rp2_common/pico_stdio_usb/reset_interface.c.obj
 .text.resetd_xfer_cb
                0x10004fb4        0x4 CMakeFiles/dac.dir/C_/Program_Files/Raspberry_Pi/Pico_SDK_v1.5.1/pico-sdk/src/rp2_common/pico_stdio_usb/reset_interface.c.obj
 .text.reset_usb_boot
                0x10004fb8       0x18 CMakeFiles/dac.dir/C_/Program_Files/Raspberry_Pi/Pico_SDK_v1.5.1/pico-sdk/src/rp2_common/pico_stdio_usb/reset_interface.c.obj
 .text.resetd_control_xfer_cb
                0x10004fd0       0x5c CMakeFiles/dac.dir/C_/Program_Files/Raspberry_Pi/Pico_SDK_v1.5.1/pico-sdk/src/rp2_common/pico_stdio_usb/reset_interface.c.obj
 .text.usbd_app_driver_get_cb
                0x1000502c        0xc CMakeFiles/dac.dir/C_/Program_Files/Raspberry_Pi/Pico_SDK_v1.5.1/pico-sdk/src/rp2_common/pico_stdio_usb/reset_interface.c.obj
                0x1000502c                usbd_app_driver_get_cb
 .text.tud_cdc_line_coding_cb
                0x10005038       0x28 CMakeFiles/dac.dir/C_/Program_Files/Raspberry_Pi/Pico_SDK_v1.5.1/pico-sdk/src/rp2_common/pico_stdio_usb/reset_interface.c.obj
                0x10005038                tud_cdc_line_coding_cb
 .text.stdio_usb_set_chars_available_callback
                0x10005060       0x14 CMakeFiles/dac.dir/C_/Program_Files/Raspberry_Pi/Pico_SDK_v1.5.1/pico-sdk/src/rp2_common/pico_stdio_usb/stdio_usb.c.obj
                0x10005060                stdio_usb_set_chars_available_callback
 .text.usb_irq  0x10005074       0x10 CMakeFiles/dac.dir/C_/Program_Files/Raspberry_Pi/Pico_SDK_v1.5.1/pico-sdk/src/rp2_common/pico_stdio_usb/stdio_usb.c.obj
 .text.timer_task
                0x10005084       0x5c CMakeFiles/dac.dir/C_/Program_Files/Raspberry_Pi/Pico_SDK_v1.5.1/pico-sdk/src/rp2_common/pico_stdio_usb/stdio_usb.c.obj
 .text.low_priority_worker_irq
                0x100050e0       0xdc CMakeFiles/dac.dir/C_/Program_Files/Raspberry_Pi/Pico_SDK_v1.5.1/pico-sdk/src/rp2_common/pico_stdio_usb/stdio_usb.c.obj
 .text.tud_cdc_rx_cb
                0x100051bc       0x20 CMakeFiles/dac.dir/C_/Program_Files/Raspberry_Pi/Pico_SDK_v1.5.1/pico-sdk/src/rp2_common/pico_stdio_usb/stdio_usb.c.obj
                0x100051bc                tud_cdc_rx_cb
 .text.stdio_usb_init
                0x100051dc      0x11c CMakeFiles/dac.dir/C_/Program_Files/Raspberry_Pi/Pico_SDK_v1.5.1/pico-sdk/src/rp2_common/pico_stdio_usb/stdio_usb.c.obj
                0x100051dc                stdio_usb_init
 .text.stdio_usb_connected
                0x100052f8        0xa CMakeFiles/dac.dir/C_/Program_Files/Raspberry_Pi/Pico_SDK_v1.5.1/pico-sdk/src/rp2_common/pico_stdio_usb/stdio_usb.c.obj
                0x100052f8                stdio_usb_connected
 *fill*         0x10005302        0x2 
 .text.stdio_usb_in_chars
                0x10005304       0xc4 CMakeFiles/dac.dir/C_/Program_Files/Raspberry_Pi/Pico_SDK_v1.5.1/pico-sdk/src/rp2_common/pico_stdio_usb/stdio_usb.c.obj
                0x10005304                stdio_usb_in_chars
 .text.stdio_usb_out_chars
                0x100053c8      0x114 CMakeFiles/dac.dir/C_/Program_Files/Raspberry_Pi/Pico_SDK_v1.5.1/pico-sdk/src/rp2_common/pico_stdio_usb/stdio_usb.c.obj
 .text.tud_descriptor_device_cb
                0x100054dc        0x8 CMakeFiles/dac.dir/C_/Program_Files/Raspberry_Pi/Pico_SDK_v1.5.1/pico-sdk/src/rp2_common/pico_stdio_usb/stdio_usb_descriptors.c.obj
                0x100054dc                tud_descriptor_device_cb
 .text.tud_descriptor_configuration_cb
                0x100054e4        0x8 CMakeFiles/dac.dir/C_/Program_Files/Raspberry_Pi/Pico_SDK_v1.5.1/pico-sdk/src/rp2_common/pico_stdio_usb/stdio_usb_descriptors.c.obj
                0x100054e4                tud_descriptor_configuration_cb
 .text.tud_descriptor_string_cb
                0x100054ec       0x6c CMakeFiles/dac.dir/C_/Program_Files/Raspberry_Pi/Pico_SDK_v1.5.1/pico-sdk/src/rp2_common/pico_stdio_usb/stdio_usb_descriptors.c.obj
                0x100054ec                tud_descriptor_string_cb
 .text._retrieve_unique_id_on_boot
                0x10005558       0x10 CMakeFiles/dac.dir/C_/Program_Files/Raspberry_Pi/Pico_SDK_v1.5.1/pico-sdk/src/rp2_common/pico_unique_id/unique_id.c.obj
 .text.pico_get_unique_board_id_string
                0x10005568       0x60 CMakeFiles/dac.dir/C_/Program_Files/Raspberry_Pi/Pico_SDK_v1.5.1/pico-sdk/src/rp2_common/pico_unique_id/unique_id.c.obj
                0x10005568                pico_get_unique_board_id_string
 .text.flash_get_unique_id
                0x100055c8       0x46 CMakeFiles/dac.dir/C_/Program_Files/Raspberry_Pi/Pico_SDK_v1.5.1/pico-sdk/src/rp2_common/hardware_flash/flash.c.obj
                0x100055c8                flash_get_unique_id
 *fill*         0x1000560e        0x2 
 .text.hw_endpoint_get_by_addr
                0x10005610       0x18 CMakeFiles/dac.dir/C_/Program_Files/Raspberry_Pi/Pico_SDK_v1.5.1/pico-sdk/lib/tinyusb/src/portable/raspberrypi/rp2040/dcd_rp2040.c.obj
 .text._hw_endpoint_alloc
                0x10005628       0x70 CMakeFiles/dac.dir/C_/Program_Files/Raspberry_Pi/Pico_SDK_v1.5.1/pico-sdk/lib/tinyusb/src/portable/raspberrypi/rp2040/dcd_rp2040.c.obj
 .text.hw_endpoint_init
                0x10005698       0x88 CMakeFiles/dac.dir/C_/Program_Files/Raspberry_Pi/Pico_SDK_v1.5.1/pico-sdk/lib/tinyusb/src/portable/raspberrypi/rp2040/dcd_rp2040.c.obj
 .text.hw_endpoint_xfer
                0x10005720       0x14 CMakeFiles/dac.dir/C_/Program_Files/Raspberry_Pi/Pico_SDK_v1.5.1/pico-sdk/lib/tinyusb/src/portable/raspberrypi/rp2040/dcd_rp2040.c.obj
 .text.dcd_int_enable
                0x10005734       0x2c CMakeFiles/dac.dir/C_/Program_Files/Raspberry_Pi/Pico_SDK_v1.5.1/pico-sdk/lib/tinyusb/src/portable/raspberrypi/rp2040/dcd_rp2040.c.obj
                0x10005734                dcd_int_enable
 .text.dcd_set_address
                0x10005760       0x2c CMakeFiles/dac.dir/C_/Program_Files/Raspberry_Pi/Pico_SDK_v1.5.1/pico-sdk/lib/tinyusb/src/portable/raspberrypi/rp2040/dcd_rp2040.c.obj
                0x10005760                dcd_set_address
 .text.dcd_connect
                0x1000578c       0x10 CMakeFiles/dac.dir/C_/Program_Files/Raspberry_Pi/Pico_SDK_v1.5.1/pico-sdk/lib/tinyusb/src/portable/raspberrypi/rp2040/dcd_rp2040.c.obj
                0x1000578c                dcd_connect
 .text.dcd_init
                0x1000579c       0x80 CMakeFiles/dac.dir/C_/Program_Files/Raspberry_Pi/Pico_SDK_v1.5.1/pico-sdk/lib/tinyusb/src/portable/raspberrypi/rp2040/dcd_rp2040.c.obj
                0x1000579c                dcd_init
 .text.dcd_edpt0_status_complete
                0x1000581c       0x1c CMakeFiles/dac.dir/C_/Program_Files/Raspberry_Pi/Pico_SDK_v1.5.1/pico-sdk/lib/tinyusb/src/portable/raspberrypi/rp2040/dcd_rp2040.c.obj
                0x1000581c                dcd_edpt0_status_complete
 .text.dcd_edpt_open
                0x10005838       0x40 CMakeFiles/dac.dir/C_/Program_Files/Raspberry_Pi/Pico_SDK_v1.5.1/pico-sdk/lib/tinyusb/src/portable/raspberrypi/rp2040/dcd_rp2040.c.obj
                0x10005838                dcd_edpt_open
 .text.dcd_edpt_close_all
                0x10005878        0x8 CMakeFiles/dac.dir/C_/Program_Files/Raspberry_Pi/Pico_SDK_v1.5.1/pico-sdk/lib/tinyusb/src/portable/raspberrypi/rp2040/dcd_rp2040.c.obj
                0x10005878                dcd_edpt_close_all
 .text.dcd_edpt_xfer
                0x10005880       0x34 CMakeFiles/dac.dir/C_/Program_Files/Raspberry_Pi/Pico_SDK_v1.5.1/pico-sdk/lib/tinyusb/src/portable/raspberrypi/rp2040/dcd_rp2040.c.obj
                0x10005880                dcd_edpt_xfer
 .text.dcd_edpt_stall
                0x100058b4       0x2c CMakeFiles/dac.dir/C_/Program_Files/Raspberry_Pi/Pico_SDK_v1.5.1/pico-sdk/lib/tinyusb/src/portable/raspberrypi/rp2040/dcd_rp2040.c.obj
                0x100058b4                dcd_edpt_stall
 .text.dcd_edpt_clear_stall
                0x100058e0       0x20 CMakeFiles/dac.dir/C_/Program_Files/Raspberry_Pi/Pico_SDK_v1.5.1/pico-sdk/lib/tinyusb/src/portable/raspberrypi/rp2040/dcd_rp2040.c.obj
                0x100058e0                dcd_edpt_clear_stall
 .text.rp2040_usb_init
                0x10005900       0x4c CMakeFiles/dac.dir/C_/Program_Files/Raspberry_Pi/Pico_SDK_v1.5.1/pico-sdk/lib/tinyusb/src/portable/raspberrypi/rp2040/rp2040_usb.c.obj
                0x10005900                rp2040_usb_init
 .text.hw_endpoint_xfer_start
                0x1000594c       0x50 CMakeFiles/dac.dir/C_/Program_Files/Raspberry_Pi/Pico_SDK_v1.5.1/pico-sdk/lib/tinyusb/src/portable/raspberrypi/rp2040/rp2040_usb.c.obj
                0x1000594c                hw_endpoint_xfer_start
 .text.configuration_reset
                0x1000599c       0x84 CMakeFiles/dac.dir/C_/Program_Files/Raspberry_Pi/Pico_SDK_v1.5.1/pico-sdk/lib/tinyusb/src/device/usbd.c.obj
 .text.usbd_reset
                0x10005a20        0xc CMakeFiles/dac.dir/C_/Program_Files/Raspberry_Pi/Pico_SDK_v1.5.1/pico-sdk/lib/tinyusb/src/device/usbd.c.obj
 .text.invoke_class_control
                0x10005a2c       0x1a CMakeFiles/dac.dir/C_/Program_Files/Raspberry_Pi/Pico_SDK_v1.5.1/pico-sdk/lib/tinyusb/src/device/usbd.c.obj
 *fill*         0x10005a46        0x2 
 .text.process_set_config
                0x10005a48      0x178 CMakeFiles/dac.dir/C_/Program_Files/Raspberry_Pi/Pico_SDK_v1.5.1/pico-sdk/lib/tinyusb/src/device/usbd.c.obj
 .text.process_get_descriptor
                0x10005bc0       0xdc CMakeFiles/dac.dir/C_/Program_Files/Raspberry_Pi/Pico_SDK_v1.5.1/pico-sdk/lib/tinyusb/src/device/usbd.c.obj
 .text.tud_mounted
                0x10005c9c       0x10 CMakeFiles/dac.dir/C_/Program_Files/Raspberry_Pi/Pico_SDK_v1.5.1/pico-sdk/lib/tinyusb/src/device/usbd.c.obj
                0x10005c9c                tud_mounted
 .text.tud_suspended
                0x10005cac       0x10 CMakeFiles/dac.dir/C_/Program_Files/Raspberry_Pi/Pico_SDK_v1.5.1/pico-sdk/lib/tinyusb/src/device/usbd.c.obj
                0x10005cac                tud_suspended
 .text.tud_inited
                0x10005cbc       0x14 CMakeFiles/dac.dir/C_/Program_Files/Raspberry_Pi/Pico_SDK_v1.5.1/pico-sdk/lib/tinyusb/src/device/usbd.c.obj
                0x10005cbc                tud_inited
 .text.tud_init
                0x10005cd0       0xcc CMakeFiles/dac.dir/C_/Program_Files/Raspberry_Pi/Pico_SDK_v1.5.1/pico-sdk/lib/tinyusb/src/device/usbd.c.obj
                0x10005cd0                tud_init
 .text.usbd_defer_func
                0x10005d9c       0x2a CMakeFiles/dac.dir/C_/Program_Files/Raspberry_Pi/Pico_SDK_v1.5.1/pico-sdk/lib/tinyusb/src/device/usbd.c.obj
                0x10005d9c                usbd_defer_func
 *fill*         0x10005dc6        0x2 
 .text.usbd_edpt_open
                0x10005dc8       0x34 CMakeFiles/dac.dir/C_/Program_Files/Raspberry_Pi/Pico_SDK_v1.5.1/pico-sdk/lib/tinyusb/src/device/usbd.c.obj
                0x10005dc8                usbd_edpt_open
 .text.usbd_open_edpt_pair
                0x10005dfc       0x62 CMakeFiles/dac.dir/C_/Program_Files/Raspberry_Pi/Pico_SDK_v1.5.1/pico-sdk/lib/tinyusb/src/device/usbd.c.obj
                0x10005dfc                usbd_open_edpt_pair
 *fill*         0x10005e5e        0x2 
 .text.usbd_edpt_claim
                0x10005e60       0x28 CMakeFiles/dac.dir/C_/Program_Files/Raspberry_Pi/Pico_SDK_v1.5.1/pico-sdk/lib/tinyusb/src/device/usbd.c.obj
                0x10005e60                usbd_edpt_claim
 .text.usbd_edpt_release
                0x10005e88       0x28 CMakeFiles/dac.dir/C_/Program_Files/Raspberry_Pi/Pico_SDK_v1.5.1/pico-sdk/lib/tinyusb/src/device/usbd.c.obj
                0x10005e88                usbd_edpt_release
 .text.usbd_edpt_xfer
                0x10005eb0       0x78 CMakeFiles/dac.dir/C_/Program_Files/Raspberry_Pi/Pico_SDK_v1.5.1/pico-sdk/lib/tinyusb/src/device/usbd.c.obj
                0x10005eb0                usbd_edpt_xfer
 .text.usbd_edpt_stall
                0x10005f28       0x48 CMakeFiles/dac.dir/C_/Program_Files/Raspberry_Pi/Pico_SDK_v1.5.1/pico-sdk/lib/tinyusb/src/device/usbd.c.obj
                0x10005f28                usbd_edpt_stall
 .text.usbd_edpt_clear_stall
                0x10005f70       0x48 CMakeFiles/dac.dir/C_/Program_Files/Raspberry_Pi/Pico_SDK_v1.5.1/pico-sdk/lib/tinyusb/src/device/usbd.c.obj
                0x10005f70                usbd_edpt_clear_stall
 .text.usbd_edpt_stalled
                0x10005fb8       0x1c CMakeFiles/dac.dir/C_/Program_Files/Raspberry_Pi/Pico_SDK_v1.5.1/pico-sdk/lib/tinyusb/src/device/usbd.c.obj
                0x10005fb8                usbd_edpt_stalled
 .text.process_control_request
                0x10005fd4      0x37c CMakeFiles/dac.dir/C_/Program_Files/Raspberry_Pi/Pico_SDK_v1.5.1/pico-sdk/lib/tinyusb/src/device/usbd.c.obj
 .text.tud_task_ext
                0x10006350      0x1b8 CMakeFiles/dac.dir/C_/Program_Files/Raspberry_Pi/Pico_SDK_v1.5.1/pico-sdk/lib/tinyusb/src/device/usbd.c.obj
                0x10006350                tud_task_ext
 .text._data_stage_xact
                0x10006508       0x58 CMakeFiles/dac.dir/C_/Program_Files/Raspberry_Pi/Pico_SDK_v1.5.1/pico-sdk/lib/tinyusb/src/device/usbd_control.c.obj
 .text.tud_control_status
                0x10006560       0x38 CMakeFiles/dac.dir/C_/Program_Files/Raspberry_Pi/Pico_SDK_v1.5.1/pico-sdk/lib/tinyusb/src/device/usbd_control.c.obj
                0x10006560                tud_control_status
 .text.tud_control_xfer
                0x10006598       0x74 CMakeFiles/dac.dir/C_/Program_Files/Raspberry_Pi/Pico_SDK_v1.5.1/pico-sdk/lib/tinyusb/src/device/usbd_control.c.obj
                0x10006598                tud_control_xfer
 .text.usbd_control_reset
                0x1000660c       0x14 CMakeFiles/dac.dir/C_/Program_Files/Raspberry_Pi/Pico_SDK_v1.5.1/pico-sdk/lib/tinyusb/src/device/usbd_control.c.obj
                0x1000660c                usbd_control_reset
 .text.usbd_control_set_complete_callback
                0x10006620        0xc CMakeFiles/dac.dir/C_/Program_Files/Raspberry_Pi/Pico_SDK_v1.5.1/pico-sdk/lib/tinyusb/src/device/usbd_control.c.obj
                0x10006620                usbd_control_set_complete_callback
 .text.usbd_control_set_request
                0x1000662c       0x1c CMakeFiles/dac.dir/C_/Program_Files/Raspberry_Pi/Pico_SDK_v1.5.1/pico-sdk/lib/tinyusb/src/device/usbd_control.c.obj
                0x1000662c                usbd_control_set_request
 .text.usbd_control_xfer_cb
                0x10006648       0xcc CMakeFiles/dac.dir/C_/Program_Files/Raspberry_Pi/Pico_SDK_v1.5.1/pico-sdk/lib/tinyusb/src/device/usbd_control.c.obj
                0x10006648                usbd_control_xfer_cb
 .text._prep_out_transaction
                0x10006714       0x4a CMakeFiles/dac.dir/C_/Program_Files/Raspberry_Pi/Pico_SDK_v1.5.1/pico-sdk/lib/tinyusb/src/class/cdc/cdc_device.c.obj
 *fill*         0x1000675e        0x2 
 .text.tud_cdc_n_connected
                0x10006760       0x44 CMakeFiles/dac.dir/C_/Program_Files/Raspberry_Pi/Pico_SDK_v1.5.1/pico-sdk/lib/tinyusb/src/class/cdc/cdc_device.c.obj
                0x10006760                tud_cdc_n_connected
 .text.tud_cdc_n_available
                0x100067a4       0x18 CMakeFiles/dac.dir/C_/Program_Files/Raspberry_Pi/Pico_SDK_v1.5.1/pico-sdk/lib/tinyusb/src/class/cdc/cdc_device.c.obj
                0x100067a4                tud_cdc_n_available
 .text.tud_cdc_n_read
                0x100067bc       0x28 CMakeFiles/dac.dir/C_/Program_Files/Raspberry_Pi/Pico_SDK_v1.5.1/pico-sdk/lib/tinyusb/src/class/cdc/cdc_device.c.obj
                0x100067bc                tud_cdc_n_read
 .text.tud_cdc_n_write_flush
                0x100067e4       0xb8 CMakeFiles/dac.dir/C_/Program_Files/Raspberry_Pi/Pico_SDK_v1.5.1/pico-sdk/lib/tinyusb/src/class/cdc/cdc_device.c.obj
                0x100067e4                tud_cdc_n_write_flush
 .text.tud_cdc_n_write
                0x1000689c       0x38 CMakeFiles/dac.dir/C_/Program_Files/Raspberry_Pi/Pico_SDK_v1.5.1/pico-sdk/lib/tinyusb/src/class/cdc/cdc_device.c.obj
                0x1000689c                tud_cdc_n_write
 .text.tud_cdc_n_write_available
                0x100068d4       0x1c CMakeFiles/dac.dir/C_/Program_Files/Raspberry_Pi/Pico_SDK_v1.5.1/pico-sdk/lib/tinyusb/src/class/cdc/cdc_device.c.obj
                0x100068d4                tud_cdc_n_write_available
 .text.cdcd_init
                0x100068f0       0xbc CMakeFiles/dac.dir/C_/Program_Files/Raspberry_Pi/Pico_SDK_v1.5.1/pico-sdk/lib/tinyusb/src/class/cdc/cdc_device.c.obj
                0x100068f0                cdcd_init
 .text.cdcd_reset
                0x100069ac       0x44 CMakeFiles/dac.dir/C_/Program_Files/Raspberry_Pi/Pico_SDK_v1.5.1/pico-sdk/lib/tinyusb/src/class/cdc/cdc_device.c.obj
                0x100069ac                cdcd_reset
 .text.cdcd_open
                0x100069f0       0xcc CMakeFiles/dac.dir/C_/Program_Files/Raspberry_Pi/Pico_SDK_v1.5.1/pico-sdk/lib/tinyusb/src/class/cdc/cdc_device.c.obj
                0x100069f0                cdcd_open
 .text.cdcd_control_xfer_cb
                0x10006abc      0x134 CMakeFiles/dac.dir/C_/Program_Files/Raspberry_Pi/Pico_SDK_v1.5.1/pico-sdk/lib/tinyusb/src/class/cdc/cdc_device.c.obj
                0x10006abc                cdcd_control_xfer_cb
 .text.cdcd_xfer_cb
                0x10006bf0      0x130 CMakeFiles/dac.dir/C_/Program_Files/Raspberry_Pi/Pico_SDK_v1.5.1/pico-sdk/lib/tinyusb/src/class/cdc/cdc_device.c.obj
                0x10006bf0                cdcd_xfer_cb
 .text.tusb_init
                0x10006d20        0xa CMakeFiles/dac.dir/C_/Program_Files/Raspberry_Pi/Pico_SDK_v1.5.1/pico-sdk/lib/tinyusb/src/tusb.c.obj
                0x10006d20                tusb_init
 .text.tusb_inited
                0x10006d2a        0xe CMakeFiles/dac.dir/C_/Program_Files/Raspberry_Pi/Pico_SDK_v1.5.1/pico-sdk/lib/tinyusb/src/tusb.c.obj
                0x10006d2a                tusb_inited
 .text.tu_edpt_claim
                0x10006d38       0x50 CMakeFiles/dac.dir/C_/Program_Files/Raspberry_Pi/Pico_SDK_v1.5.1/pico-sdk/lib/tinyusb/src/tusb.c.obj
                0x10006d38                tu_edpt_claim
 .text.tu_edpt_release
                0x10006d88       0x3c CMakeFiles/dac.dir/C_/Program_Files/Raspberry_Pi/Pico_SDK_v1.5.1/pico-sdk/lib/tinyusb/src/tusb.c.obj
                0x10006d88                tu_edpt_release
 .text.tu_edpt_validate
                0x10006dc4       0x78 CMakeFiles/dac.dir/C_/Program_Files/Raspberry_Pi/Pico_SDK_v1.5.1/pico-sdk/lib/tinyusb/src/tusb.c.obj
                0x10006dc4                tu_edpt_validate
 .text.tu_edpt_bind_driver
                0x10006e3c       0x26 CMakeFiles/dac.dir/C_/Program_Files/Raspberry_Pi/Pico_SDK_v1.5.1/pico-sdk/lib/tinyusb/src/tusb.c.obj
                0x10006e3c                tu_edpt_bind_driver
 .text.advance_index
                0x10006e62       0x1a CMakeFiles/dac.dir/C_/Program_Files/Raspberry_Pi/Pico_SDK_v1.5.1/pico-sdk/lib/tinyusb/src/common/tusb_fifo.c.obj
 .text._tu_fifo_peek
                0x10006e7c       0x56 CMakeFiles/dac.dir/C_/Program_Files/Raspberry_Pi/Pico_SDK_v1.5.1/pico-sdk/lib/tinyusb/src/common/tusb_fifo.c.obj
 .text._ff_pull_const_addr
                0x10006ed2       0x4c CMakeFiles/dac.dir/C_/Program_Files/Raspberry_Pi/Pico_SDK_v1.5.1/pico-sdk/lib/tinyusb/src/common/tusb_fifo.c.obj
 .text._ff_pull_n
                0x10006f1e      0x110 CMakeFiles/dac.dir/C_/Program_Files/Raspberry_Pi/Pico_SDK_v1.5.1/pico-sdk/lib/tinyusb/src/common/tusb_fifo.c.obj
 .text._tu_fifo_peek_n
                0x1000702e       0x6a CMakeFiles/dac.dir/C_/Program_Files/Raspberry_Pi/Pico_SDK_v1.5.1/pico-sdk/lib/tinyusb/src/common/tusb_fifo.c.obj
 .text._tu_fifo_read_n
                0x10007098       0x4e CMakeFiles/dac.dir/C_/Program_Files/Raspberry_Pi/Pico_SDK_v1.5.1/pico-sdk/lib/tinyusb/src/common/tusb_fifo.c.obj
 .text._ff_push_const_addr
                0x100070e6       0x40 CMakeFiles/dac.dir/C_/Program_Files/Raspberry_Pi/Pico_SDK_v1.5.1/pico-sdk/lib/tinyusb/src/common/tusb_fifo.c.obj
 .text._ff_push_n
                0x10007126      0x10c CMakeFiles/dac.dir/C_/Program_Files/Raspberry_Pi/Pico_SDK_v1.5.1/pico-sdk/lib/tinyusb/src/common/tusb_fifo.c.obj
 .text._tu_fifo_write_n
                0x10007232       0xf0 CMakeFiles/dac.dir/C_/Program_Files/Raspberry_Pi/Pico_SDK_v1.5.1/pico-sdk/lib/tinyusb/src/common/tusb_fifo.c.obj
 .text.tu_fifo_config
                0x10007322       0x7c CMakeFiles/dac.dir/C_/Program_Files/Raspberry_Pi/Pico_SDK_v1.5.1/pico-sdk/lib/tinyusb/src/common/tusb_fifo.c.obj
                0x10007322                tu_fifo_config
 .text.tu_fifo_count
                0x1000739e       0x2a CMakeFiles/dac.dir/C_/Program_Files/Raspberry_Pi/Pico_SDK_v1.5.1/pico-sdk/lib/tinyusb/src/common/tusb_fifo.c.obj
                0x1000739e                tu_fifo_count
 .text.tu_fifo_empty
                0x100073c8       0x10 CMakeFiles/dac.dir/C_/Program_Files/Raspberry_Pi/Pico_SDK_v1.5.1/pico-sdk/lib/tinyusb/src/common/tusb_fifo.c.obj
                0x100073c8                tu_fifo_empty
 .text.tu_fifo_full
                0x100073d8       0x28 CMakeFiles/dac.dir/C_/Program_Files/Raspberry_Pi/Pico_SDK_v1.5.1/pico-sdk/lib/tinyusb/src/common/tusb_fifo.c.obj
                0x100073d8                tu_fifo_full
 .text.tu_fifo_remaining
                0x10007400       0x2c CMakeFiles/dac.dir/C_/Program_Files/Raspberry_Pi/Pico_SDK_v1.5.1/pico-sdk/lib/tinyusb/src/common/tusb_fifo.c.obj
                0x10007400                tu_fifo_remaining
 .text.tu_fifo_read
                0x1000742c       0x42 CMakeFiles/dac.dir/C_/Program_Files/Raspberry_Pi/Pico_SDK_v1.5.1/pico-sdk/lib/tinyusb/src/common/tusb_fifo.c.obj
                0x1000742c                tu_fifo_read
 .text.tu_fifo_read_n
                0x1000746e        0xa CMakeFiles/dac.dir/C_/Program_Files/Raspberry_Pi/Pico_SDK_v1.5.1/pico-sdk/lib/tinyusb/src/common/tusb_fifo.c.obj
                0x1000746e                tu_fifo_read_n
 .text.tu_fifo_write
                0x10007478       0x64 CMakeFiles/dac.dir/C_/Program_Files/Raspberry_Pi/Pico_SDK_v1.5.1/pico-sdk/lib/tinyusb/src/common/tusb_fifo.c.obj
                0x10007478                tu_fifo_write
 .text.tu_fifo_write_n
                0x100074dc        0xa CMakeFiles/dac.dir/C_/Program_Files/Raspberry_Pi/Pico_SDK_v1.5.1/pico-sdk/lib/tinyusb/src/common/tusb_fifo.c.obj
                0x100074dc                tu_fifo_write_n
 .text.tu_fifo_clear
                0x100074e6       0x3e CMakeFiles/dac.dir/C_/Program_Files/Raspberry_Pi/Pico_SDK_v1.5.1/pico-sdk/lib/tinyusb/src/common/tusb_fifo.c.obj
                0x100074e6                tu_fifo_clear
 .text.tu_fifo_set_overwritable
                0x10007524       0x46 CMakeFiles/dac.dir/C_/Program_Files/Raspberry_Pi/Pico_SDK_v1.5.1/pico-sdk/lib/tinyusb/src/common/tusb_fifo.c.obj
                0x10007524                tu_fifo_set_overwritable
 .text.spi_set_baudrate
                0x1000756a       0xcc CMakeFiles/dac.dir/C_/Program_Files/Raspberry_Pi/Pico_SDK_v1.5.1/pico-sdk/src/rp2_common/hardware_spi/spi.c.obj
                0x1000756a                spi_set_baudrate
 *fill*         0x10007636        0x2 
 .text.spi_init
                0x10007638       0x74 CMakeFiles/dac.dir/C_/Program_Files/Raspberry_Pi/Pico_SDK_v1.5.1/pico-sdk/src/rp2_common/hardware_spi/spi.c.obj
                0x10007638                spi_init
 .text.strlen   0x100076ac       0x5c c:/progra~1/raspbe~1/picosd~1.1/gcc-ar~1/bin/../lib/gcc/arm-none-eabi/10.3.1/../../../../arm-none-eabi/lib/thumb/v6-m/nofp\libg.a(lib_a-strlen-stub.o)
                0x100076ac                strlen
 *(.fini)
 .fini          0x10007708        0x4 c:/progra~1/raspbe~1/picosd~1.1/gcc-ar~1/bin/../lib/gcc/arm-none-eabi/10.3.1/thumb/v6-m/nofp/crti.o
                0x10007708                _fini
 *fill*         0x1000770c        0x4 
 .fini.__stub   0x10007710       0xf0 linker stubs
 *crtbegin.o(.ctors)
 *crtbegin?.o(.ctors)
 *(EXCLUDE_FILE(*crtend.o *crtend?.o) .ctors)
 *(SORT_BY_NAME(.ctors.*))
 *(.ctors)
 *crtbegin.o(.dtors)
 *crtbegin?.o(.dtors)
 *(EXCLUDE_FILE(*crtend.o *crtend?.o) .dtors)
 *(SORT_BY_NAME(.dtors.*))
 *(.dtors)
 *(.eh_frame*)
 .eh_frame      0x10007800        0x0 c:/progra~1/raspbe~1/picosd~1.1/gcc-ar~1/bin/../lib/gcc/arm-none-eabi/10.3.1/thumb/v6-m/nofp/crtbegin.o
                0x10007800                . = ALIGN (0x4)

.glue_7         0x10007800        0x0
 .glue_7        0x10007800        0x0 linker stubs

.glue_7t        0x10007800        0x0
 .glue_7t       0x10007800        0x0 linker stubs

.vfp11_veneer   0x10007800        0x0
 .vfp11_veneer  0x10007800        0x0 linker stubs

.v4_bx          0x10007800        0x0
 .v4_bx         0x10007800        0x0 linker stubs

.iplt           0x10007800        0x0
 .iplt          0x10007800        0x0 c:/progra~1/raspbe~1/picosd~1.1/gcc-ar~1/bin/../lib/gcc/arm-none-eabi/10.3.1/thumb/v6-m/nofp/crtbegin.o

.rodata         0x10007800     0x1738
 *(EXCLUDE_FILE(*libm.a: *libc.a:*lib_a-mem*.o *libgcc.a:) .rodata*)
 .rodata.main.str1.4
                0x10007800        0xd CMakeFiles/dac.dir/dac.c.obj
 *fill*         0x1000780d        0x3 
 .rodata.spin_lock_claim_unused.str1.4
                0x10007810       0x1b CMakeFiles/dac.dir/C_/Program_Files/Raspberry_Pi/Pico_SDK_v1.5.1/pico-sdk/src/rp2_common/hardware_sync/sync.c.obj
 *fill*         0x1000782b        0x1 
 .rodata.make_branch.str1.4
                0x1000782c       0x89 CMakeFiles/dac.dir/C_/Program_Files/Raspberry_Pi/Pico_SDK_v1.5.1/pico-sdk/src/rp2_common/hardware_irq/irq.c.obj
 *fill*         0x100078b5        0x3 
 .rodata.insert_branch_and_link.str1.4
                0x100078b8       0x10 CMakeFiles/dac.dir/C_/Program_Files/Raspberry_Pi/Pico_SDK_v1.5.1/pico-sdk/src/rp2_common/hardware_irq/irq.c.obj
 .rodata.irq_set_exclusive_handler.str1.4
                0x100078c8       0x36 CMakeFiles/dac.dir/C_/Program_Files/Raspberry_Pi/Pico_SDK_v1.5.1/pico-sdk/src/rp2_common/hardware_irq/irq.c.obj
 *fill*         0x100078fe        0x2 
 .rodata.irq_add_shared_handler.str1.4
                0x10007900       0xd9 CMakeFiles/dac.dir/C_/Program_Files/Raspberry_Pi/Pico_SDK_v1.5.1/pico-sdk/src/rp2_common/hardware_irq/irq.c.obj
 *fill*         0x100079d9        0x3 
 .rodata.irq_remove_handler.str1.4
                0x100079dc       0x3a CMakeFiles/dac.dir/C_/Program_Files/Raspberry_Pi/Pico_SDK_v1.5.1/pico-sdk/src/rp2_common/hardware_irq/irq.c.obj
 *fill*         0x10007a16        0x2 
 .rodata.irq_add_tail_to_free_list.str1.4
                0x10007a18       0x3a CMakeFiles/dac.dir/C_/Program_Files/Raspberry_Pi/Pico_SDK_v1.5.1/pico-sdk/src/rp2_common/hardware_irq/irq.c.obj
 *fill*         0x10007a52        0x2 
 .rodata.user_irq_claim_unused.str1.4
                0x10007a54       0x1b CMakeFiles/dac.dir/C_/Program_Files/Raspberry_Pi/Pico_SDK_v1.5.1/pico-sdk/src/rp2_common/hardware_irq/irq.c.obj
 *fill*         0x10007a6f        0x1 
 .rodata.__func__.0
                0x10007a70       0x1a CMakeFiles/dac.dir/C_/Program_Files/Raspberry_Pi/Pico_SDK_v1.5.1/pico-sdk/src/rp2_common/hardware_irq/irq.c.obj
 *fill*         0x10007a8a        0x2 
 .rodata.__func__.1
                0x10007a8c       0x17 CMakeFiles/dac.dir/C_/Program_Files/Raspberry_Pi/Pico_SDK_v1.5.1/pico-sdk/src/rp2_common/hardware_irq/irq.c.obj
 *fill*         0x10007aa3        0x1 
 .rodata.__func__.2
                0x10007aa4       0x13 CMakeFiles/dac.dir/C_/Program_Files/Raspberry_Pi/Pico_SDK_v1.5.1/pico-sdk/src/rp2_common/hardware_irq/irq.c.obj
 *fill*         0x10007ab7        0x1 
 .rodata.__func__.3
                0x10007ab8        0xc CMakeFiles/dac.dir/C_/Program_Files/Raspberry_Pi/Pico_SDK_v1.5.1/pico-sdk/src/rp2_common/hardware_irq/irq.c.obj
 .rodata.__func__.4
                0x10007ac4        0xf CMakeFiles/dac.dir/C_/Program_Files/Raspberry_Pi/Pico_SDK_v1.5.1/pico-sdk/src/rp2_common/hardware_irq/irq.c.obj
 *fill*         0x10007ad3        0x1 
 .rodata.__func__.5
                0x10007ad4       0x17 CMakeFiles/dac.dir/C_/Program_Files/Raspberry_Pi/Pico_SDK_v1.5.1/pico-sdk/src/rp2_common/hardware_irq/irq.c.obj
 *fill*         0x10007aeb        0x1 
 .rodata.__func__.6
                0x10007aec       0x1a CMakeFiles/dac.dir/C_/Program_Files/Raspberry_Pi/Pico_SDK_v1.5.1/pico-sdk/src/rp2_common/hardware_irq/irq.c.obj
 *fill*         0x10007b06        0x2 
 .rodata.str1.4
                0x10007b08      0x125 CMakeFiles/dac.dir/C_/Program_Files/Raspberry_Pi/Pico_SDK_v1.5.1/pico-sdk/src/common/pico_sync/mutex.c.obj
 *fill*         0x10007c2d        0x3 
 .rodata.__func__.1
                0x10007c30        0xb CMakeFiles/dac.dir/C_/Program_Files/Raspberry_Pi/Pico_SDK_v1.5.1/pico-sdk/src/common/pico_sync/mutex.c.obj
 *fill*         0x10007c3b        0x1 
 .rodata.__func__.3
                0x10007c3c       0x18 CMakeFiles/dac.dir/C_/Program_Files/Raspberry_Pi/Pico_SDK_v1.5.1/pico-sdk/src/common/pico_sync/mutex.c.obj
 .rodata.__func__.4
                0x10007c54       0x15 CMakeFiles/dac.dir/C_/Program_Files/Raspberry_Pi/Pico_SDK_v1.5.1/pico-sdk/src/common/pico_sync/mutex.c.obj
 *fill*         0x10007c69        0x3 
 .rodata.repeating_timer_callback.str1.4
                0x10007c6c       0x67 CMakeFiles/dac.dir/C_/Program_Files/Raspberry_Pi/Pico_SDK_v1.5.1/pico-sdk/src/common/pico_time/time.c.obj
 *fill*         0x10007cd3        0x1 
 .rodata.timer_pool_entry_comparator.str1.4
                0x10007cd4       0x22 CMakeFiles/dac.dir/C_/Program_Files/Raspberry_Pi/Pico_SDK_v1.5.1/pico-sdk/src/common/pico_time/time.c.obj
 *fill*         0x10007cf6        0x2 
 .rodata.ph_add_child_node.str1.4
                0x10007cf8       0xb2 CMakeFiles/dac.dir/C_/Program_Files/Raspberry_Pi/Pico_SDK_v1.5.1/pico-sdk/src/common/pico_time/time.c.obj
 *fill*         0x10007daa        0x2 
 .rodata.add_alarm_under_lock.str1.4
                0x10007dac       0x28 CMakeFiles/dac.dir/C_/Program_Files/Raspberry_Pi/Pico_SDK_v1.5.1/pico-sdk/src/common/pico_time/time.c.obj
                                 0x2b (size before relaxing)
 .rodata.alarm_pool_alarm_callback.str1.4
                0x10007dd4       0x98 CMakeFiles/dac.dir/C_/Program_Files/Raspberry_Pi/Pico_SDK_v1.5.1/pico-sdk/src/common/pico_time/time.c.obj
                                0x118 (size before relaxing)
 .rodata.alarm_pool_get_default.str1.4
                0x10007e6c       0x21 CMakeFiles/dac.dir/C_/Program_Files/Raspberry_Pi/Pico_SDK_v1.5.1/pico-sdk/src/common/pico_time/time.c.obj
 *fill*         0x10007e8d        0x3 
 .rodata.alarm_pool_cancel_alarm.str1.4
                0x10007e90       0x27 CMakeFiles/dac.dir/C_/Program_Files/Raspberry_Pi/Pico_SDK_v1.5.1/pico-sdk/src/common/pico_time/time.c.obj
 *fill*         0x10007eb7        0x1 
 .rodata.sleep_until.str1.4
                0x10007eb8       0x4d CMakeFiles/dac.dir/C_/Program_Files/Raspberry_Pi/Pico_SDK_v1.5.1/pico-sdk/src/common/pico_time/time.c.obj
 *fill*         0x10007f05        0x3 
 .rodata.__func__.1
                0x10007f08       0x18 CMakeFiles/dac.dir/C_/Program_Files/Raspberry_Pi/Pico_SDK_v1.5.1/pico-sdk/src/common/pico_time/time.c.obj
 .rodata.__func__.10
                0x10007f20       0x15 CMakeFiles/dac.dir/C_/Program_Files/Raspberry_Pi/Pico_SDK_v1.5.1/pico-sdk/src/common/pico_time/time.c.obj
 *fill*         0x10007f35        0x3 
 .rodata.__func__.11
                0x10007f38       0x1a CMakeFiles/dac.dir/C_/Program_Files/Raspberry_Pi/Pico_SDK_v1.5.1/pico-sdk/src/common/pico_time/time.c.obj
 *fill*         0x10007f52        0x2 
 .rodata.__func__.12
                0x10007f54        0xa CMakeFiles/dac.dir/C_/Program_Files/Raspberry_Pi/Pico_SDK_v1.5.1/pico-sdk/src/common/pico_time/time.c.obj
 *fill*         0x10007f5e        0x2 
 .rodata.__func__.3
                0x10007f60       0x17 CMakeFiles/dac.dir/C_/Program_Files/Raspberry_Pi/Pico_SDK_v1.5.1/pico-sdk/src/common/pico_time/time.c.obj
 *fill*         0x10007f77        0x1 
 .rodata.__func__.4
                0x10007f78       0x12 CMakeFiles/dac.dir/C_/Program_Files/Raspberry_Pi/Pico_SDK_v1.5.1/pico-sdk/src/common/pico_time/time.c.obj
 *fill*         0x10007f8a        0x2 
 .rodata.__func__.5
                0x10007f8c        0xd CMakeFiles/dac.dir/C_/Program_Files/Raspberry_Pi/Pico_SDK_v1.5.1/pico-sdk/src/common/pico_time/time.c.obj
 *fill*         0x10007f99        0x3 
 .rodata.__func__.6
                0x10007f9c       0x12 CMakeFiles/dac.dir/C_/Program_Files/Raspberry_Pi/Pico_SDK_v1.5.1/pico-sdk/src/common/pico_time/time.c.obj
 *fill*         0x10007fae        0x2 
 .rodata.__func__.7
                0x10007fb0        0xf CMakeFiles/dac.dir/C_/Program_Files/Raspberry_Pi/Pico_SDK_v1.5.1/pico-sdk/src/common/pico_time/time.c.obj
 *fill*         0x10007fbf        0x1 
 .rodata.__func__.8
                0x10007fc0        0xc CMakeFiles/dac.dir/C_/Program_Files/Raspberry_Pi/Pico_SDK_v1.5.1/pico-sdk/src/common/pico_time/time.c.obj
 .rodata.__func__.9
                0x10007fcc       0x15 CMakeFiles/dac.dir/C_/Program_Files/Raspberry_Pi/Pico_SDK_v1.5.1/pico-sdk/src/common/pico_time/time.c.obj
 *fill*         0x10007fe1        0x3 
 .rodata.hardware_alarm_claim.str1.4
                0x10007fe4       0x22 CMakeFiles/dac.dir/C_/Program_Files/Raspberry_Pi/Pico_SDK_v1.5.1/pico-sdk/src/rp2_common/hardware_timer/timer.c.obj
 *fill*         0x10008006        0x2 
 .rodata.hardware_alarm_set_target.str1.4
                0x10008008       0x81 CMakeFiles/dac.dir/C_/Program_Files/Raspberry_Pi/Pico_SDK_v1.5.1/pico-sdk/src/rp2_common/hardware_timer/timer.c.obj
 *fill*         0x10008089        0x3 
 .rodata.__func__.0
                0x1000808c       0x1a CMakeFiles/dac.dir/C_/Program_Files/Raspberry_Pi/Pico_SDK_v1.5.1/pico-sdk/src/rp2_common/hardware_timer/timer.c.obj
 .rodata.ph_add_child_node.str1.4
                0x100080a6       0xb2 CMakeFiles/dac.dir/C_/Program_Files/Raspberry_Pi/Pico_SDK_v1.5.1/pico-sdk/src/common/pico_util/pheap.c.obj
 *fill*         0x100080a6        0x2 
 .rodata.ph_remove_any_head.str1.4
                0x100080a8       0xa8 CMakeFiles/dac.dir/C_/Program_Files/Raspberry_Pi/Pico_SDK_v1.5.1/pico-sdk/src/common/pico_util/pheap.c.obj
                                 0xbc (size before relaxing)
 .rodata.ph_remove_and_free_node.str1.4
                0x10008150       0x1e CMakeFiles/dac.dir/C_/Program_Files/Raspberry_Pi/Pico_SDK_v1.5.1/pico-sdk/src/common/pico_util/pheap.c.obj
                                 0x26 (size before relaxing)
 *fill*         0x1000816e        0x2 
 .rodata.__func__.0
                0x10008170       0x18 CMakeFiles/dac.dir/C_/Program_Files/Raspberry_Pi/Pico_SDK_v1.5.1/pico-sdk/src/common/pico_util/pheap.c.obj
 .rodata.__func__.1
                0x10008188       0x13 CMakeFiles/dac.dir/C_/Program_Files/Raspberry_Pi/Pico_SDK_v1.5.1/pico-sdk/src/common/pico_util/pheap.c.obj
 *fill*         0x1000819b        0x1 
 .rodata.__func__.2
                0x1000819c       0x12 CMakeFiles/dac.dir/C_/Program_Files/Raspberry_Pi/Pico_SDK_v1.5.1/pico-sdk/src/common/pico_util/pheap.c.obj
 *fill*         0x100081ae        0x2 
 .rodata.__func__.3
                0x100081b0        0xc CMakeFiles/dac.dir/C_/Program_Files/Raspberry_Pi/Pico_SDK_v1.5.1/pico-sdk/src/common/pico_util/pheap.c.obj
 .rodata.clock_configure.str1.4
                0x100081bc       0x73 CMakeFiles/dac.dir/C_/Program_Files/Raspberry_Pi/Pico_SDK_v1.5.1/pico-sdk/src/rp2_common/hardware_clocks/clocks.c.obj
 *fill*         0x1000822f        0x1 
 .rodata.__func__.1
                0x10008230       0x10 CMakeFiles/dac.dir/C_/Program_Files/Raspberry_Pi/Pico_SDK_v1.5.1/pico-sdk/src/rp2_common/hardware_clocks/clocks.c.obj
 .rodata.pll_init.str1.4
                0x10008240      0x140 CMakeFiles/dac.dir/C_/Program_Files/Raspberry_Pi/Pico_SDK_v1.5.1/pico-sdk/src/rp2_common/hardware_pll/pll.c.obj
 .rodata.__func__.0
                0x10008380        0x9 CMakeFiles/dac.dir/C_/Program_Files/Raspberry_Pi/Pico_SDK_v1.5.1/pico-sdk/src/rp2_common/hardware_pll/pll.c.obj
 *fill*         0x10008389        0x3 
 .rodata.__assert_func.str1.4
                0x1000838c       0x3f CMakeFiles/dac.dir/C_/Program_Files/Raspberry_Pi/Pico_SDK_v1.5.1/pico-sdk/src/rp2_common/pico_runtime/runtime.c.obj
                                 0x43 (size before relaxing)
 *fill*         0x100083cb        0x1 
 .rodata.runtime_init.str1.4
                0x100083cc       0x7d CMakeFiles/dac.dir/C_/Program_Files/Raspberry_Pi/Pico_SDK_v1.5.1/pico-sdk/src/rp2_common/pico_runtime/runtime.c.obj
 *fill*         0x10008449        0x3 
 .rodata.panic.str1.4
                0x1000844c       0x12 CMakeFiles/dac.dir/C_/Program_Files/Raspberry_Pi/Pico_SDK_v1.5.1/pico-sdk/src/rp2_common/pico_runtime/runtime.c.obj
 *fill*         0x1000845e        0x2 
 .rodata.__func__.2
                0x10008460        0xd CMakeFiles/dac.dir/C_/Program_Files/Raspberry_Pi/Pico_SDK_v1.5.1/pico-sdk/src/rp2_common/pico_runtime/runtime.c.obj
 *fill*         0x1000846d        0x3 
 .rodata._ftoa.str1.4
                0x10008470       0x15 CMakeFiles/dac.dir/C_/Program_Files/Raspberry_Pi/Pico_SDK_v1.5.1/pico-sdk/src/rp2_common/pico_printf/printf.c.obj
 *fill*         0x10008485        0x3 
 .rodata._vsnprintf
                0x10008488      0x1e0 CMakeFiles/dac.dir/C_/Program_Files/Raspberry_Pi/Pico_SDK_v1.5.1/pico-sdk/src/rp2_common/pico_printf/printf.c.obj
 .rodata.pow10.0
                0x10008668       0x50 CMakeFiles/dac.dir/C_/Program_Files/Raspberry_Pi/Pico_SDK_v1.5.1/pico-sdk/src/rp2_common/pico_printf/printf.c.obj
 .rodata.__aeabi_double_init.str1.4
                0x100086b8       0xb8 CMakeFiles/dac.dir/C_/Program_Files/Raspberry_Pi/Pico_SDK_v1.5.1/pico-sdk/src/rp2_common/pico_double/double_init_rom.c.obj
 .rodata.__func__.0
                0x10008770       0x14 CMakeFiles/dac.dir/C_/Program_Files/Raspberry_Pi/Pico_SDK_v1.5.1/pico-sdk/src/rp2_common/pico_double/double_init_rom.c.obj
 .rodata.__aeabi_float_init.str1.4
                0x10008784       0x96 CMakeFiles/dac.dir/C_/Program_Files/Raspberry_Pi/Pico_SDK_v1.5.1/pico-sdk/src/rp2_common/pico_float/float_init_rom.c.obj
                                 0x9a (size before relaxing)
 *fill*         0x1000881a        0x2 
 .rodata.__func__.0
                0x1000881c       0x13 CMakeFiles/dac.dir/C_/Program_Files/Raspberry_Pi/Pico_SDK_v1.5.1/pico-sdk/src/rp2_common/pico_float/float_init_rom.c.obj
 *fill*         0x1000882f        0x1 
 .rodata.str1.4
                0x10008830       0x38 CMakeFiles/dac.dir/C_/Program_Files/Raspberry_Pi/Pico_SDK_v1.5.1/pico-sdk/src/rp2_common/pico_standard_link/binary_info.c.obj
 .rodata.__bi_44
                0x10008868        0xc CMakeFiles/dac.dir/C_/Program_Files/Raspberry_Pi/Pico_SDK_v1.5.1/pico-sdk/src/rp2_common/pico_standard_link/binary_info.c.obj
 .rodata.__bi_75
                0x10008874        0xc CMakeFiles/dac.dir/C_/Program_Files/Raspberry_Pi/Pico_SDK_v1.5.1/pico-sdk/src/rp2_common/pico_standard_link/binary_info.c.obj
 .rodata.__bi_81
                0x10008880        0xc CMakeFiles/dac.dir/C_/Program_Files/Raspberry_Pi/Pico_SDK_v1.5.1/pico-sdk/src/rp2_common/pico_standard_link/binary_info.c.obj
 .rodata.stdout_serialize_begin.str1.4
                0x1000888c       0x7d CMakeFiles/dac.dir/C_/Program_Files/Raspberry_Pi/Pico_SDK_v1.5.1/pico-sdk/src/rp2_common/pico_stdio/stdio.c.obj
 .rodata.__func__.3
                0x1000888c       0x15 CMakeFiles/dac.dir/C_/Program_Files/Raspberry_Pi/Pico_SDK_v1.5.1/pico-sdk/src/rp2_common/pico_stdio/stdio.c.obj
 *fill*         0x100088a1        0x3 
 .rodata.crlf_str.2
                0x100088a4        0x2 CMakeFiles/dac.dir/C_/Program_Files/Raspberry_Pi/Pico_SDK_v1.5.1/pico-sdk/src/rp2_common/pico_stdio/stdio.c.obj
 *fill*         0x100088a6        0x2 
 .rodata._resetd_driver
                0x100088a8       0x18 CMakeFiles/dac.dir/C_/Program_Files/Raspberry_Pi/Pico_SDK_v1.5.1/pico-sdk/src/rp2_common/pico_stdio_usb/reset_interface.c.obj
 .rodata.low_priority_worker_irq.str1.4
                0x100088c0       0x7d CMakeFiles/dac.dir/C_/Program_Files/Raspberry_Pi/Pico_SDK_v1.5.1/pico-sdk/src/rp2_common/pico_stdio_usb/stdio_usb.c.obj
 .rodata.stdio_usb_init.str1.4
                0x100088c0       0x61 CMakeFiles/dac.dir/C_/Program_Files/Raspberry_Pi/Pico_SDK_v1.5.1/pico-sdk/src/rp2_common/pico_stdio_usb/stdio_usb.c.obj
                                 0x69 (size before relaxing)
 *fill*         0x10008921        0x3 
 .rodata.str1.4
                0x10008924       0x13 CMakeFiles/dac.dir/C_/Program_Files/Raspberry_Pi/Pico_SDK_v1.5.1/pico-sdk/src/rp2_common/pico_stdio_usb/stdio_usb.c.obj
 *fill*         0x10008937        0x1 
 .rodata.__bi_182.0
                0x10008938        0xc CMakeFiles/dac.dir/C_/Program_Files/Raspberry_Pi/Pico_SDK_v1.5.1/pico-sdk/src/rp2_common/pico_stdio_usb/stdio_usb.c.obj
 .rodata.__func__.1
                0x10008944        0xf CMakeFiles/dac.dir/C_/Program_Files/Raspberry_Pi/Pico_SDK_v1.5.1/pico-sdk/src/rp2_common/pico_stdio_usb/stdio_usb.c.obj
 *fill*         0x10008953        0x1 
 .rodata.__func__.3
                0x10008954       0x15 CMakeFiles/dac.dir/C_/Program_Files/Raspberry_Pi/Pico_SDK_v1.5.1/pico-sdk/src/rp2_common/pico_stdio_usb/stdio_usb.c.obj
 *fill*         0x10008969        0x3 
 .rodata.str1.4
                0x1000896c       0x2a CMakeFiles/dac.dir/C_/Program_Files/Raspberry_Pi/Pico_SDK_v1.5.1/pico-sdk/src/rp2_common/pico_stdio_usb/stdio_usb_descriptors.c.obj
 *fill*         0x10008996        0x2 
 .rodata.usbd_desc_cfg
                0x10008998       0x54 CMakeFiles/dac.dir/C_/Program_Files/Raspberry_Pi/Pico_SDK_v1.5.1/pico-sdk/src/rp2_common/pico_stdio_usb/stdio_usb_descriptors.c.obj
 .rodata.usbd_desc_device
                0x100089ec       0x12 CMakeFiles/dac.dir/C_/Program_Files/Raspberry_Pi/Pico_SDK_v1.5.1/pico-sdk/src/rp2_common/pico_stdio_usb/stdio_usb_descriptors.c.obj
 *fill*         0x100089fe        0x2 
 .rodata.usbd_desc_str
                0x10008a00       0x18 CMakeFiles/dac.dir/C_/Program_Files/Raspberry_Pi/Pico_SDK_v1.5.1/pico-sdk/src/rp2_common/pico_stdio_usb/stdio_usb_descriptors.c.obj
 .rodata.pico_get_unique_board_id_string.str1.4
                0x10008a18       0x69 CMakeFiles/dac.dir/C_/Program_Files/Raspberry_Pi/Pico_SDK_v1.5.1/pico-sdk/src/rp2_common/pico_unique_id/unique_id.c.obj
 *fill*         0x10008a81        0x3 
 .rodata.__func__.0
                0x10008a84       0x20 CMakeFiles/dac.dir/C_/Program_Files/Raspberry_Pi/Pico_SDK_v1.5.1/pico-sdk/src/rp2_common/pico_unique_id/unique_id.c.obj
 .rodata.str1.4
                0x10008aa4      0x176 CMakeFiles/dac.dir/C_/Program_Files/Raspberry_Pi/Pico_SDK_v1.5.1/pico-sdk/src/rp2_common/hardware_flash/flash.c.obj
 *fill*         0x10008c1a        0x2 
 .rodata.__func__.0
                0x10008c1c        0xd CMakeFiles/dac.dir/C_/Program_Files/Raspberry_Pi/Pico_SDK_v1.5.1/pico-sdk/src/rp2_common/hardware_flash/flash.c.obj
 *fill*         0x10008c29        0x3 
 .rodata._hw_endpoint_alloc.str1.4
                0x10008c2c       0xd1 CMakeFiles/dac.dir/C_/Program_Files/Raspberry_Pi/Pico_SDK_v1.5.1/pico-sdk/lib/tinyusb/src/portable/raspberrypi/rp2040/dcd_rp2040.c.obj
 *fill*         0x10008cfd        0x3 
 .rodata.str1.4
                0x10008d00       0x14 CMakeFiles/dac.dir/C_/Program_Files/Raspberry_Pi/Pico_SDK_v1.5.1/pico-sdk/lib/tinyusb/src/portable/raspberrypi/rp2040/dcd_rp2040.c.obj
 .rodata.dcd_int_enable.str1.4
                0x10008d14        0xc CMakeFiles/dac.dir/C_/Program_Files/Raspberry_Pi/Pico_SDK_v1.5.1/pico-sdk/lib/tinyusb/src/portable/raspberrypi/rp2040/dcd_rp2040.c.obj
 .rodata.__func__.0
                0x10008d20        0xe CMakeFiles/dac.dir/C_/Program_Files/Raspberry_Pi/Pico_SDK_v1.5.1/pico-sdk/lib/tinyusb/src/portable/raspberrypi/rp2040/dcd_rp2040.c.obj
 *fill*         0x10008d2e        0x2 
 .rodata.__func__.1
                0x10008d30        0xe CMakeFiles/dac.dir/C_/Program_Files/Raspberry_Pi/Pico_SDK_v1.5.1/pico-sdk/lib/tinyusb/src/portable/raspberrypi/rp2040/dcd_rp2040.c.obj
 *fill*         0x10008d3e        0x2 
 .rodata.__func__.3
                0x10008d40       0x10 CMakeFiles/dac.dir/C_/Program_Files/Raspberry_Pi/Pico_SDK_v1.5.1/pico-sdk/lib/tinyusb/src/portable/raspberrypi/rp2040/dcd_rp2040.c.obj
 .rodata.__func__.5
                0x10008d50        0xf CMakeFiles/dac.dir/C_/Program_Files/Raspberry_Pi/Pico_SDK_v1.5.1/pico-sdk/lib/tinyusb/src/portable/raspberrypi/rp2040/dcd_rp2040.c.obj
 *fill*         0x10008d5f        0x1 
 .rodata.__func__.6
                0x10008d60       0x13 CMakeFiles/dac.dir/C_/Program_Files/Raspberry_Pi/Pico_SDK_v1.5.1/pico-sdk/lib/tinyusb/src/portable/raspberrypi/rp2040/dcd_rp2040.c.obj
 *fill*         0x10008d73        0x1 
 .rodata.__func__.7
                0x10008d74        0x9 CMakeFiles/dac.dir/C_/Program_Files/Raspberry_Pi/Pico_SDK_v1.5.1/pico-sdk/lib/tinyusb/src/portable/raspberrypi/rp2040/dcd_rp2040.c.obj
 *fill*         0x10008d7d        0x3 
 .rodata.str1.4
                0x10008d80      0x103 CMakeFiles/dac.dir/C_/Program_Files/Raspberry_Pi/Pico_SDK_v1.5.1/pico-sdk/lib/tinyusb/src/portable/raspberrypi/rp2040/rp2040_usb.c.obj
 *fill*         0x10008e83        0x1 
 .rodata.__func__.0
                0x10008e84        0xf CMakeFiles/dac.dir/C_/Program_Files/Raspberry_Pi/Pico_SDK_v1.5.1/pico-sdk/lib/tinyusb/src/portable/raspberrypi/rp2040/rp2040_usb.c.obj
 *fill*         0x10008e93        0x1 
 .rodata.process_get_descriptor
                0x10008e94       0x40 CMakeFiles/dac.dir/C_/Program_Files/Raspberry_Pi/Pico_SDK_v1.5.1/pico-sdk/lib/tinyusb/src/device/usbd.c.obj
 .rodata.process_control_request
                0x10008ed4       0x28 CMakeFiles/dac.dir/C_/Program_Files/Raspberry_Pi/Pico_SDK_v1.5.1/pico-sdk/lib/tinyusb/src/device/usbd.c.obj
 .rodata.tud_task_ext
                0x10008efc       0x24 CMakeFiles/dac.dir/C_/Program_Files/Raspberry_Pi/Pico_SDK_v1.5.1/pico-sdk/lib/tinyusb/src/device/usbd.c.obj
 .rodata._usbd_driver
                0x10008f20       0x18 CMakeFiles/dac.dir/C_/Program_Files/Raspberry_Pi/Pico_SDK_v1.5.1/pico-sdk/lib/tinyusb/src/device/usbd.c.obj
                0x10008f38                . = ALIGN (0x4)
 *(SORT_BY_ALIGNMENT(SORT_BY_NAME(.flashdata*)))
                0x10008f38                . = ALIGN (0x4)

.ARM.extab
 *(.ARM.extab* .gnu.linkonce.armextab.*)
                0x10008f38                __exidx_start = .

.ARM.exidx
 *(.ARM.exidx* .gnu.linkonce.armexidx.*)
                0x10008f38                __exidx_end = .
                0x10008f38                . = ALIGN (0x4)
                0x10008f38                __binary_info_start = .

.binary_info    0x10008f38       0x20
 *(.binary_info.keep.*)
 .binary_info.keep.__bi_ptr22
                0x10008f38        0x4 CMakeFiles/dac.dir/C_/Program_Files/Raspberry_Pi/Pico_SDK_v1.5.1/pico-sdk/src/rp2_common/pico_standard_link/binary_info.c.obj
 .binary_info.keep.__bi_ptr30
                0x10008f3c        0x4 CMakeFiles/dac.dir/C_/Program_Files/Raspberry_Pi/Pico_SDK_v1.5.1/pico-sdk/src/rp2_common/pico_standard_link/binary_info.c.obj
 .binary_info.keep.__bi_ptr38
                0x10008f40        0x4 CMakeFiles/dac.dir/C_/Program_Files/Raspberry_Pi/Pico_SDK_v1.5.1/pico-sdk/src/rp2_common/pico_standard_link/binary_info.c.obj
 .binary_info.keep.__bi_ptr44
                0x10008f44        0x4 CMakeFiles/dac.dir/C_/Program_Files/Raspberry_Pi/Pico_SDK_v1.5.1/pico-sdk/src/rp2_common/pico_standard_link/binary_info.c.obj
 .binary_info.keep.__bi_ptr50
                0x10008f48        0x4 CMakeFiles/dac.dir/C_/Program_Files/Raspberry_Pi/Pico_SDK_v1.5.1/pico-sdk/src/rp2_common/pico_standard_link/binary_info.c.obj
 .binary_info.keep.__bi_ptr75
                0x10008f4c        0x4 CMakeFiles/dac.dir/C_/Program_Files/Raspberry_Pi/Pico_SDK_v1.5.1/pico-sdk/src/rp2_common/pico_standard_link/binary_info.c.obj
 .binary_info.keep.__bi_ptr81
                0x10008f50        0x4 CMakeFiles/dac.dir/C_/Program_Files/Raspberry_Pi/Pico_SDK_v1.5.1/pico-sdk/src/rp2_common/pico_standard_link/binary_info.c.obj
 *(.binary_info.*)
 .binary_info.__bi_ptr182
                0x10008f54        0x4 CMakeFiles/dac.dir/C_/Program_Files/Raspberry_Pi/Pico_SDK_v1.5.1/pico-sdk/src/rp2_common/pico_stdio_usb/stdio_usb.c.obj
                0x10008f58                __binary_info_end = .

.rel.dyn        0x10008f58        0x0
 .rel.iplt      0x10008f58        0x0 c:/progra~1/raspbe~1/picosd~1.1/gcc-ar~1/bin/../lib/gcc/arm-none-eabi/10.3.1/thumb/v6-m/nofp/crtbegin.o
                0x10008f58                . = ALIGN (0x4)

.ram_vector_table
                0x20000000       0xc0
 *(.ram_vector_table)
 .ram_vector_table
                0x20000000       0xc0 CMakeFiles/dac.dir/C_/Program_Files/Raspberry_Pi/Pico_SDK_v1.5.1/pico-sdk/src/rp2_common/pico_runtime/runtime.c.obj
                0x20000000                ram_vector_table

.data           0x200000c0      0xc30 load address 0x10008f58
                0x200000c0                __data_start__ = .
 *(vtable)
 *(.time_critical*)
 .time_critical.mutex_try_enter
                0x200000c0       0x46 CMakeFiles/dac.dir/C_/Program_Files/Raspberry_Pi/Pico_SDK_v1.5.1/pico-sdk/src/common/pico_sync/mutex.c.obj
                0x200000c0                mutex_try_enter
 *fill*         0x20000106        0x2 
 .time_critical.mutex_enter_block_until
                0x20000108       0x8c CMakeFiles/dac.dir/C_/Program_Files/Raspberry_Pi/Pico_SDK_v1.5.1/pico-sdk/src/common/pico_sync/mutex.c.obj
                0x20000108                mutex_enter_block_until
 .time_critical.mutex_try_enter_block_until
                0x20000194       0x34 CMakeFiles/dac.dir/C_/Program_Files/Raspberry_Pi/Pico_SDK_v1.5.1/pico-sdk/src/common/pico_sync/mutex.c.obj
                0x20000194                mutex_try_enter_block_until
 .time_critical.mutex_enter_timeout_ms
                0x200001c8       0x68 CMakeFiles/dac.dir/C_/Program_Files/Raspberry_Pi/Pico_SDK_v1.5.1/pico-sdk/src/common/pico_sync/mutex.c.obj
                0x200001c8                mutex_enter_timeout_ms
 .time_critical.mutex_exit
                0x20000230       0x4c CMakeFiles/dac.dir/C_/Program_Files/Raspberry_Pi/Pico_SDK_v1.5.1/pico-sdk/src/common/pico_sync/mutex.c.obj
                0x20000230                mutex_exit
 .time_critical.flash_init_boot2_copyout
                0x2000027c       0x30 CMakeFiles/dac.dir/C_/Program_Files/Raspberry_Pi/Pico_SDK_v1.5.1/pico-sdk/src/rp2_common/hardware_flash/flash.c.obj
 .time_critical.flash_enable_xip_via_boot2
                0x200002ac       0x10 CMakeFiles/dac.dir/C_/Program_Files/Raspberry_Pi/Pico_SDK_v1.5.1/pico-sdk/src/rp2_common/hardware_flash/flash.c.obj
 .time_critical.flash_cs_force
                0x200002bc       0x28 CMakeFiles/dac.dir/C_/Program_Files/Raspberry_Pi/Pico_SDK_v1.5.1/pico-sdk/src/rp2_common/hardware_flash/flash.c.obj
 .time_critical.flash_do_cmd
                0x200002e4       0xd8 CMakeFiles/dac.dir/C_/Program_Files/Raspberry_Pi/Pico_SDK_v1.5.1/pico-sdk/src/rp2_common/hardware_flash/flash.c.obj
                0x200002e4                flash_do_cmd
 .time_critical.reset_non_control_endpoints
                0x200003bc       0x40 CMakeFiles/dac.dir/C_/Program_Files/Raspberry_Pi/Pico_SDK_v1.5.1/pico-sdk/lib/tinyusb/src/portable/raspberrypi/rp2040/dcd_rp2040.c.obj
 .time_critical.hw_handle_buff_status
                0x200003fc       0xa4 CMakeFiles/dac.dir/C_/Program_Files/Raspberry_Pi/Pico_SDK_v1.5.1/pico-sdk/lib/tinyusb/src/portable/raspberrypi/rp2040/dcd_rp2040.c.obj
 .time_critical.dcd_rp2040_irq
                0x200004a0      0x1cc CMakeFiles/dac.dir/C_/Program_Files/Raspberry_Pi/Pico_SDK_v1.5.1/pico-sdk/lib/tinyusb/src/portable/raspberrypi/rp2040/dcd_rp2040.c.obj
 .time_critical.e15_is_bulkin_ep
                0x2000066c       0x2c CMakeFiles/dac.dir/C_/Program_Files/Raspberry_Pi/Pico_SDK_v1.5.1/pico-sdk/lib/tinyusb/src/portable/raspberrypi/rp2040/rp2040_usb.c.obj
 .time_critical.e15_is_critical_frame_period
                0x20000698       0x30 CMakeFiles/dac.dir/C_/Program_Files/Raspberry_Pi/Pico_SDK_v1.5.1/pico-sdk/lib/tinyusb/src/portable/raspberrypi/rp2040/rp2040_usb.c.obj
 .time_critical.prepare_ep_buffer
                0x200006c8       0x70 CMakeFiles/dac.dir/C_/Program_Files/Raspberry_Pi/Pico_SDK_v1.5.1/pico-sdk/lib/tinyusb/src/portable/raspberrypi/rp2040/rp2040_usb.c.obj
 .time_critical.sync_ep_buffer
                0x20000738       0x80 CMakeFiles/dac.dir/C_/Program_Files/Raspberry_Pi/Pico_SDK_v1.5.1/pico-sdk/lib/tinyusb/src/portable/raspberrypi/rp2040/rp2040_usb.c.obj
 .time_critical._hw_endpoint_xfer_sync
                0x200007b8       0x28 CMakeFiles/dac.dir/C_/Program_Files/Raspberry_Pi/Pico_SDK_v1.5.1/pico-sdk/lib/tinyusb/src/portable/raspberrypi/rp2040/rp2040_usb.c.obj
 .time_critical.hw_endpoint_reset_transfer
                0x200007e0        0xc CMakeFiles/dac.dir/C_/Program_Files/Raspberry_Pi/Pico_SDK_v1.5.1/pico-sdk/lib/tinyusb/src/portable/raspberrypi/rp2040/rp2040_usb.c.obj
                0x200007e0                hw_endpoint_reset_transfer
 .time_critical._hw_endpoint_buffer_control_update32
                0x200007ec       0x58 CMakeFiles/dac.dir/C_/Program_Files/Raspberry_Pi/Pico_SDK_v1.5.1/pico-sdk/lib/tinyusb/src/portable/raspberrypi/rp2040/rp2040_usb.c.obj
                0x200007ec                _hw_endpoint_buffer_control_update32
 .time_critical.hw_endpoint_start_next_buffer
                0x20000844       0x88 CMakeFiles/dac.dir/C_/Program_Files/Raspberry_Pi/Pico_SDK_v1.5.1/pico-sdk/lib/tinyusb/src/portable/raspberrypi/rp2040/rp2040_usb.c.obj
                0x20000844                hw_endpoint_start_next_buffer
 .time_critical.hw_endpoint_xfer_continue