Archive member included to satisfy reference by file (symbol)

c:/progra~1/raspbe~1/picosd~1.1/gcc-ar~1/bin/../lib/gcc/arm-none-eabi/10.3.1/thumb/v6-m/nofp\libgcc.a(_dvmd_tls.o)
                              CMakeFiles/i2c_screen.dir/C_/Program_Files/Raspberry_Pi/Pico_SDK_v1.5.1/pico-sdk/src/rp2_common/pico_divider/divider.S.obj (__aeabi_idiv0)
c:/progra~1/raspbe~1/picosd~1.1/gcc-ar~1/bin/../lib/gcc/arm-none-eabi/10.3.1/../../../../arm-none-eabi/lib/thumb/v6-m/nofp\libg.a(lib_a-calloc.o)
                              CMakeFiles/i2c_screen.dir/C_/Program_Files/Raspberry_Pi/Pico_SDK_v1.5.1/pico-sdk/src/rp2_common/pico_malloc/pico_malloc.c.obj (calloc)
c:/progra~1/raspbe~1/picosd~1.1/gcc-ar~1/bin/../lib/gcc/arm-none-eabi/10.3.1/../../../../arm-none-eabi/lib/thumb/v6-m/nofp\libg.a(lib_a-callocr.o)
                              c:/progra~1/raspbe~1/picosd~1.1/gcc-ar~1/bin/../lib/gcc/arm-none-eabi/10.3.1/../../../../arm-none-eabi/lib/thumb/v6-m/nofp\libg.a(lib_a-calloc.o) (_calloc_r)
c:/progra~1/raspbe~1/picosd~1.1/gcc-ar~1/bin/../lib/gcc/arm-none-eabi/10.3.1/../../../../arm-none-eabi/lib/thumb/v6-m/nofp\libg.a(lib_a-errno.o)
                              c:/progra~1/raspbe~1/picosd~1.1/gcc-ar~1/bin/../lib/gcc/arm-none-eabi/10.3.1/../../../../arm-none-eabi/lib/thumb/v6-m/nofp\libg.a(lib_a-callocr.o) (__errno)
c:/progra~1/raspbe~1/picosd~1.1/gcc-ar~1/bin/../lib/gcc/arm-none-eabi/10.3.1/../../../../arm-none-eabi/lib/thumb/v6-m/nofp\libg.a(lib_a-impure.o)
                              c:/progra~1/raspbe~1/picosd~1.1/gcc-ar~1/bin/../lib/gcc/arm-none-eabi/10.3.1/../../../../arm-none-eabi/lib/thumb/v6-m/nofp\libg.a(lib_a-calloc.o) (_impure_ptr)
c:/progra~1/raspbe~1/picosd~1.1/gcc-ar~1/bin/../lib/gcc/arm-none-eabi/10.3.1/../../../../arm-none-eabi/lib/thumb/v6-m/nofp\libg.a(lib_a-init.o)
                              c:/progra~1/raspbe~1/picosd~1.1/gcc-ar~1/bin/../lib/gcc/arm-none-eabi/10.3.1/../../../../arm-none-eabi/lib/thumb/v6-m/nofp/crt0.o (__libc_init_array)
c:/progra~1/raspbe~1/picosd~1.1/gcc-ar~1/bin/../lib/gcc/arm-none-eabi/10.3.1/../../../../arm-none-eabi/lib/thumb/v6-m/nofp\libg.a(lib_a-malloc.o)
                              CMakeFiles/i2c_screen.dir/C_/Program_Files/Raspberry_Pi/Pico_SDK_v1.5.1/pico-sdk/src/rp2_common/pico_malloc/pico_malloc.c.obj (malloc)
c:/progra~1/raspbe~1/picosd~1.1/gcc-ar~1/bin/../lib/gcc/arm-none-eabi/10.3.1/../../../../arm-none-eabi/lib/thumb/v6-m/nofp\libg.a(lib_a-mallocr.o)
                              c:/progra~1/raspbe~1/picosd~1.1/gcc-ar~1/bin/../lib/gcc/arm-none-eabi/10.3.1/../../../../arm-none-eabi/lib/thumb/v6-m/nofp\libg.a(lib_a-callocr.o) (_malloc_r)
c:/progra~1/raspbe~1/picosd~1.1/gcc-ar~1/bin/../lib/gcc/arm-none-eabi/10.3.1/../../../../arm-none-eabi/lib/thumb/v6-m/nofp\libg.a(lib_a-mlock.o)
                              c:/progra~1/raspbe~1/picosd~1.1/gcc-ar~1/bin/../lib/gcc/arm-none-eabi/10.3.1/../../../../arm-none-eabi/lib/thumb/v6-m/nofp\libg.a(lib_a-mallocr.o) (__malloc_lock)
c:/progra~1/raspbe~1/picosd~1.1/gcc-ar~1/bin/../lib/gcc/arm-none-eabi/10.3.1/../../../../arm-none-eabi/lib/thumb/v6-m/nofp\libg.a(lib_a-realloc.o)
                              CMakeFiles/i2c_screen.dir/C_/Program_Files/Raspberry_Pi/Pico_SDK_v1.5.1/pico-sdk/src/rp2_common/pico_malloc/pico_malloc.c.obj (realloc)
c:/progra~1/raspbe~1/picosd~1.1/gcc-ar~1/bin/../lib/gcc/arm-none-eabi/10.3.1/../../../../arm-none-eabi/lib/thumb/v6-m/nofp\libg.a(lib_a-reallocr.o)
                              c:/progra~1/raspbe~1/picosd~1.1/gcc-ar~1/bin/../lib/gcc/arm-none-eabi/10.3.1/../../../../arm-none-eabi/lib/thumb/v6-m/nofp\libg.a(lib_a-realloc.o) (_realloc_r)
c:/progra~1/raspbe~1/picosd~1.1/gcc-ar~1/bin/../lib/gcc/arm-none-eabi/10.3.1/../../../../arm-none-eabi/lib/thumb/v6-m/nofp\libg.a(lib_a-sbrkr.o)
                              c:/progra~1/raspbe~1/picosd~1.1/gcc-ar~1/bin/../lib/gcc/arm-none-eabi/10.3.1/../../../../arm-none-eabi/lib/thumb/v6-m/nofp\libg.a(lib_a-mallocr.o) (_sbrk_r)
c:/progra~1/raspbe~1/picosd~1.1/gcc-ar~1/bin/../lib/gcc/arm-none-eabi/10.3.1/../../../../arm-none-eabi/lib/thumb/v6-m/nofp\libg.a(lib_a-strlen-stub.o)
                              CMakeFiles/i2c_screen.dir/C_/Program_Files/Raspberry_Pi/Pico_SDK_v1.5.1/pico-sdk/src/rp2_common/pico_stdio/stdio.c.obj (strlen)
c:/progra~1/raspbe~1/picosd~1.1/gcc-ar~1/bin/../lib/gcc/arm-none-eabi/10.3.1/../../../../arm-none-eabi/lib/thumb/v6-m/nofp\libg.a(lib_a-freer.o)
                              c:/progra~1/raspbe~1/picosd~1.1/gcc-ar~1/bin/../lib/gcc/arm-none-eabi/10.3.1/../../../../arm-none-eabi/lib/thumb/v6-m/nofp\libg.a(lib_a-malloc.o) (_free_r)
c:/progra~1/raspbe~1/picosd~1.1/gcc-ar~1/bin/../lib/gcc/arm-none-eabi/10.3.1/../../../../arm-none-eabi/lib/thumb/v6-m/nofp\libg.a(lib_a-lock.o)
                              c:/progra~1/raspbe~1/picosd~1.1/gcc-ar~1/bin/../lib/gcc/arm-none-eabi/10.3.1/../../../../arm-none-eabi/lib/thumb/v6-m/nofp\libg.a(lib_a-mlock.o) (__retarget_lock_acquire_recursive)
[...]
Memory Configuration

Name             Origin             Length             Attributes
FLASH            0x10000000         0x00200000         xr
RAM              0x20000000         0x00040000         xrw
SCRATCH_X        0x20040000         0x00001000         xrw
SCRATCH_Y        0x20041000         0x00001000         xrw
*default*        0x00000000         0xffffffff

Linker script and memory map

LOAD c:/progra~1/raspbe~1/picosd~1.1/gcc-ar~1/bin/../lib/gcc/arm-none-eabi/10.3.1/thumb/v6-m/nofp/crti.o
LOAD c:/progra~1/raspbe~1/picosd~1.1/gcc-ar~1/bin/../lib/gcc/arm-none-eabi/10.3.1/thumb/v6-m/nofp/crtbegin.o
LOAD c:/progra~1/raspbe~1/picosd~1.1/gcc-ar~1/bin/../lib/gcc/arm-none-eabi/10.3.1/../../../../arm-none-eabi/lib/thumb/v6-m/nofp/crt0.o

.flash_begin    0x10000000        0x0
                0x10000000                __flash_binary_start = .

.boot2          0x10000000      0x100
                0x10000000                __boot2_start__ = .
 *(.boot2)
 .boot2         0x10000000      0x100 C:\Users\maxim\AppData\Local\Temp\ccC6nD9B.o
                0x10000100                __boot2_end__ = .
                0x00000001                ASSERT (((__boot2_end__ - __boot2_start__) == 0x100), ERROR: Pico second stage bootloader must be 256 bytes in size)

.text           0x10000100     0x7398
                0x10000100                __logical_binary_start = .
 *(.vectors)
 .vectors       0x10000100       0xd4 CMakeFiles/i2c_screen.dir/C_/Program_Files/Raspberry_Pi/Pico_SDK_v1.5.1/pico-sdk/src/rp2_common/pico_standard_link/crt0.S.obj
                0x10000100                __VECTOR_TABLE
                0x10000100                __vectors
                0x100001c0                isr_invalid
                0x100001c0                __default_isrs_start
                0x100001c2                isr_nmi
                0x100001c4                isr_hardfault
                0x100001c6                isr_svcall
                0x100001c8                isr_pendsv
                0x100001ca                isr_systick
                0x100001cc                isr_irq23
                0x100001cc                isr_irq18
                0x100001cc                isr_irq11
                0x100001cc                isr_irq28
                0x100001cc                isr_irq19
                0x100001cc                isr_irq0
                0x100001cc                isr_irq6
                0x100001cc                isr_irq5
                0x100001cc                isr_irq12
                0x100001cc                isr_irq22
                0x100001cc                isr_irq31
                0x100001cc                isr_irq17
                0x100001cc                isr_irq27
                0x100001cc                isr_irq30
                0x100001cc                isr_irq2
                0x100001cc                isr_irq10
                0x100001cc                isr_irq8
                0x100001cc                isr_irq24
                0x100001cc                isr_irq1
                0x100001cc                isr_irq7
                0x100001cc                isr_irq21
                0x100001cc                isr_irq20
                0x100001cc                isr_irq15
                0x100001cc                isr_irq25
                0x100001cc                isr_irq13
                0x100001cc                __unhandled_user_irq
                0x100001cc                isr_irq4
                0x100001cc                isr_irq16
                0x100001cc                isr_irq29
                0x100001cc                isr_irq26
                0x100001cc                __default_isrs_end
                0x100001cc                isr_irq3
                0x100001cc                isr_irq14
                0x100001cc                isr_irq9
                0x100001d2                unhandled_user_irq_num_in_r0
 *(.binary_info_header)
 .binary_info_header
                0x100001d4       0x14 CMakeFiles/i2c_screen.dir/C_/Program_Files/Raspberry_Pi/Pico_SDK_v1.5.1/pico-sdk/src/rp2_common/pico_standard_link/crt0.S.obj
                0x100001e8                __binary_info_header_end = .
 *(.reset)
 .reset         0x100001e8       0xa0 CMakeFiles/i2c_screen.dir/C_/Program_Files/Raspberry_Pi/Pico_SDK_v1.5.1/pico-sdk/src/rp2_common/pico_standard_link/crt0.S.obj
                0x100001e8                _entry_point
 .reset         0x10000288       0x30 CMakeFiles/i2c_screen.dir/C_/Program_Files/Raspberry_Pi/Pico_SDK_v1.5.1/pico-sdk/src/rp2_common/pico_standard_link/binary_info.c.obj
 *(.init)
 .init          0x100002b8        0x4 c:/progra~1/raspbe~1/picosd~1.1/gcc-ar~1/bin/../lib/gcc/arm-none-eabi/10.3.1/thumb/v6-m/nofp/crti.o
                0x100002b8                _init
 *(EXCLUDE_FILE(*libm.a: *libc.a:*lib_a-mem*.o *libgcc.a:) .text*)
 .text          0x100002bc       0x48 c:/progra~1/raspbe~1/picosd~1.1/gcc-ar~1/bin/../lib/gcc/arm-none-eabi/10.3.1/thumb/v6-m/nofp/crtbegin.o
 .text.ssd1306_drawColumn
                0x10000304       0x28 CMakeFiles/i2c_screen.dir/i2c_screen.c.obj
                0x10000304                ssd1306_drawColumn
 .text.ssd1306_drawChar
                0x1000032c       0x30 CMakeFiles/i2c_screen.dir/i2c_screen.c.obj
                0x1000032c                ssd1306_drawChar
 .text.ssd1306_writeMessage
                0x1000035c       0x2c CMakeFiles/i2c_screen.dir/i2c_screen.c.obj
                0x1000035c                ssd1306_writeMessage
 .text.main     0x10000388      0x12c CMakeFiles/i2c_screen.dir/i2c_screen.c.obj
                0x10000388                main
 .text.ssd1306_command
                0x100004b4       0x28 CMakeFiles/i2c_screen.dir/ssd1306.c.obj
                0x100004b4                ssd1306_command
 .text.ssd1306_update
                0x100004dc       0x50 CMakeFiles/i2c_screen.dir/ssd1306.c.obj
                0x100004dc                ssd1306_update
 .text.ssd1306_drawPixel
                0x1000052c       0x44 CMakeFiles/i2c_screen.dir/ssd1306.c.obj
                0x1000052c                ssd1306_drawPixel
 .text.ssd1306_clear
                0x10000570       0x1c CMakeFiles/i2c_screen.dir/ssd1306.c.obj
                0x10000570                ssd1306_clear
 .text.ssd1306_setup
                0x1000058c       0xa8 CMakeFiles/i2c_screen.dir/ssd1306.c.obj
                0x1000058c                ssd1306_setup
 .text.gpio_set_function
                0x10000634       0x30 CMakeFiles/i2c_screen.dir/C_/Program_Files/Raspberry_Pi/Pico_SDK_v1.5.1/pico-sdk/src/rp2_common/hardware_gpio/gpio.c.obj
                0x10000634                gpio_set_function
 .text.gpio_set_pulls
                0x10000664       0x34 CMakeFiles/i2c_screen.dir/C_/Program_Files/Raspberry_Pi/Pico_SDK_v1.5.1/pico-sdk/src/rp2_common/hardware_gpio/gpio.c.obj
                0x10000664                gpio_set_pulls
 .text.gpio_set_input_enabled
                0x10000698       0x30 CMakeFiles/i2c_screen.dir/C_/Program_Files/Raspberry_Pi/Pico_SDK_v1.5.1/pico-sdk/src/rp2_common/hardware_gpio/gpio.c.obj
                0x10000698                gpio_set_input_enabled
 .text.gpio_init
                0x100006c8       0x16 CMakeFiles/i2c_screen.dir/C_/Program_Files/Raspberry_Pi/Pico_SDK_v1.5.1/pico-sdk/src/rp2_common/hardware_gpio/gpio.c.obj
                0x100006c8                gpio_init
 *fill*         0x100006de        0x2 
 .text.running_on_fpga
                0x100006e0       0x14 CMakeFiles/i2c_screen.dir/C_/Program_Files/Raspberry_Pi/Pico_SDK_v1.5.1/pico-sdk/src/rp2_common/pico_platform/platform.c.obj
                0x100006e0                running_on_fpga
 .text.hw_claim_lock
                0x100006f4       0x18 CMakeFiles/i2c_screen.dir/C_/Program_Files/Raspberry_Pi/Pico_SDK_v1.5.1/pico-sdk/src/rp2_common/hardware_claim/claim.c.obj
                0x100006f4                hw_claim_lock
 .text.hw_claim_unlock
                0x1000070c       0x14 CMakeFiles/i2c_screen.dir/C_/Program_Files/Raspberry_Pi/Pico_SDK_v1.5.1/pico-sdk/src/rp2_common/hardware_claim/claim.c.obj
                0x1000070c                hw_claim_unlock
 .text.hw_claim_or_assert
                0x10000720       0x32 CMakeFiles/i2c_screen.dir/C_/Program_Files/Raspberry_Pi/Pico_SDK_v1.5.1/pico-sdk/src/rp2_common/hardware_claim/claim.c.obj
                0x10000720                hw_claim_or_assert
 .text.hw_claim_unused_from_range
                0x10000752       0x50 CMakeFiles/i2c_screen.dir/C_/Program_Files/Raspberry_Pi/Pico_SDK_v1.5.1/pico-sdk/src/rp2_common/hardware_claim/claim.c.obj
                0x10000752                hw_claim_unused_from_range
 *fill*         0x100007a2        0x2 
 .text.spin_locks_reset
                0x100007a4       0x20 CMakeFiles/i2c_screen.dir/C_/Program_Files/Raspberry_Pi/Pico_SDK_v1.5.1/pico-sdk/src/rp2_common/hardware_sync/sync.c.obj
                0x100007a4                spin_locks_reset
 .text.next_striped_spin_lock_num
                0x100007c4       0x1c CMakeFiles/i2c_screen.dir/C_/Program_Files/Raspberry_Pi/Pico_SDK_v1.5.1/pico-sdk/src/rp2_common/hardware_sync/sync.c.obj
                0x100007c4                next_striped_spin_lock_num
 .text.spin_lock_claim_unused
                0x100007e0       0x20 CMakeFiles/i2c_screen.dir/C_/Program_Files/Raspberry_Pi/Pico_SDK_v1.5.1/pico-sdk/src/rp2_common/hardware_sync/sync.c.obj
                0x100007e0                spin_lock_claim_unused
 .text.set_raw_irq_handler_and_unlock
                0x10000800       0x28 CMakeFiles/i2c_screen.dir/C_/Program_Files/Raspberry_Pi/Pico_SDK_v1.5.1/pico-sdk/src/rp2_common/hardware_irq/irq.c.obj
 .text.make_branch
                0x10000828       0x48 CMakeFiles/i2c_screen.dir/C_/Program_Files/Raspberry_Pi/Pico_SDK_v1.5.1/pico-sdk/src/rp2_common/hardware_irq/irq.c.obj
 .text.insert_branch_and_link
                0x10000870       0x40 CMakeFiles/i2c_screen.dir/C_/Program_Files/Raspberry_Pi/Pico_SDK_v1.5.1/pico-sdk/src/rp2_common/hardware_irq/irq.c.obj
 .text.irq_is_enabled
                0x100008b0       0x18 CMakeFiles/i2c_screen.dir/C_/Program_Files/Raspberry_Pi/Pico_SDK_v1.5.1/pico-sdk/src/rp2_common/hardware_irq/irq.c.obj
                0x100008b0                irq_is_enabled
 .text.irq_set_mask_enabled
                0x100008c8       0x20 CMakeFiles/i2c_screen.dir/C_/Program_Files/Raspberry_Pi/Pico_SDK_v1.5.1/pico-sdk/src/rp2_common/hardware_irq/irq.c.obj
                0x100008c8                irq_set_mask_enabled
 .text.irq_set_enabled
                0x100008e8        0xe CMakeFiles/i2c_screen.dir/C_/Program_Files/Raspberry_Pi/Pico_SDK_v1.5.1/pico-sdk/src/rp2_common/hardware_irq/irq.c.obj
                0x100008e8                irq_set_enabled
 *fill*         0x100008f6        0x2 
 .text.irq_set_pending
                0x100008f8       0x10 CMakeFiles/i2c_screen.dir/C_/Program_Files/Raspberry_Pi/Pico_SDK_v1.5.1/pico-sdk/src/rp2_common/hardware_irq/irq.c.obj
                0x100008f8                irq_set_pending
 .text.irq_get_vtable_handler
                0x10000908       0x10 CMakeFiles/i2c_screen.dir/C_/Program_Files/Raspberry_Pi/Pico_SDK_v1.5.1/pico-sdk/src/rp2_common/hardware_irq/irq.c.obj
                0x10000908                irq_get_vtable_handler
 .text.irq_has_shared_handler
                0x10000918       0x24 CMakeFiles/i2c_screen.dir/C_/Program_Files/Raspberry_Pi/Pico_SDK_v1.5.1/pico-sdk/src/rp2_common/hardware_irq/irq.c.obj
                0x10000918                irq_has_shared_handler
 .text.irq_set_exclusive_handler
                0x1000093c       0x54 CMakeFiles/i2c_screen.dir/C_/Program_Files/Raspberry_Pi/Pico_SDK_v1.5.1/pico-sdk/src/rp2_common/hardware_irq/irq.c.obj
                0x1000093c                irq_set_exclusive_handler
 .text.irq_add_shared_handler
                0x10000990      0x234 CMakeFiles/i2c_screen.dir/C_/Program_Files/Raspberry_Pi/Pico_SDK_v1.5.1/pico-sdk/src/rp2_common/hardware_irq/irq.c.obj
                0x10000990                irq_add_shared_handler
 .text.irq_remove_handler
                0x10000bc4      0x1ac CMakeFiles/i2c_screen.dir/C_/Program_Files/Raspberry_Pi/Pico_SDK_v1.5.1/pico-sdk/src/rp2_common/hardware_irq/irq.c.obj
                0x10000bc4                irq_remove_handler
 .text.irq_add_tail_to_free_list
                0x10000d70       0xf0 CMakeFiles/i2c_screen.dir/C_/Program_Files/Raspberry_Pi/Pico_SDK_v1.5.1/pico-sdk/src/rp2_common/hardware_irq/irq.c.obj
                0x10000d70                irq_add_tail_to_free_list
 .text.irq_init_priorities
                0x10000e60       0x1c CMakeFiles/i2c_screen.dir/C_/Program_Files/Raspberry_Pi/Pico_SDK_v1.5.1/pico-sdk/src/rp2_common/hardware_irq/irq.c.obj
                0x10000e60                irq_init_priorities
 .text.user_irq_claim_unused
                0x10000e7c       0x28 CMakeFiles/i2c_screen.dir/C_/Program_Files/Raspberry_Pi/Pico_SDK_v1.5.1/pico-sdk/src/rp2_common/hardware_irq/irq.c.obj
                0x10000e7c                user_irq_claim_unused
 .text.lock_init
                0x10000ea4       0x10 CMakeFiles/i2c_screen.dir/C_/Program_Files/Raspberry_Pi/Pico_SDK_v1.5.1/pico-sdk/src/common/pico_sync/lock_core.c.obj
                0x10000ea4                lock_init
 .text.mutex_init
                0x10000eb4       0x1a CMakeFiles/i2c_screen.dir/C_/Program_Files/Raspberry_Pi/Pico_SDK_v1.5.1/pico-sdk/src/common/pico_sync/mutex.c.obj
                0x10000eb4                mutex_init
 .text.recursive_mutex_init
                0x10000ece       0x1e CMakeFiles/i2c_screen.dir/C_/Program_Files/Raspberry_Pi/Pico_SDK_v1.5.1/pico-sdk/src/common/pico_sync/mutex.c.obj
                0x10000ece                recursive_mutex_init
 .text.critical_section_init_with_lock_num
                0x10000eec       0x14 CMakeFiles/i2c_screen.dir/C_/Program_Files/Raspberry_Pi/Pico_SDK_v1.5.1/pico-sdk/src/common/pico_sync/critical_section.c.obj
                0x10000eec                critical_section_init_with_lock_num
 .text.critical_section_init
                0x10000f00       0x14 CMakeFiles/i2c_screen.dir/C_/Program_Files/Raspberry_Pi/Pico_SDK_v1.5.1/pico-sdk/src/common/pico_sync/critical_section.c.obj
                0x10000f00                critical_section_init
 .text.alarm_pool_post_alloc_init
                0x10000f14       0x40 CMakeFiles/i2c_screen.dir/C_/Program_Files/Raspberry_Pi/Pico_SDK_v1.5.1/pico-sdk/src/common/pico_time/time.c.obj
 .text.sleep_until_callback
                0x10000f54       0x30 CMakeFiles/i2c_screen.dir/C_/Program_Files/Raspberry_Pi/Pico_SDK_v1.5.1/pico-sdk/src/common/pico_time/time.c.obj
 .text.timer_pool_entry_comparator
                0x10000f84       0x7c CMakeFiles/i2c_screen.dir/C_/Program_Files/Raspberry_Pi/Pico_SDK_v1.5.1/pico-sdk/src/common/pico_time/time.c.obj
                0x10000f84                timer_pool_entry_comparator
 .text.ph_add_child_node
                0x10001000       0xa4 CMakeFiles/i2c_screen.dir/C_/Program_Files/Raspberry_Pi/Pico_SDK_v1.5.1/pico-sdk/src/common/pico_time/time.c.obj
 .text.ph_merge_nodes
                0x100010a4       0x3e CMakeFiles/i2c_screen.dir/C_/Program_Files/Raspberry_Pi/Pico_SDK_v1.5.1/pico-sdk/src/common/pico_time/time.c.obj
 *fill*         0x100010e2        0x2 
 .text.add_alarm_under_lock
                0x100010e4      0x174 CMakeFiles/i2c_screen.dir/C_/Program_Files/Raspberry_Pi/Pico_SDK_v1.5.1/pico-sdk/src/common/pico_time/time.c.obj
 .text.alarm_pool_alarm_callback
                0x10001258      0x33c CMakeFiles/i2c_screen.dir/C_/Program_Files/Raspberry_Pi/Pico_SDK_v1.5.1/pico-sdk/src/common/pico_time/time.c.obj
 .text.alarm_pool_init_default
                0x10001594       0x40 CMakeFiles/i2c_screen.dir/C_/Program_Files/Raspberry_Pi/Pico_SDK_v1.5.1/pico-sdk/src/common/pico_time/time.c.obj
                0x10001594                alarm_pool_init_default
 .text.alarm_pool_get_default
                0x100015d4       0x2c CMakeFiles/i2c_screen.dir/C_/Program_Files/Raspberry_Pi/Pico_SDK_v1.5.1/pico-sdk/src/common/pico_time/time.c.obj
                0x100015d4                alarm_pool_get_default
 .text.alarm_pool_add_alarm_at
                0x10001600      0x168 CMakeFiles/i2c_screen.dir/C_/Program_Files/Raspberry_Pi/Pico_SDK_v1.5.1/pico-sdk/src/common/pico_time/time.c.obj
                0x10001600                alarm_pool_add_alarm_at
 .text.alarm_pool_cancel_alarm
                0x10001768       0xf8 CMakeFiles/i2c_screen.dir/C_/Program_Files/Raspberry_Pi/Pico_SDK_v1.5.1/pico-sdk/src/common/pico_time/time.c.obj
                0x10001768                alarm_pool_cancel_alarm
 .text.alarm_pool_core_num
                0x10001860        0x4 CMakeFiles/i2c_screen.dir/C_/Program_Files/Raspberry_Pi/Pico_SDK_v1.5.1/pico-sdk/src/common/pico_time/time.c.obj
                0x10001860                alarm_pool_core_num
 .text.sleep_until
                0x10001864       0xfc CMakeFiles/i2c_screen.dir/C_/Program_Files/Raspberry_Pi/Pico_SDK_v1.5.1/pico-sdk/src/common/pico_time/time.c.obj
                0x10001864                sleep_until
 .text.sleep_us
                0x10001960       0x58 CMakeFiles/i2c_screen.dir/C_/Program_Files/Raspberry_Pi/Pico_SDK_v1.5.1/pico-sdk/src/common/pico_time/time.c.obj
                0x10001960                sleep_us
 .text.sleep_ms
                0x100019b8       0x14 CMakeFiles/i2c_screen.dir/C_/Program_Files/Raspberry_Pi/Pico_SDK_v1.5.1/pico-sdk/src/common/pico_time/time.c.obj
                0x100019b8                sleep_ms
 .text.best_effort_wfe_or_timeout
                0x100019cc       0xac CMakeFiles/i2c_screen.dir/C_/Program_Files/Raspberry_Pi/Pico_SDK_v1.5.1/pico-sdk/src/common/pico_time/time.c.obj
                0x100019cc                best_effort_wfe_or_timeout
 .text.hardware_alarm_irq_handler
                0x10001a78       0x90 CMakeFiles/i2c_screen.dir/C_/Program_Files/Raspberry_Pi/Pico_SDK_v1.5.1/pico-sdk/src/rp2_common/hardware_timer/timer.c.obj
 .text.hardware_alarm_claim
                0x10001b08       0x18 CMakeFiles/i2c_screen.dir/C_/Program_Files/Raspberry_Pi/Pico_SDK_v1.5.1/pico-sdk/src/rp2_common/hardware_timer/timer.c.obj
                0x10001b08                hardware_alarm_claim
 .text.time_us_64
                0x10001b20       0x18 CMakeFiles/i2c_screen.dir/C_/Program_Files/Raspberry_Pi/Pico_SDK_v1.5.1/pico-sdk/src/rp2_common/hardware_timer/timer.c.obj
                0x10001b20                time_us_64
 .text.busy_wait_until
                0x10001b38       0x28 CMakeFiles/i2c_screen.dir/C_/Program_Files/Raspberry_Pi/Pico_SDK_v1.5.1/pico-sdk/src/rp2_common/hardware_timer/timer.c.obj
                0x10001b38                busy_wait_until
 .text.hardware_alarm_set_callback
                0x10001b60       0x90 CMakeFiles/i2c_screen.dir/C_/Program_Files/Raspberry_Pi/Pico_SDK_v1.5.1/pico-sdk/src/rp2_common/hardware_timer/timer.c.obj
                0x10001b60                hardware_alarm_set_callback
 .text.hardware_alarm_set_target
                0x10001bf0       0xe8 CMakeFiles/i2c_screen.dir/C_/Program_Files/Raspberry_Pi/Pico_SDK_v1.5.1/pico-sdk/src/rp2_common/hardware_timer/timer.c.obj
                0x10001bf0                hardware_alarm_set_target
 .text.hardware_alarm_cancel
                0x10001cd8       0x40 CMakeFiles/i2c_screen.dir/C_/Program_Files/Raspberry_Pi/Pico_SDK_v1.5.1/pico-sdk/src/rp2_common/hardware_timer/timer.c.obj
                0x10001cd8                hardware_alarm_cancel
 .text.ph_add_child_node
                0x10001d18       0xa4 CMakeFiles/i2c_screen.dir/C_/Program_Files/Raspberry_Pi/Pico_SDK_v1.5.1/pico-sdk/src/common/pico_util/pheap.c.obj
 .text.ph_merge_nodes
                0x10001dbc       0x3e CMakeFiles/i2c_screen.dir/C_/Program_Files/Raspberry_Pi/Pico_SDK_v1.5.1/pico-sdk/src/common/pico_util/pheap.c.obj
 *fill*         0x10001dfa        0x2 
 .text.ph_clear
                0x10001dfc       0x70 CMakeFiles/i2c_screen.dir/C_/Program_Files/Raspberry_Pi/Pico_SDK_v1.5.1/pico-sdk/src/common/pico_util/pheap.c.obj
                0x10001dfc                ph_clear
 .text.ph_post_alloc_init
                0x10001e6c        0xe CMakeFiles/i2c_screen.dir/C_/Program_Files/Raspberry_Pi/Pico_SDK_v1.5.1/pico-sdk/src/common/pico_util/pheap.c.obj
                0x10001e6c                ph_post_alloc_init
 *fill*         0x10001e7a        0x2 
 .text.ph_merge_two_pass
                0x10001e7c       0xa8 CMakeFiles/i2c_screen.dir/C_/Program_Files/Raspberry_Pi/Pico_SDK_v1.5.1/pico-sdk/src/common/pico_util/pheap.c.obj
                0x10001e7c                ph_merge_two_pass
 .text.ph_remove_any_head
                0x10001f24      0x128 CMakeFiles/i2c_screen.dir/C_/Program_Files/Raspberry_Pi/Pico_SDK_v1.5.1/pico-sdk/src/common/pico_util/pheap.c.obj
 .text.ph_remove_head
                0x1000204c       0x14 CMakeFiles/i2c_screen.dir/C_/Program_Files/Raspberry_Pi/Pico_SDK_v1.5.1/pico-sdk/src/common/pico_util/pheap.c.obj
                0x1000204c                ph_remove_head
 .text.ph_remove_and_free_node
                0x10002060       0xf8 CMakeFiles/i2c_screen.dir/C_/Program_Files/Raspberry_Pi/Pico_SDK_v1.5.1/pico-sdk/src/common/pico_util/pheap.c.obj
                0x10002060                ph_remove_and_free_node
 .text.clock_configure
                0x10002158      0x108 CMakeFiles/i2c_screen.dir/C_/Program_Files/Raspberry_Pi/Pico_SDK_v1.5.1/pico-sdk/src/rp2_common/hardware_clocks/clocks.c.obj
                0x10002158                clock_configure
 .text.clocks_init
                0x10002260      0x100 CMakeFiles/i2c_screen.dir/C_/Program_Files/Raspberry_Pi/Pico_SDK_v1.5.1/pico-sdk/src/rp2_common/hardware_clocks/clocks.c.obj
                0x10002260                clocks_init
 .text.clock_get_hz
                0x10002360        0xc CMakeFiles/i2c_screen.dir/C_/Program_Files/Raspberry_Pi/Pico_SDK_v1.5.1/pico-sdk/src/rp2_common/hardware_clocks/clocks.c.obj
                0x10002360                clock_get_hz
 .text.pll_init
                0x1000236c      0x120 CMakeFiles/i2c_screen.dir/C_/Program_Files/Raspberry_Pi/Pico_SDK_v1.5.1/pico-sdk/src/rp2_common/hardware_pll/pll.c.obj
                0x1000236c                pll_init
 .text.watchdog_start_tick
                0x1000248c       0x10 CMakeFiles/i2c_screen.dir/C_/Program_Files/Raspberry_Pi/Pico_SDK_v1.5.1/pico-sdk/src/rp2_common/hardware_watchdog/watchdog.c.obj
                0x1000248c                watchdog_start_tick
 .text.watchdog_update
                0x1000249c       0x14 CMakeFiles/i2c_screen.dir/C_/Program_Files/Raspberry_Pi/Pico_SDK_v1.5.1/pico-sdk/src/rp2_common/hardware_watchdog/watchdog.c.obj
                0x1000249c                watchdog_update
 .text._watchdog_enable
                0x100024b0       0x78 CMakeFiles/i2c_screen.dir/C_/Program_Files/Raspberry_Pi/Pico_SDK_v1.5.1/pico-sdk/src/rp2_common/hardware_watchdog/watchdog.c.obj
                0x100024b0                _watchdog_enable
 .text.watchdog_reboot
                0x10002528       0x48 CMakeFiles/i2c_screen.dir/C_/Program_Files/Raspberry_Pi/Pico_SDK_v1.5.1/pico-sdk/src/rp2_common/hardware_watchdog/watchdog.c.obj
                0x10002528                watchdog_reboot
 .text.xosc_init
                0x10002570       0x28 CMakeFiles/i2c_screen.dir/C_/Program_Files/Raspberry_Pi/Pico_SDK_v1.5.1/pico-sdk/src/rp2_common/hardware_xosc/xosc.c.obj
                0x10002570                xosc_init
 .text._exit    0x10002598        0x4 CMakeFiles/i2c_screen.dir/C_/Program_Files/Raspberry_Pi/Pico_SDK_v1.5.1/pico-sdk/src/rp2_common/pico_runtime/runtime.c.obj
                0x10002598                _exit
 .text.exit     0x1000259c        0x6 CMakeFiles/i2c_screen.dir/C_/Program_Files/Raspberry_Pi/Pico_SDK_v1.5.1/pico-sdk/src/rp2_common/pico_runtime/runtime.c.obj
                0x1000259c                exit
 *fill*         0x100025a2        0x2 
 .text.__assert_func
                0x100025a4       0x3c CMakeFiles/i2c_screen.dir/C_/Program_Files/Raspberry_Pi/Pico_SDK_v1.5.1/pico-sdk/src/rp2_common/pico_runtime/runtime.c.obj
                0x100025a4                __assert_func
 .text.runtime_init
                0x100025e0       0xf8 CMakeFiles/i2c_screen.dir/C_/Program_Files/Raspberry_Pi/Pico_SDK_v1.5.1/pico-sdk/src/rp2_common/pico_runtime/runtime.c.obj
                0x100025e0                runtime_init
 .text.panic    0x100026d8       0x30 CMakeFiles/i2c_screen.dir/C_/Program_Files/Raspberry_Pi/Pico_SDK_v1.5.1/pico-sdk/src/rp2_common/pico_runtime/runtime.c.obj
                0x100026d8                panic
 .text._out_buffer
                0x10002708        0x8 CMakeFiles/i2c_screen.dir/C_/Program_Files/Raspberry_Pi/Pico_SDK_v1.5.1/pico-sdk/src/rp2_common/pico_printf/printf.c.obj
 .text._out_null
                0x10002710        0x2 CMakeFiles/i2c_screen.dir/C_/Program_Files/Raspberry_Pi/Pico_SDK_v1.5.1/pico-sdk/src/rp2_common/pico_printf/printf.c.obj
 .text._out_fct
                0x10002712        0xe CMakeFiles/i2c_screen.dir/C_/Program_Files/Raspberry_Pi/Pico_SDK_v1.5.1/pico-sdk/src/rp2_common/pico_printf/printf.c.obj
 .text._atoi    0x10002720       0x24 CMakeFiles/i2c_screen.dir/C_/Program_Files/Raspberry_Pi/Pico_SDK_v1.5.1/pico-sdk/src/rp2_common/pico_printf/printf.c.obj
 .text._out_rev
                0x10002744       0xae CMakeFiles/i2c_screen.dir/C_/Program_Files/Raspberry_Pi/Pico_SDK_v1.5.1/pico-sdk/src/rp2_common/pico_printf/printf.c.obj
 .text._ntoa_format
                0x100027f2      0x112 CMakeFiles/i2c_screen.dir/C_/Program_Files/Raspberry_Pi/Pico_SDK_v1.5.1/pico-sdk/src/rp2_common/pico_printf/printf.c.obj
 .text._ntoa_long
                0x10002904       0xbc CMakeFiles/i2c_screen.dir/C_/Program_Files/Raspberry_Pi/Pico_SDK_v1.5.1/pico-sdk/src/rp2_common/pico_printf/printf.c.obj
 .text._ntoa_long_long
                0x100029c0       0xe2 CMakeFiles/i2c_screen.dir/C_/Program_Files/Raspberry_Pi/Pico_SDK_v1.5.1/pico-sdk/src/rp2_common/pico_printf/printf.c.obj
 *fill*         0x10002aa2        0x2 
 .text._etoa    0x10002aa4      0x414 CMakeFiles/i2c_screen.dir/C_/Program_Files/Raspberry_Pi/Pico_SDK_v1.5.1/pico-sdk/src/rp2_common/pico_printf/printf.c.obj
 .text._ftoa    0x10002eb8      0x354 CMakeFiles/i2c_screen.dir/C_/Program_Files/Raspberry_Pi/Pico_SDK_v1.5.1/pico-sdk/src/rp2_common/pico_printf/printf.c.obj
 .text._vsnprintf
                0x1000320c      0x624 CMakeFiles/i2c_screen.dir/C_/Program_Files/Raspberry_Pi/Pico_SDK_v1.5.1/pico-sdk/src/rp2_common/pico_printf/printf.c.obj
 .text.__wrap_sprintf
                0x10003830       0x28 CMakeFiles/i2c_screen.dir/C_/Program_Files/Raspberry_Pi/Pico_SDK_v1.5.1/pico-sdk/src/rp2_common/pico_printf/printf.c.obj
                0x10003830                __wrap_sprintf
 .text.vfctprintf
                0x10003858       0x20 CMakeFiles/i2c_screen.dir/C_/Program_Files/Raspberry_Pi/Pico_SDK_v1.5.1/pico-sdk/src/rp2_common/pico_printf/printf.c.obj
                0x10003858                vfctprintf
 .text          0x10003878       0x10 CMakeFiles/i2c_screen.dir/C_/Program_Files/Raspberry_Pi/Pico_SDK_v1.5.1/pico-sdk/src/rp2_common/pico_bit_ops/bit_ops_aeabi.S.obj
 .text.rom_func_lookup
                0x10003888       0x10 CMakeFiles/i2c_screen.dir/C_/Program_Files/Raspberry_Pi/Pico_SDK_v1.5.1/pico-sdk/src/rp2_common/pico_bootrom/bootrom.c.obj
                0x10003888                rom_func_lookup
 .text.rom_data_lookup
                0x10003898       0x10 CMakeFiles/i2c_screen.dir/C_/Program_Files/Raspberry_Pi/Pico_SDK_v1.5.1/pico-sdk/src/rp2_common/pico_bootrom/bootrom.c.obj
                0x10003898                rom_data_lookup
 .text.rom_funcs_lookup
                0x100038a8       0x36 CMakeFiles/i2c_screen.dir/C_/Program_Files/Raspberry_Pi/Pico_SDK_v1.5.1/pico-sdk/src/rp2_common/pico_bootrom/bootrom.c.obj
                0x100038a8                rom_funcs_lookup
 *fill*         0x100038de        0x2 
 .text.__wrap___aeabi_idiv
                0x100038e0       0x50 CMakeFiles/i2c_screen.dir/C_/Program_Files/Raspberry_Pi/Pico_SDK_v1.5.1/pico-sdk/src/rp2_common/pico_divider/divider.S.obj
                0x100038e0                __wrap___aeabi_idivmod
                0x100038e0                divmod_s32s32
                0x100038e0                div_s32s32
                0x100038e0                __wrap___aeabi_idiv
                0x100038e8                divmod_s32s32_unsafe
                0x10003914                divmod_s32s32_savestate
 .text.__wrap___aeabi_uidiv
                0x10003930       0x4c CMakeFiles/i2c_screen.dir/C_/Program_Files/Raspberry_Pi/Pico_SDK_v1.5.1/pico-sdk/src/rp2_common/pico_divider/divider.S.obj
                0x10003930                __wrap___aeabi_uidiv
                0x10003930                __wrap___aeabi_uidivmod
                0x10003930                div_u32u32
                0x10003930                divmod_u32u32
                0x10003938                divmod_u32u32_unsafe
                0x10003960                divmod_u32u32_savestate
 .text.__wrap___aeabi_ldiv
                0x1000397c      0x424 CMakeFiles/i2c_screen.dir/C_/Program_Files/Raspberry_Pi/Pico_SDK_v1.5.1/pico-sdk/src/rp2_common/pico_divider/divider.S.obj
                0x1000397c                div_s64s64
                0x1000397c                divmod_s64s64
                0x1000397c                __wrap___aeabi_ldivmod
                0x100039ac                divmod_u64u64
                0x100039ac                div_u64u64
                0x100039ac                __wrap___aeabi_uldivmod
                0x100039bc                divmod_u64u64_savestate
                0x100039dc                divmod_s64s64_unsafe
                0x10003a64                divmod_u64u64_unsafe
 .text.__wrap___aeabi_darithmetic
                0x10003da0       0x80 CMakeFiles/i2c_screen.dir/C_/Program_Files/Raspberry_Pi/Pico_SDK_v1.5.1/pico-sdk/src/rp2_common/pico_double/double_aeabi.S.obj
                0x10003da0                __wrap___aeabi_drsub
                0x10003da6                __wrap___aeabi_dsub
                0x10003db8                __wrap___aeabi_dadd
                0x10003dca                __wrap___aeabi_ddiv
                0x10003e06                __wrap___aeabi_dmul
 .text.__wrap___aeabi_cdcmple
                0x10003e20       0x6c CMakeFiles/i2c_screen.dir/C_/Program_Files/Raspberry_Pi/Pico_SDK_v1.5.1/pico-sdk/src/rp2_common/pico_double/double_aeabi.S.obj
                0x10003e20                __wrap___aeabi_cdrcmple
                0x10003e30                __wrap___aeabi_cdcmpeq
                0x10003e30                __wrap___aeabi_cdcmple
 .text.__wrap___aeabi_dcmplt
                0x10003e8c        0xc CMakeFiles/i2c_screen.dir/C_/Program_Files/Raspberry_Pi/Pico_SDK_v1.5.1/pico-sdk/src/rp2_common/pico_double/double_aeabi.S.obj
                0x10003e8c                __wrap___aeabi_dcmplt
 .text.__wrap___aeabi_dcmple
                0x10003e98       0x10 CMakeFiles/i2c_screen.dir/C_/Program_Files/Raspberry_Pi/Pico_SDK_v1.5.1/pico-sdk/src/rp2_common/pico_double/double_aeabi.S.obj
                0x10003e98                __wrap___aeabi_dcmple
 .text.__wrap___aeabi_dcmpge
                0x10003ea8       0x10 CMakeFiles/i2c_screen.dir/C_/Program_Files/Raspberry_Pi/Pico_SDK_v1.5.1/pico-sdk/src/rp2_common/pico_double/double_aeabi.S.obj
                0x10003ea8                __wrap___aeabi_dcmpge
 .text.__wrap___aeabi_dcmpgt
                0x10003eb8        0xa CMakeFiles/i2c_screen.dir/C_/Program_Files/Raspberry_Pi/Pico_SDK_v1.5.1/pico-sdk/src/rp2_common/pico_double/double_aeabi.S.obj
                0x10003eb8                __wrap___aeabi_dcmpgt
 .text.__wrap___aeabi_dcmpun
                0x10003ec2       0x1c CMakeFiles/i2c_screen.dir/C_/Program_Files/Raspberry_Pi/Pico_SDK_v1.5.1/pico-sdk/src/rp2_common/pico_double/double_aeabi.S.obj
                0x10003ec2                __wrap___aeabi_dcmpun
 *fill*         0x10003ede        0x2 
 .text.__wrap___aeabi_i2d
                0x10003ee0       0x38 CMakeFiles/i2c_screen.dir/C_/Program_Files/Raspberry_Pi/Pico_SDK_v1.5.1/pico-sdk/src/rp2_common/pico_double/double_aeabi.S.obj
                0x10003ee0                __wrap___aeabi_ui2d
                0x10003ee8                __wrap___aeabi_i2d
 .text.__wrap___aeabi_d2iz
                0x10003f18       0x48 CMakeFiles/i2c_screen.dir/C_/Program_Files/Raspberry_Pi/Pico_SDK_v1.5.1/pico-sdk/src/rp2_common/pico_double/double_aeabi.S.obj
                0x10003f18                double2int_z
                0x10003f18                __wrap___aeabi_d2iz
 .text.__wrap___aeabi_d2uiz
                0x10003f60       0x18 CMakeFiles/i2c_screen.dir/C_/Program_Files/Raspberry_Pi/Pico_SDK_v1.5.1/pico-sdk/src/rp2_common/pico_double/double_aeabi.S.obj
                0x10003f60                __wrap___aeabi_d2uiz
                0x10003f60                double2uint
 .text.__aeabi_double_init
                0x10003f78       0xc8 CMakeFiles/i2c_screen.dir/C_/Program_Files/Raspberry_Pi/Pico_SDK_v1.5.1/pico-sdk/src/rp2_common/pico_double/double_init_rom.c.obj
                0x10003f78                __aeabi_double_init
 .text.double_table_shim_on_use_helper
                0x10004040       0x34 CMakeFiles/i2c_screen.dir/C_/Program_Files/Raspberry_Pi/Pico_SDK_v1.5.1/pico-sdk/src/rp2_common/pico_double/double_v1_rom_shim.S.obj
                0x10004040                double_table_shim_on_use_helper
 .text.__wrap___aeabi_dsub
                0x10004074       0x10 CMakeFiles/i2c_screen.dir/C_/Program_Files/Raspberry_Pi/Pico_SDK_v1.5.1/pico-sdk/src/rp2_common/pico_double/double_v1_rom_shim.S.obj
                0x10004074                drsub_shim
                0x1000407a                dsub_shim
 .text.dadd_shim
                0x10004084      0x15c CMakeFiles/i2c_screen.dir/C_/Program_Files/Raspberry_Pi/Pico_SDK_v1.5.1/pico-sdk/src/rp2_common/pico_double/double_v1_rom_shim.S.obj
                0x10004084                dadd_shim
 .text.dmul_shim
                0x100041e0      0x15c CMakeFiles/i2c_screen.dir/C_/Program_Files/Raspberry_Pi/Pico_SDK_v1.5.1/pico-sdk/src/rp2_common/pico_double/double_v1_rom_shim.S.obj
                0x100041e0                dmul_shim
 .text.ddiv_shim
                0x1000433c      0x1b0 CMakeFiles/i2c_screen.dir/C_/Program_Files/Raspberry_Pi/Pico_SDK_v1.5.1/pico-sdk/src/rp2_common/pico_double/double_v1_rom_shim.S.obj
                0x1000433c                ddiv_shim
 .text.double2uint_shim
                0x100044ec        0xe CMakeFiles/i2c_screen.dir/C_/Program_Files/Raspberry_Pi/Pico_SDK_v1.5.1/pico-sdk/src/rp2_common/pico_double/double_v1_rom_shim.S.obj
                0x100044ec                double2uint_shim
                0x100044ee                double2ufix_shim
 *fill*         0x100044fa        0x2 
 .text.double2uint64_shim
                0x100044fc       0x70 CMakeFiles/i2c_screen.dir/C_/Program_Files/Raspberry_Pi/Pico_SDK_v1.5.1/pico-sdk/src/rp2_common/pico_double/double_v1_rom_shim.S.obj
                0x100044fc                double2uint64_shim
                0x100044fe                double2ufix64_shim
                0x1000451e                d2fix_a
 .text.dunpacks
                0x1000456c       0x3c CMakeFiles/i2c_screen.dir/C_/Program_Files/Raspberry_Pi/Pico_SDK_v1.5.1/pico-sdk/src/rp2_common/pico_double/double_v1_rom_shim.S.obj
                0x1000456c                dunpacks
 .text.__aeabi_lmul
                0x100045a8       0x32 CMakeFiles/i2c_screen.dir/C_/Program_Files/Raspberry_Pi/Pico_SDK_v1.5.1/pico-sdk/src/rp2_common/pico_int64_ops/pico_int64_ops_aeabi.S.obj
                0x100045a8                __wrap___aeabi_lmul
 .text.__wrap___aeabi_ui2f
                0x100045da        0xa CMakeFiles/i2c_screen.dir/C_/Program_Files/Raspberry_Pi/Pico_SDK_v1.5.1/pico-sdk/src/rp2_common/pico_float/float_aeabi.S.obj
                0x100045da                __wrap___aeabi_ui2f
 .text.__wrap___aeabi_i2f
                0x100045e4       0x44 CMakeFiles/i2c_screen.dir/C_/Program_Files/Raspberry_Pi/Pico_SDK_v1.5.1/pico-sdk/src/rp2_common/pico_float/float_aeabi.S.obj
                0x100045e4                __wrap___aeabi_i2f
 .text.__wrap___aeabi_f2d
                0x10004628       0x14 CMakeFiles/i2c_screen.dir/C_/Program_Files/Raspberry_Pi/Pico_SDK_v1.5.1/pico-sdk/src/rp2_common/pico_float/float_aeabi.S.obj
                0x10004628                __wrap___aeabi_f2d
 .text.__aeabi_float_init
                0x1000463c       0xfc CMakeFiles/i2c_screen.dir/C_/Program_Files/Raspberry_Pi/Pico_SDK_v1.5.1/pico-sdk/src/rp2_common/pico_float/float_init_rom.c.obj
                0x1000463c                __aeabi_float_init
 .text.float_table_shim_on_use_helper
                0x10004738       0x34 CMakeFiles/i2c_screen.dir/C_/Program_Files/Raspberry_Pi/Pico_SDK_v1.5.1/pico-sdk/src/rp2_common/pico_float/float_v1_rom_shim.S.obj
                0x10004738                float_table_shim_on_use_helper
 .text.float2double_shim
                0x1000476c       0x30 CMakeFiles/i2c_screen.dir/C_/Program_Files/Raspberry_Pi/Pico_SDK_v1.5.1/pico-sdk/src/rp2_common/pico_float/float_v1_rom_shim.S.obj
                0x1000476c                float2double_shim
 .text          0x1000479c       0x10 CMakeFiles/i2c_screen.dir/C_/Program_Files/Raspberry_Pi/Pico_SDK_v1.5.1/pico-sdk/src/rp2_common/pico_mem_ops/mem_ops_aeabi.S.obj
                0x1000479c                __aeabi_mem_init
 .text.memset   0x100047ac        0xc CMakeFiles/i2c_screen.dir/C_/Program_Files/Raspberry_Pi/Pico_SDK_v1.5.1/pico-sdk/src/rp2_common/pico_mem_ops/mem_ops_aeabi.S.obj
                0x100047ac                __wrap_memset
 .text.memcpy   0x100047b8        0xc CMakeFiles/i2c_screen.dir/C_/Program_Files/Raspberry_Pi/Pico_SDK_v1.5.1/pico-sdk/src/rp2_common/pico_mem_ops/mem_ops_aeabi.S.obj
                0x100047b8                __wrap_memcpy
                0x100047b8                __wrap___aeabi_memcpy
 .text.stdio_out_chars_no_crlf
                0x100047c4        0xe CMakeFiles/i2c_screen.dir/C_/Program_Files/Raspberry_Pi/Pico_SDK_v1.5.1/pico-sdk/src/rp2_common/pico_stdio/stdio.c.obj
 *fill*         0x100047d2        0x2 
 .text.stdio_out_chars_crlf
                0x100047d4       0x80 CMakeFiles/i2c_screen.dir/C_/Program_Files/Raspberry_Pi/Pico_SDK_v1.5.1/pico-sdk/src/rp2_common/pico_stdio/stdio.c.obj
 .text.stdio_stack_buffer_flush
                0x10004854       0x44 CMakeFiles/i2c_screen.dir/C_/Program_Files/Raspberry_Pi/Pico_SDK_v1.5.1/pico-sdk/src/rp2_common/pico_stdio/stdio.c.obj
 .text.stdio_buffered_printer
                0x10004898       0x20 CMakeFiles/i2c_screen.dir/C_/Program_Files/Raspberry_Pi/Pico_SDK_v1.5.1/pico-sdk/src/rp2_common/pico_stdio/stdio.c.obj
 .text.stdout_serialize_begin
                0x100048b8       0x5c CMakeFiles/i2c_screen.dir/C_/Program_Files/Raspberry_Pi/Pico_SDK_v1.5.1/pico-sdk/src/rp2_common/pico_stdio/stdio.c.obj
                0x100048b8                stdout_serialize_begin
 .text.stdout_serialize_end
                0x10004914       0x10 CMakeFiles/i2c_screen.dir/C_/Program_Files/Raspberry_Pi/Pico_SDK_v1.5.1/pico-sdk/src/rp2_common/pico_stdio/stdio.c.obj
                0x10004914                stdout_serialize_end
 .text.stdio_put_string
                0x10004924       0x98 CMakeFiles/i2c_screen.dir/C_/Program_Files/Raspberry_Pi/Pico_SDK_v1.5.1/pico-sdk/src/rp2_common/pico_stdio/stdio.c.obj
 .text.stdio_set_driver_enabled
                0x100049bc       0x2c CMakeFiles/i2c_screen.dir/C_/Program_Files/Raspberry_Pi/Pico_SDK_v1.5.1/pico-sdk/src/rp2_common/pico_stdio/stdio.c.obj
                0x100049bc                stdio_set_driver_enabled
 .text.stdio_flush
                0x100049e8       0x20 CMakeFiles/i2c_screen.dir/C_/Program_Files/Raspberry_Pi/Pico_SDK_v1.5.1/pico-sdk/src/rp2_common/pico_stdio/stdio.c.obj
                0x100049e8                stdio_flush
 .text.__wrap_puts
                0x10004a08       0x1e CMakeFiles/i2c_screen.dir/C_/Program_Files/Raspberry_Pi/Pico_SDK_v1.5.1/pico-sdk/src/rp2_common/pico_stdio/stdio.c.obj
                0x10004a08                __wrap_puts
 *fill*         0x10004a26        0x2 
 .text.__wrap_vprintf
                0x10004a28       0x40 CMakeFiles/i2c_screen.dir/C_/Program_Files/Raspberry_Pi/Pico_SDK_v1.5.1/pico-sdk/src/rp2_common/pico_stdio/stdio.c.obj
                0x10004a28                __wrap_vprintf
 .text.__wrap_printf
                0x10004a68       0x18 CMakeFiles/i2c_screen.dir/C_/Program_Files/Raspberry_Pi/Pico_SDK_v1.5.1/pico-sdk/src/rp2_common/pico_stdio/stdio.c.obj
                0x10004a68                __wrap_printf
 .text.stdio_init_all
                0x10004a80        0x8 CMakeFiles/i2c_screen.dir/C_/Program_Files/Raspberry_Pi/Pico_SDK_v1.5.1/pico-sdk/src/rp2_common/pico_stdio/stdio.c.obj
                0x10004a80                stdio_init_all
 .text.resetd_init
                0x10004a88        0x2 CMakeFiles/i2c_screen.dir/C_/Program_Files/Raspberry_Pi/Pico_SDK_v1.5.1/pico-sdk/src/rp2_common/pico_stdio_usb/reset_interface.c.obj
 *fill*         0x10004a8a        0x2 
 .text.resetd_reset
                0x10004a8c        0xc CMakeFiles/i2c_screen.dir/C_/Program_Files/Raspberry_Pi/Pico_SDK_v1.5.1/pico-sdk/src/rp2_common/pico_stdio_usb/reset_interface.c.obj
 .text.resetd_open
                0x10004a98       0x34 CMakeFiles/i2c_screen.dir/C_/Program_Files/Raspberry_Pi/Pico_SDK_v1.5.1/pico-sdk/src/rp2_common/pico_stdio_usb/reset_interface.c.obj
 .text.resetd_xfer_cb
                0x10004acc        0x4 CMakeFiles/i2c_screen.dir/C_/Program_Files/Raspberry_Pi/Pico_SDK_v1.5.1/pico-sdk/src/rp2_common/pico_stdio_usb/reset_interface.c.obj
 .text.reset_usb_boot
                0x10004ad0       0x18 CMakeFiles/i2c_screen.dir/C_/Program_Files/Raspberry_Pi/Pico_SDK_v1.5.1/pico-sdk/src/rp2_common/pico_stdio_usb/reset_interface.c.obj
 .text.resetd_control_xfer_cb
                0x10004ae8       0x5c CMakeFiles/i2c_screen.dir/C_/Program_Files/Raspberry_Pi/Pico_SDK_v1.5.1/pico-sdk/src/rp2_common/pico_stdio_usb/reset_interface.c.obj
 .text.usbd_app_driver_get_cb
                0x10004b44        0xc CMakeFiles/i2c_screen.dir/C_/Program_Files/Raspberry_Pi/Pico_SDK_v1.5.1/pico-sdk/src/rp2_common/pico_stdio_usb/reset_interface.c.obj
                0x10004b44                usbd_app_driver_get_cb
 .text.tud_cdc_line_coding_cb
                0x10004b50       0x28 CMakeFiles/i2c_screen.dir/C_/Program_Files/Raspberry_Pi/Pico_SDK_v1.5.1/pico-sdk/src/rp2_common/pico_stdio_usb/reset_interface.c.obj
                0x10004b50                tud_cdc_line_coding_cb
 .text.stdio_usb_set_chars_available_callback
                0x10004b78       0x14 CMakeFiles/i2c_screen.dir/C_/Program_Files/Raspberry_Pi/Pico_SDK_v1.5.1/pico-sdk/src/rp2_common/pico_stdio_usb/stdio_usb.c.obj
                0x10004b78                stdio_usb_set_chars_available_callback
 .text.usb_irq  0x10004b8c       0x10 CMakeFiles/i2c_screen.dir/C_/Program_Files/Raspberry_Pi/Pico_SDK_v1.5.1/pico-sdk/src/rp2_common/pico_stdio_usb/stdio_usb.c.obj
 .text.timer_task
                0x10004b9c       0x5c CMakeFiles/i2c_screen.dir/C_/Program_Files/Raspberry_Pi/Pico_SDK_v1.5.1/pico-sdk/src/rp2_common/pico_stdio_usb/stdio_usb.c.obj
 .text.low_priority_worker_irq
                0x10004bf8       0xdc CMakeFiles/i2c_screen.dir/C_/Program_Files/Raspberry_Pi/Pico_SDK_v1.5.1/pico-sdk/src/rp2_common/pico_stdio_usb/stdio_usb.c.obj
 .text.tud_cdc_rx_cb
                0x10004cd4       0x20 CMakeFiles/i2c_screen.dir/C_/Program_Files/Raspberry_Pi/Pico_SDK_v1.5.1/pico-sdk/src/rp2_common/pico_stdio_usb/stdio_usb.c.obj
                0x10004cd4                tud_cdc_rx_cb
 .text.stdio_usb_init
                0x10004cf4      0x11c CMakeFiles/i2c_screen.dir/C_/Program_Files/Raspberry_Pi/Pico_SDK_v1.5.1/pico-sdk/src/rp2_common/pico_stdio_usb/stdio_usb.c.obj
                0x10004cf4                stdio_usb_init
 .text.stdio_usb_connected
                0x10004e10        0xa CMakeFiles/i2c_screen.dir/C_/Program_Files/Raspberry_Pi/Pico_SDK_v1.5.1/pico-sdk/src/rp2_common/pico_stdio_usb/stdio_usb.c.obj
                0x10004e10                stdio_usb_connected
 *fill*         0x10004e1a        0x2 
 .text.stdio_usb_in_chars
                0x10004e1c       0xc4 CMakeFiles/i2c_screen.dir/C_/Program_Files/Raspberry_Pi/Pico_SDK_v1.5.1/pico-sdk/src/rp2_common/pico_stdio_usb/stdio_usb.c.obj
                0x10004e1c                stdio_usb_in_chars
 .text.stdio_usb_out_chars
                0x10004ee0      0x114 CMakeFiles/i2c_screen.dir/C_/Program_Files/Raspberry_Pi/Pico_SDK_v1.5.1/pico-sdk/src/rp2_common/pico_stdio_usb/stdio_usb.c.obj
 .text.tud_descriptor_device_cb
                0x10004ff4        0x8 CMakeFiles/i2c_screen.dir/C_/Program_Files/Raspberry_Pi/Pico_SDK_v1.5.1/pico-sdk/src/rp2_common/pico_stdio_usb/stdio_usb_descriptors.c.obj
                0x10004ff4                tud_descriptor_device_cb
 .text.tud_descriptor_configuration_cb
                0x10004ffc        0x8 CMakeFiles/i2c_screen.dir/C_/Program_Files/Raspberry_Pi/Pico_SDK_v1.5.1/pico-sdk/src/rp2_common/pico_stdio_usb/stdio_usb_descriptors.c.obj
                0x10004ffc                tud_descriptor_configuration_cb
 .text.tud_descriptor_string_cb
                0x10005004       0x6c CMakeFiles/i2c_screen.dir/C_/Program_Files/Raspberry_Pi/Pico_SDK_v1.5.1/pico-sdk/src/rp2_common/pico_stdio_usb/stdio_usb_descriptors.c.obj
                0x10005004                tud_descriptor_string_cb
 .text._retrieve_unique_id_on_boot
                0x10005070       0x10 CMakeFiles/i2c_screen.dir/C_/Program_Files/Raspberry_Pi/Pico_SDK_v1.5.1/pico-sdk/src/rp2_common/pico_unique_id/unique_id.c.obj
 .text.pico_get_unique_board_id_string
                0x10005080       0x60 CMakeFiles/i2c_screen.dir/C_/Program_Files/Raspberry_Pi/Pico_SDK_v1.5.1/pico-sdk/src/rp2_common/pico_unique_id/unique_id.c.obj
                0x10005080                pico_get_unique_board_id_string
 .text.flash_get_unique_id
                0x100050e0       0x46 CMakeFiles/i2c_screen.dir/C_/Program_Files/Raspberry_Pi/Pico_SDK_v1.5.1/pico-sdk/src/rp2_common/hardware_flash/flash.c.obj
                0x100050e0                flash_get_unique_id
 *fill*         0x10005126        0x2 
 .text.hw_endpoint_get_by_addr
                0x10005128       0x18 CMakeFiles/i2c_screen.dir/C_/Program_Files/Raspberry_Pi/Pico_SDK_v1.5.1/pico-sdk/lib/tinyusb/src/portable/raspberrypi/rp2040/dcd_rp2040.c.obj
 .text._hw_endpoint_alloc
                0x10005140       0x70 CMakeFiles/i2c_screen.dir/C_/Program_Files/Raspberry_Pi/Pico_SDK_v1.5.1/pico-sdk/lib/tinyusb/src/portable/raspberrypi/rp2040/dcd_rp2040.c.obj
 .text.hw_endpoint_init
                0x100051b0       0x88 CMakeFiles/i2c_screen.dir/C_/Program_Files/Raspberry_Pi/Pico_SDK_v1.5.1/pico-sdk/lib/tinyusb/src/portable/raspberrypi/rp2040/dcd_rp2040.c.obj
 .text.hw_endpoint_xfer
                0x10005238       0x14 CMakeFiles/i2c_screen.dir/C_/Program_Files/Raspberry_Pi/Pico_SDK_v1.5.1/pico-sdk/lib/tinyusb/src/portable/raspberrypi/rp2040/dcd_rp2040.c.obj
 .text.dcd_int_enable
                0x1000524c       0x2c CMakeFiles/i2c_screen.dir/C_/Program_Files/Raspberry_Pi/Pico_SDK_v1.5.1/pico-sdk/lib/tinyusb/src/portable/raspberrypi/rp2040/dcd_rp2040.c.obj
                0x1000524c                dcd_int_enable
 .text.dcd_set_address
                0x10005278       0x2c CMakeFiles/i2c_screen.dir/C_/Program_Files/Raspberry_Pi/Pico_SDK_v1.5.1/pico-sdk/lib/tinyusb/src/portable/raspberrypi/rp2040/dcd_rp2040.c.obj
                0x10005278                dcd_set_address
 .text.dcd_connect
                0x100052a4       0x10 CMakeFiles/i2c_screen.dir/C_/Program_Files/Raspberry_Pi/Pico_SDK_v1.5.1/pico-sdk/lib/tinyusb/src/portable/raspberrypi/rp2040/dcd_rp2040.c.obj
                0x100052a4                dcd_connect
 .text.dcd_init
                0x100052b4       0x80 CMakeFiles/i2c_screen.dir/C_/Program_Files/Raspberry_Pi/Pico_SDK_v1.5.1/pico-sdk/lib/tinyusb/src/portable/raspberrypi/rp2040/dcd_rp2040.c.obj
                0x100052b4                dcd_init
 .text.dcd_edpt0_status_complete
                0x10005334       0x1c CMakeFiles/i2c_screen.dir/C_/Program_Files/Raspberry_Pi/Pico_SDK_v1.5.1/pico-sdk/lib/tinyusb/src/portable/raspberrypi/rp2040/dcd_rp2040.c.obj
                0x10005334                dcd_edpt0_status_complete
 .text.dcd_edpt_open
                0x10005350       0x40 CMakeFiles/i2c_screen.dir/C_/Program_Files/Raspberry_Pi/Pico_SDK_v1.5.1/pico-sdk/lib/tinyusb/src/portable/raspberrypi/rp2040/dcd_rp2040.c.obj
                0x10005350                dcd_edpt_open
 .text.dcd_edpt_close_all
                0x10005390        0x8 CMakeFiles/i2c_screen.dir/C_/Program_Files/Raspberry_Pi/Pico_SDK_v1.5.1/pico-sdk/lib/tinyusb/src/portable/raspberrypi/rp2040/dcd_rp2040.c.obj
                0x10005390                dcd_edpt_close_all
 .text.dcd_edpt_xfer
                0x10005398       0x34 CMakeFiles/i2c_screen.dir/C_/Program_Files/Raspberry_Pi/Pico_SDK_v1.5.1/pico-sdk/lib/tinyusb/src/portable/raspberrypi/rp2040/dcd_rp2040.c.obj
                0x10005398                dcd_edpt_xfer
 .text.dcd_edpt_stall
                0x100053cc       0x2c CMakeFiles/i2c_screen.dir/C_/Program_Files/Raspberry_Pi/Pico_SDK_v1.5.1/pico-sdk/lib/tinyusb/src/portable/raspberrypi/rp2040/dcd_rp2040.c.obj
                0x100053cc                dcd_edpt_stall
 .text.dcd_edpt_clear_stall
                0x100053f8       0x20 CMakeFiles/i2c_screen.dir/C_/Program_Files/Raspberry_Pi/Pico_SDK_v1.5.1/pico-sdk/lib/tinyusb/src/portable/raspberrypi/rp2040/dcd_rp2040.c.obj
                0x100053f8                dcd_edpt_clear_stall
 .text.rp2040_usb_init
                0x10005418       0x4c CMakeFiles/i2c_screen.dir/C_/Program_Files/Raspberry_Pi/Pico_SDK_v1.5.1/pico-sdk/lib/tinyusb/src/portable/raspberrypi/rp2040/rp2040_usb.c.obj
                0x10005418                rp2040_usb_init
 .text.hw_endpoint_xfer_start
                0x10005464       0x50 CMakeFiles/i2c_screen.dir/C_/Program_Files/Raspberry_Pi/Pico_SDK_v1.5.1/pico-sdk/lib/tinyusb/src/portable/raspberrypi/rp2040/rp2040_usb.c.obj
                0x10005464                hw_endpoint_xfer_start
 .text.configuration_reset
                0x100054b4       0x84 CMakeFiles/i2c_screen.dir/C_/Program_Files/Raspberry_Pi/Pico_SDK_v1.5.1/pico-sdk/lib/tinyusb/src/device/usbd.c.obj
 .text.usbd_reset
                0x10005538        0xc CMakeFiles/i2c_screen.dir/C_/Program_Files/Raspberry_Pi/Pico_SDK_v1.5.1/pico-sdk/lib/tinyusb/src/device/usbd.c.obj
 .text.invoke_class_control
                0x10005544       0x1a CMakeFiles/i2c_screen.dir/C_/Program_Files/Raspberry_Pi/Pico_SDK_v1.5.1/pico-sdk/lib/tinyusb/src/device/usbd.c.obj
 *fill*         0x1000555e        0x2 
 .text.process_set_config
                0x10005560      0x178 CMakeFiles/i2c_screen.dir/C_/Program_Files/Raspberry_Pi/Pico_SDK_v1.5.1/pico-sdk/lib/tinyusb/src/device/usbd.c.obj
 .text.process_get_descriptor
                0x100056d8       0xdc CMakeFiles/i2c_screen.dir/C_/Program_Files/Raspberry_Pi/Pico_SDK_v1.5.1/pico-sdk/lib/tinyusb/src/device/usbd.c.obj
 .text.tud_mounted
                0x100057b4       0x10 CMakeFiles/i2c_screen.dir/C_/Program_Files/Raspberry_Pi/Pico_SDK_v1.5.1/pico-sdk/lib/tinyusb/src/device/usbd.c.obj
                0x100057b4                tud_mounted
 .text.tud_suspended
                0x100057c4       0x10 CMakeFiles/i2c_screen.dir/C_/Program_Files/Raspberry_Pi/Pico_SDK_v1.5.1/pico-sdk/lib/tinyusb/src/device/usbd.c.obj
                0x100057c4                tud_suspended
 .text.tud_inited
                0x100057d4       0x14 CMakeFiles/i2c_screen.dir/C_/Program_Files/Raspberry_Pi/Pico_SDK_v1.5.1/pico-sdk/lib/tinyusb/src/device/usbd.c.obj
                0x100057d4                tud_inited
 .text.tud_init
                0x100057e8       0xcc CMakeFiles/i2c_screen.dir/C_/Program_Files/Raspberry_Pi/Pico_SDK_v1.5.1/pico-sdk/lib/tinyusb/src/device/usbd.c.obj
                0x100057e8                tud_init
 .text.usbd_defer_func
                0x100058b4       0x2a CMakeFiles/i2c_screen.dir/C_/Program_Files/Raspberry_Pi/Pico_SDK_v1.5.1/pico-sdk/lib/tinyusb/src/device/usbd.c.obj
                0x100058b4                usbd_defer_func
 *fill*         0x100058de        0x2 
 .text.usbd_edpt_open
                0x100058e0       0x34 CMakeFiles/i2c_screen.dir/C_/Program_Files/Raspberry_Pi/Pico_SDK_v1.5.1/pico-sdk/lib/tinyusb/src/device/usbd.c.obj
                0x100058e0                usbd_edpt_open
 .text.usbd_open_edpt_pair
                0x10005914       0x62 CMakeFiles/i2c_screen.dir/C_/Program_Files/Raspberry_Pi/Pico_SDK_v1.5.1/pico-sdk/lib/tinyusb/src/device/usbd.c.obj
                0x10005914                usbd_open_edpt_pair
 *fill*         0x10005976        0x2 
 .text.usbd_edpt_claim
                0x10005978       0x28 CMakeFiles/i2c_screen.dir/C_/Program_Files/Raspberry_Pi/Pico_SDK_v1.5.1/pico-sdk/lib/tinyusb/src/device/usbd.c.obj
                0x10005978                usbd_edpt_claim
 .text.usbd_edpt_release
                0x100059a0       0x28 CMakeFiles/i2c_screen.dir/C_/Program_Files/Raspberry_Pi/Pico_SDK_v1.5.1/pico-sdk/lib/tinyusb/src/device/usbd.c.obj
                0x100059a0                usbd_edpt_release
 .text.usbd_edpt_xfer
                0x100059c8       0x78 CMakeFiles/i2c_screen.dir/C_/Program_Files/Raspberry_Pi/Pico_SDK_v1.5.1/pico-sdk/lib/tinyusb/src/device/usbd.c.obj
                0x100059c8                usbd_edpt_xfer
 .text.usbd_edpt_stall
                0x10005a40       0x48 CMakeFiles/i2c_screen.dir/C_/Program_Files/Raspberry_Pi/Pico_SDK_v1.5.1/pico-sdk/lib/tinyusb/src/device/usbd.c.obj
                0x10005a40                usbd_edpt_stall
 .text.usbd_edpt_clear_stall
                0x10005a88       0x48 CMakeFiles/i2c_screen.dir/C_/Program_Files/Raspberry_Pi/Pico_SDK_v1.5.1/pico-sdk/lib/tinyusb/src/device/usbd.c.obj
                0x10005a88                usbd_edpt_clear_stall
 .text.usbd_edpt_stalled
                0x10005ad0       0x1c CMakeFiles/i2c_screen.dir/C_/Program_Files/Raspberry_Pi/Pico_SDK_v1.5.1/pico-sdk/lib/tinyusb/src/device/usbd.c.obj
                0x10005ad0                usbd_edpt_stalled
 .text.process_control_request
                0x10005aec      0x37c CMakeFiles/i2c_screen.dir/C_/Program_Files/Raspberry_Pi/Pico_SDK_v1.5.1/pico-sdk/lib/tinyusb/src/device/usbd.c.obj
 .text.tud_task_ext
                0x10005e68      0x1b8 CMakeFiles/i2c_screen.dir/C_/Program_Files/Raspberry_Pi/Pico_SDK_v1.5.1/pico-sdk/lib/tinyusb/src/device/usbd.c.obj
                0x10005e68                tud_task_ext
 .text._data_stage_xact
                0x10006020       0x58 CMakeFiles/i2c_screen.dir/C_/Program_Files/Raspberry_Pi/Pico_SDK_v1.5.1/pico-sdk/lib/tinyusb/src/device/usbd_control.c.obj
 .text.tud_control_status
                0x10006078       0x38 CMakeFiles/i2c_screen.dir/C_/Program_Files/Raspberry_Pi/Pico_SDK_v1.5.1/pico-sdk/lib/tinyusb/src/device/usbd_control.c.obj
                0x10006078                tud_control_status
 .text.tud_control_xfer
                0x100060b0       0x74 CMakeFiles/i2c_screen.dir/C_/Program_Files/Raspberry_Pi/Pico_SDK_v1.5.1/pico-sdk/lib/tinyusb/src/device/usbd_control.c.obj
                0x100060b0                tud_control_xfer
 .text.usbd_control_reset
                0x10006124       0x14 CMakeFiles/i2c_screen.dir/C_/Program_Files/Raspberry_Pi/Pico_SDK_v1.5.1/pico-sdk/lib/tinyusb/src/device/usbd_control.c.obj
                0x10006124                usbd_control_reset
 .text.usbd_control_set_complete_callback
                0x10006138        0xc CMakeFiles/i2c_screen.dir/C_/Program_Files/Raspberry_Pi/Pico_SDK_v1.5.1/pico-sdk/lib/tinyusb/src/device/usbd_control.c.obj
                0x10006138                usbd_control_set_complete_callback
 .text.usbd_control_set_request
                0x10006144       0x1c CMakeFiles/i2c_screen.dir/C_/Program_Files/Raspberry_Pi/Pico_SDK_v1.5.1/pico-sdk/lib/tinyusb/src/device/usbd_control.c.obj
                0x10006144                usbd_control_set_request
 .text.usbd_control_xfer_cb
                0x10006160       0xcc CMakeFiles/i2c_screen.dir/C_/Program_Files/Raspberry_Pi/Pico_SDK_v1.5.1/pico-sdk/lib/tinyusb/src/device/usbd_control.c.obj
                0x10006160                usbd_control_xfer_cb
 .text._prep_out_transaction
                0x1000622c       0x4a CMakeFiles/i2c_screen.dir/C_/Program_Files/Raspberry_Pi/Pico_SDK_v1.5.1/pico-sdk/lib/tinyusb/src/class/cdc/cdc_device.c.obj
 *fill*         0x10006276        0x2 
 .text.tud_cdc_n_connected
                0x10006278       0x44 CMakeFiles/i2c_screen.dir/C_/Program_Files/Raspberry_Pi/Pico_SDK_v1.5.1/pico-sdk/lib/tinyusb/src/class/cdc/cdc_device.c.obj
                0x10006278                tud_cdc_n_connected
 .text.tud_cdc_n_available
                0x100062bc       0x18 CMakeFiles/i2c_screen.dir/C_/Program_Files/Raspberry_Pi/Pico_SDK_v1.5.1/pico-sdk/lib/tinyusb/src/class/cdc/cdc_device.c.obj
                0x100062bc                tud_cdc_n_available
 .text.tud_cdc_n_read
                0x100062d4       0x28 CMakeFiles/i2c_screen.dir/C_/Program_Files/Raspberry_Pi/Pico_SDK_v1.5.1/pico-sdk/lib/tinyusb/src/class/cdc/cdc_device.c.obj
                0x100062d4                tud_cdc_n_read
 .text.tud_cdc_n_write_flush
                0x100062fc       0xb8 CMakeFiles/i2c_screen.dir/C_/Program_Files/Raspberry_Pi/Pico_SDK_v1.5.1/pico-sdk/lib/tinyusb/src/class/cdc/cdc_device.c.obj
                0x100062fc                tud_cdc_n_write_flush
 .text.tud_cdc_n_write
                0x100063b4       0x38 CMakeFiles/i2c_screen.dir/C_/Program_Files/Raspberry_Pi/Pico_SDK_v1.5.1/pico-sdk/lib/tinyusb/src/class/cdc/cdc_device.c.obj
                0x100063b4                tud_cdc_n_write
 .text.tud_cdc_n_write_available
                0x100063ec       0x1c CMakeFiles/i2c_screen.dir/C_/Program_Files/Raspberry_Pi/Pico_SDK_v1.5.1/pico-sdk/lib/tinyusb/src/class/cdc/cdc_device.c.obj
                0x100063ec                tud_cdc_n_write_available
 .text.cdcd_init
                0x10006408       0xbc CMakeFiles/i2c_screen.dir/C_/Program_Files/Raspberry_Pi/Pico_SDK_v1.5.1/pico-sdk/lib/tinyusb/src/class/cdc/cdc_device.c.obj
                0x10006408                cdcd_init
 .text.cdcd_reset
                0x100064c4       0x44 CMakeFiles/i2c_screen.dir/C_/Program_Files/Raspberry_Pi/Pico_SDK_v1.5.1/pico-sdk/lib/tinyusb/src/class/cdc/cdc_device.c.obj
                0x100064c4                cdcd_reset
 .text.cdcd_open
                0x10006508       0xcc CMakeFiles/i2c_screen.dir/C_/Program_Files/Raspberry_Pi/Pico_SDK_v1.5.1/pico-sdk/lib/tinyusb/src/class/cdc/cdc_device.c.obj
                0x10006508                cdcd_open
 .text.cdcd_control_xfer_cb
                0x100065d4      0x134 CMakeFiles/i2c_screen.dir/C_/Program_Files/Raspberry_Pi/Pico_SDK_v1.5.1/pico-sdk/lib/tinyusb/src/class/cdc/cdc_device.c.obj
                0x100065d4                cdcd_control_xfer_cb
 .text.cdcd_xfer_cb
                0x10006708      0x130 CMakeFiles/i2c_screen.dir/C_/Program_Files/Raspberry_Pi/Pico_SDK_v1.5.1/pico-sdk/lib/tinyusb/src/class/cdc/cdc_device.c.obj
                0x10006708                cdcd_xfer_cb
 .text.tusb_init
                0x10006838        0xa CMakeFiles/i2c_screen.dir/C_/Program_Files/Raspberry_Pi/Pico_SDK_v1.5.1/pico-sdk/lib/tinyusb/src/tusb.c.obj
                0x10006838                tusb_init
 .text.tusb_inited
                0x10006842        0xe CMakeFiles/i2c_screen.dir/C_/Program_Files/Raspberry_Pi/Pico_SDK_v1.5.1/pico-sdk/lib/tinyusb/src/tusb.c.obj
                0x10006842                tusb_inited
 .text.tu_edpt_claim
                0x10006850       0x50 CMakeFiles/i2c_screen.dir/C_/Program_Files/Raspberry_Pi/Pico_SDK_v1.5.1/pico-sdk/lib/tinyusb/src/tusb.c.obj
                0x10006850                tu_edpt_claim
 .text.tu_edpt_release
                0x100068a0       0x3c CMakeFiles/i2c_screen.dir/C_/Program_Files/Raspberry_Pi/Pico_SDK_v1.5.1/pico-sdk/lib/tinyusb/src/tusb.c.obj
                0x100068a0                tu_edpt_release
 .text.tu_edpt_validate
                0x100068dc       0x78 CMakeFiles/i2c_screen.dir/C_/Program_Files/Raspberry_Pi/Pico_SDK_v1.5.1/pico-sdk/lib/tinyusb/src/tusb.c.obj
                0x100068dc                tu_edpt_validate
 .text.tu_edpt_bind_driver
                0x10006954       0x26 CMakeFiles/i2c_screen.dir/C_/Program_Files/Raspberry_Pi/Pico_SDK_v1.5.1/pico-sdk/lib/tinyusb/src/tusb.c.obj
                0x10006954                tu_edpt_bind_driver
 .text.advance_index
                0x1000697a       0x1a CMakeFiles/i2c_screen.dir/C_/Program_Files/Raspberry_Pi/Pico_SDK_v1.5.1/pico-sdk/lib/tinyusb/src/common/tusb_fifo.c.obj
 .text._tu_fifo_peek
                0x10006994       0x56 CMakeFiles/i2c_screen.dir/C_/Program_Files/Raspberry_Pi/Pico_SDK_v1.5.1/pico-sdk/lib/tinyusb/src/common/tusb_fifo.c.obj
 .text._ff_pull_const_addr
                0x100069ea       0x4c CMakeFiles/i2c_screen.dir/C_/Program_Files/Raspberry_Pi/Pico_SDK_v1.5.1/pico-sdk/lib/tinyusb/src/common/tusb_fifo.c.obj
 .text._ff_pull_n
                0x10006a36      0x110 CMakeFiles/i2c_screen.dir/C_/Program_Files/Raspberry_Pi/Pico_SDK_v1.5.1/pico-sdk/lib/tinyusb/src/common/tusb_fifo.c.obj
 .text._tu_fifo_peek_n
                0x10006b46       0x6a CMakeFiles/i2c_screen.dir/C_/Program_Files/Raspberry_Pi/Pico_SDK_v1.5.1/pico-sdk/lib/tinyusb/src/common/tusb_fifo.c.obj
 .text._tu_fifo_read_n
                0x10006bb0       0x4e CMakeFiles/i2c_screen.dir/C_/Program_Files/Raspberry_Pi/Pico_SDK_v1.5.1/pico-sdk/lib/tinyusb/src/common/tusb_fifo.c.obj
 .text._ff_push_const_addr
                0x10006bfe       0x40 CMakeFiles/i2c_screen.dir/C_/Program_Files/Raspberry_Pi/Pico_SDK_v1.5.1/pico-sdk/lib/tinyusb/src/common/tusb_fifo.c.obj
 .text._ff_push_n
                0x10006c3e      0x10c CMakeFiles/i2c_screen.dir/C_/Program_Files/Raspberry_Pi/Pico_SDK_v1.5.1/pico-sdk/lib/tinyusb/src/common/tusb_fifo.c.obj
 .text._tu_fifo_write_n
                0x10006d4a       0xf0 CMakeFiles/i2c_screen.dir/C_/Program_Files/Raspberry_Pi/Pico_SDK_v1.5.1/pico-sdk/lib/tinyusb/src/common/tusb_fifo.c.obj
 .text.tu_fifo_config
                0x10006e3a       0x7c CMakeFiles/i2c_screen.dir/C_/Program_Files/Raspberry_Pi/Pico_SDK_v1.5.1/pico-sdk/lib/tinyusb/src/common/tusb_fifo.c.obj
                0x10006e3a                tu_fifo_config
 .text.tu_fifo_count
                0x10006eb6       0x2a CMakeFiles/i2c_screen.dir/C_/Program_Files/Raspberry_Pi/Pico_SDK_v1.5.1/pico-sdk/lib/tinyusb/src/common/tusb_fifo.c.obj
                0x10006eb6                tu_fifo_count
 .text.tu_fifo_empty
                0x10006ee0       0x10 CMakeFiles/i2c_screen.dir/C_/Program_Files/Raspberry_Pi/Pico_SDK_v1.5.1/pico-sdk/lib/tinyusb/src/common/tusb_fifo.c.obj
                0x10006ee0                tu_fifo_empty
 .text.tu_fifo_full
                0x10006ef0       0x28 CMakeFiles/i2c_screen.dir/C_/Program_Files/Raspberry_Pi/Pico_SDK_v1.5.1/pico-sdk/lib/tinyusb/src/common/tusb_fifo.c.obj
                0x10006ef0                tu_fifo_full
 .text.tu_fifo_remaining
                0x10006f18       0x2c CMakeFiles/i2c_screen.dir/C_/Program_Files/Raspberry_Pi/Pico_SDK_v1.5.1/pico-sdk/lib/tinyusb/src/common/tusb_fifo.c.obj
                0x10006f18                tu_fifo_remaining
 .text.tu_fifo_read
                0x10006f44       0x42 CMakeFiles/i2c_screen.dir/C_/Program_Files/Raspberry_Pi/Pico_SDK_v1.5.1/pico-sdk/lib/tinyusb/src/common/tusb_fifo.c.obj
                0x10006f44                tu_fifo_read
 .text.tu_fifo_read_n
                0x10006f86        0xa CMakeFiles/i2c_screen.dir/C_/Program_Files/Raspberry_Pi/Pico_SDK_v1.5.1/pico-sdk/lib/tinyusb/src/common/tusb_fifo.c.obj
                0x10006f86                tu_fifo_read_n
 .text.tu_fifo_write
                0x10006f90       0x64 CMakeFiles/i2c_screen.dir/C_/Program_Files/Raspberry_Pi/Pico_SDK_v1.5.1/pico-sdk/lib/tinyusb/src/common/tusb_fifo.c.obj
                0x10006f90                tu_fifo_write
 .text.tu_fifo_write_n
                0x10006ff4        0xa CMakeFiles/i2c_screen.dir/C_/Program_Files/Raspberry_Pi/Pico_SDK_v1.5.1/pico-sdk/lib/tinyusb/src/common/tusb_fifo.c.obj
                0x10006ff4                tu_fifo_write_n
 .text.tu_fifo_clear
                0x10006ffe       0x3e CMakeFiles/i2c_screen.dir/C_/Program_Files/Raspberry_Pi/Pico_SDK_v1.5.1/pico-sdk/lib/tinyusb/src/common/tusb_fifo.c.obj
                0x10006ffe                tu_fifo_clear
 .text.tu_fifo_set_overwritable
                0x1000703c       0x46 CMakeFiles/i2c_screen.dir/C_/Program_Files/Raspberry_Pi/Pico_SDK_v1.5.1/pico-sdk/lib/tinyusb/src/common/tusb_fifo.c.obj
                0x1000703c                tu_fifo_set_overwritable
 .text.i2c_write_blocking_internal
                0x10007082      0x140 CMakeFiles/i2c_screen.dir/C_/Program_Files/Raspberry_Pi/Pico_SDK_v1.5.1/pico-sdk/src/rp2_common/hardware_i2c/i2c.c.obj
 *fill*         0x100071c2        0x2 
 .text.i2c_set_baudrate
                0x100071c4       0xf0 CMakeFiles/i2c_screen.dir/C_/Program_Files/Raspberry_Pi/Pico_SDK_v1.5.1/pico-sdk/src/rp2_common/hardware_i2c/i2c.c.obj
                0x100071c4                i2c_set_baudrate
 .text.i2c_init
                0x100072b4       0x58 CMakeFiles/i2c_screen.dir/C_/Program_Files/Raspberry_Pi/Pico_SDK_v1.5.1/pico-sdk/src/rp2_common/hardware_i2c/i2c.c.obj
                0x100072b4                i2c_init
 .text.i2c_write_blocking
                0x1000730c       0x18 CMakeFiles/i2c_screen.dir/C_/Program_Files/Raspberry_Pi/Pico_SDK_v1.5.1/pico-sdk/src/rp2_common/hardware_i2c/i2c.c.obj
                0x1000730c                i2c_write_blocking
 .text.adc_init
                0x10007324       0x34 CMakeFiles/i2c_screen.dir/C_/Program_Files/Raspberry_Pi/Pico_SDK_v1.5.1/pico-sdk/src/rp2_common/hardware_adc/adc.c.obj
                0x10007324                adc_init
 .text.strlen   0x10007358       0x5c c:/progra~1/raspbe~1/picosd~1.1/gcc-ar~1/bin/../lib/gcc/arm-none-eabi/10.3.1/../../../../arm-none-eabi/lib/thumb/v6-m/nofp\libg.a(lib_a-strlen-stub.o)
                0x10007358                strlen
 *(.fini)
 .fini          0x100073b4        0x4 c:/progra~1/raspbe~1/picosd~1.1/gcc-ar~1/bin/../lib/gcc/arm-none-eabi/10.3.1/thumb/v6-m/nofp/crti.o
                0x100073b4                _fini
 .fini.__stub   0x100073b8       0xe0 linker stubs
 *crtbegin.o(.ctors)
 *crtbegin?.o(.ctors)
 *(EXCLUDE_FILE(*crtend.o *crtend?.o) .ctors)
 *(SORT_BY_NAME(.ctors.*))
 *(.ctors)
 *crtbegin.o(.dtors)
 *crtbegin?.o(.dtors)
 *(EXCLUDE_FILE(*crtend.o *crtend?.o) .dtors)
 *(SORT_BY_NAME(.dtors.*))
 *(.dtors)
 *(.eh_frame*)
 .eh_frame      0x10007498        0x0 c:/progra~1/raspbe~1/picosd~1.1/gcc-ar~1/bin/../lib/gcc/arm-none-eabi/10.3.1/thumb/v6-m/nofp/crtbegin.o
                0x10007498                . = ALIGN (0x4)

.glue_7         0x10007498        0x0
 .glue_7        0x10007498        0x0 linker stubs

.glue_7t        0x10007498        0x0
 .glue_7t       0x10007498        0x0 linker stubs

.vfp11_veneer   0x10007498        0x0
 .vfp11_veneer  0x10007498        0x0 linker stubs

.v4_bx          0x10007498        0x0
 .v4_bx         0x10007498        0x0 linker stubs

.iplt           0x10007498        0x0
 .iplt          0x10007498        0x0 c:/progra~1/raspbe~1/picosd~1.1/gcc-ar~1/bin/../lib/gcc/arm-none-eabi/10.3.1/thumb/v6-m/nofp/crtbegin.o

.rodata         0x10007498     0x19e0
 *(EXCLUDE_FILE(*libm.a: *libc.a:*lib_a-mem*.o *libgcc.a:) .rodata*)
 .rodata.main.str1.4
                0x10007498       0xa2 CMakeFiles/i2c_screen.dir/i2c_screen.c.obj
 *fill*         0x1000753a        0x2 
 .rodata.ASCII  0x1000753c      0x1e0 CMakeFiles/i2c_screen.dir/i2c_screen.c.obj
 .rodata.__func__.0
                0x1000771c       0x15 CMakeFiles/i2c_screen.dir/i2c_screen.c.obj
 *fill*         0x10007731        0x3 
 .rodata.spin_lock_claim_unused.str1.4
                0x10007734       0x1b CMakeFiles/i2c_screen.dir/C_/Program_Files/Raspberry_Pi/Pico_SDK_v1.5.1/pico-sdk/src/rp2_common/hardware_sync/sync.c.obj
 *fill*         0x1000774f        0x1 
 .rodata.make_branch.str1.4
                0x10007750       0x89 CMakeFiles/i2c_screen.dir/C_/Program_Files/Raspberry_Pi/Pico_SDK_v1.5.1/pico-sdk/src/rp2_common/hardware_irq/irq.c.obj
 *fill*         0x100077d9        0x3 
 .rodata.insert_branch_and_link.str1.4
                0x100077dc       0x10 CMakeFiles/i2c_screen.dir/C_/Program_Files/Raspberry_Pi/Pico_SDK_v1.5.1/pico-sdk/src/rp2_common/hardware_irq/irq.c.obj
 .rodata.irq_set_exclusive_handler.str1.4
                0x100077ec       0x36 CMakeFiles/i2c_screen.dir/C_/Program_Files/Raspberry_Pi/Pico_SDK_v1.5.1/pico-sdk/src/rp2_common/hardware_irq/irq.c.obj
 *fill*         0x10007822        0x2 
 .rodata.irq_add_shared_handler.str1.4
                0x10007824       0xd9 CMakeFiles/i2c_screen.dir/C_/Program_Files/Raspberry_Pi/Pico_SDK_v1.5.1/pico-sdk/src/rp2_common/hardware_irq/irq.c.obj
 *fill*         0x100078fd        0x3 
 .rodata.irq_remove_handler.str1.4
                0x10007900       0x3a CMakeFiles/i2c_screen.dir/C_/Program_Files/Raspberry_Pi/Pico_SDK_v1.5.1/pico-sdk/src/rp2_common/hardware_irq/irq.c.obj
 *fill*         0x1000793a        0x2 
 .rodata.irq_add_tail_to_free_list.str1.4
                0x1000793c       0x3a CMakeFiles/i2c_screen.dir/C_/Program_Files/Raspberry_Pi/Pico_SDK_v1.5.1/pico-sdk/src/rp2_common/hardware_irq/irq.c.obj
 *fill*         0x10007976        0x2 
 .rodata.user_irq_claim_unused.str1.4
                0x10007978       0x1b CMakeFiles/i2c_screen.dir/C_/Program_Files/Raspberry_Pi/Pico_SDK_v1.5.1/pico-sdk/src/rp2_common/hardware_irq/irq.c.obj
 *fill*         0x10007993        0x1 
 .rodata.__func__.0
                0x10007994       0x1a CMakeFiles/i2c_screen.dir/C_/Program_Files/Raspberry_Pi/Pico_SDK_v1.5.1/pico-sdk/src/rp2_common/hardware_irq/irq.c.obj
 *fill*         0x100079ae        0x2 
 .rodata.__func__.1
                0x100079b0       0x17 CMakeFiles/i2c_screen.dir/C_/Program_Files/Raspberry_Pi/Pico_SDK_v1.5.1/pico-sdk/src/rp2_common/hardware_irq/irq.c.obj
 *fill*         0x100079c7        0x1 
 .rodata.__func__.2
                0x100079c8       0x13 CMakeFiles/i2c_screen.dir/C_/Program_Files/Raspberry_Pi/Pico_SDK_v1.5.1/pico-sdk/src/rp2_common/hardware_irq/irq.c.obj
 *fill*         0x100079db        0x1 
 .rodata.__func__.3
                0x100079dc        0xc CMakeFiles/i2c_screen.dir/C_/Program_Files/Raspberry_Pi/Pico_SDK_v1.5.1/pico-sdk/src/rp2_common/hardware_irq/irq.c.obj
 .rodata.__func__.4
                0x100079e8        0xf CMakeFiles/i2c_screen.dir/C_/Program_Files/Raspberry_Pi/Pico_SDK_v1.5.1/pico-sdk/src/rp2_common/hardware_irq/irq.c.obj
 *fill*         0x100079f7        0x1 
 .rodata.__func__.5
                0x100079f8       0x17 CMakeFiles/i2c_screen.dir/C_/Program_Files/Raspberry_Pi/Pico_SDK_v1.5.1/pico-sdk/src/rp2_common/hardware_irq/irq.c.obj
 *fill*         0x10007a0f        0x1 
 .rodata.__func__.6
                0x10007a10       0x1a CMakeFiles/i2c_screen.dir/C_/Program_Files/Raspberry_Pi/Pico_SDK_v1.5.1/pico-sdk/src/rp2_common/hardware_irq/irq.c.obj
 *fill*         0x10007a2a        0x2 
 .rodata.str1.4
                0x10007a2c       0xa5 CMakeFiles/i2c_screen.dir/C_/Program_Files/Raspberry_Pi/Pico_SDK_v1.5.1/pico-sdk/src/common/pico_sync/mutex.c.obj
                                0x125 (size before relaxing)
 *fill*         0x10007ad1        0x3 
 .rodata.__func__.1
                0x10007ad4        0xb CMakeFiles/i2c_screen.dir/C_/Program_Files/Raspberry_Pi/Pico_SDK_v1.5.1/pico-sdk/src/common/pico_sync/mutex.c.obj
 *fill*         0x10007adf        0x1 
 .rodata.__func__.3
                0x10007ae0       0x18 CMakeFiles/i2c_screen.dir/C_/Program_Files/Raspberry_Pi/Pico_SDK_v1.5.1/pico-sdk/src/common/pico_sync/mutex.c.obj
 .rodata.__func__.4
                0x10007af8       0x15 CMakeFiles/i2c_screen.dir/C_/Program_Files/Raspberry_Pi/Pico_SDK_v1.5.1/pico-sdk/src/common/pico_sync/mutex.c.obj
 *fill*         0x10007b0d        0x3 
 .rodata.repeating_timer_callback.str1.4
                0x10007b10       0x67 CMakeFiles/i2c_screen.dir/C_/Program_Files/Raspberry_Pi/Pico_SDK_v1.5.1/pico-sdk/src/common/pico_time/time.c.obj
 *fill*         0x10007b77        0x1 
 .rodata.timer_pool_entry_comparator.str1.4
                0x10007b78       0x22 CMakeFiles/i2c_screen.dir/C_/Program_Files/Raspberry_Pi/Pico_SDK_v1.5.1/pico-sdk/src/common/pico_time/time.c.obj
 *fill*         0x10007b9a        0x2 
 .rodata.ph_add_child_node.str1.4
                0x10007b9c       0xb2 CMakeFiles/i2c_screen.dir/C_/Program_Files/Raspberry_Pi/Pico_SDK_v1.5.1/pico-sdk/src/common/pico_time/time.c.obj
 *fill*         0x10007c4e        0x2 
 .rodata.add_alarm_under_lock.str1.4
                0x10007c50       0x28 CMakeFiles/i2c_screen.dir/C_/Program_Files/Raspberry_Pi/Pico_SDK_v1.5.1/pico-sdk/src/common/pico_time/time.c.obj
                                 0x2b (size before relaxing)
 .rodata.alarm_pool_alarm_callback.str1.4
                0x10007c78       0x98 CMakeFiles/i2c_screen.dir/C_/Program_Files/Raspberry_Pi/Pico_SDK_v1.5.1/pico-sdk/src/common/pico_time/time.c.obj
                                0x118 (size before relaxing)
 .rodata.alarm_pool_get_default.str1.4
                0x10007d10       0x21 CMakeFiles/i2c_screen.dir/C_/Program_Files/Raspberry_Pi/Pico_SDK_v1.5.1/pico-sdk/src/common/pico_time/time.c.obj
 *fill*         0x10007d31        0x3 
 .rodata.alarm_pool_cancel_alarm.str1.4
                0x10007d34       0x27 CMakeFiles/i2c_screen.dir/C_/Program_Files/Raspberry_Pi/Pico_SDK_v1.5.1/pico-sdk/src/common/pico_time/time.c.obj
 *fill*         0x10007d5b        0x1 
 .rodata.sleep_until.str1.4
                0x10007d5c       0x4d CMakeFiles/i2c_screen.dir/C_/Program_Files/Raspberry_Pi/Pico_SDK_v1.5.1/pico-sdk/src/common/pico_time/time.c.obj
 *fill*         0x10007da9        0x3 
 .rodata.__func__.1
                0x10007dac       0x18 CMakeFiles/i2c_screen.dir/C_/Program_Files/Raspberry_Pi/Pico_SDK_v1.5.1/pico-sdk/src/common/pico_time/time.c.obj
 .rodata.__func__.10
                0x10007dc4       0x15 CMakeFiles/i2c_screen.dir/C_/Program_Files/Raspberry_Pi/Pico_SDK_v1.5.1/pico-sdk/src/common/pico_time/time.c.obj
 *fill*         0x10007dd9        0x3 
 .rodata.__func__.11
                0x10007ddc       0x1a CMakeFiles/i2c_screen.dir/C_/Program_Files/Raspberry_Pi/Pico_SDK_v1.5.1/pico-sdk/src/common/pico_time/time.c.obj
 *fill*         0x10007df6        0x2 
 .rodata.__func__.12
                0x10007df8        0xa CMakeFiles/i2c_screen.dir/C_/Program_Files/Raspberry_Pi/Pico_SDK_v1.5.1/pico-sdk/src/common/pico_time/time.c.obj
 *fill*         0x10007e02        0x2 
 .rodata.__func__.3
                0x10007e04       0x17 CMakeFiles/i2c_screen.dir/C_/Program_Files/Raspberry_Pi/Pico_SDK_v1.5.1/pico-sdk/src/common/pico_time/time.c.obj
 *fill*         0x10007e1b        0x1 
 .rodata.__func__.4
                0x10007e1c       0x12 CMakeFiles/i2c_screen.dir/C_/Program_Files/Raspberry_Pi/Pico_SDK_v1.5.1/pico-sdk/src/common/pico_time/time.c.obj
 *fill*         0x10007e2e        0x2 
 .rodata.__func__.5
                0x10007e30        0xd CMakeFiles/i2c_screen.dir/C_/Program_Files/Raspberry_Pi/Pico_SDK_v1.5.1/pico-sdk/src/common/pico_time/time.c.obj
 *fill*         0x10007e3d        0x3 
 .rodata.__func__.6
                0x10007e40       0x12 CMakeFiles/i2c_screen.dir/C_/Program_Files/Raspberry_Pi/Pico_SDK_v1.5.1/pico-sdk/src/common/pico_time/time.c.obj
 *fill*         0x10007e52        0x2 
 .rodata.__func__.7
                0x10007e54        0xf CMakeFiles/i2c_screen.dir/C_/Program_Files/Raspberry_Pi/Pico_SDK_v1.5.1/pico-sdk/src/common/pico_time/time.c.obj
 *fill*         0x10007e63        0x1 
 .rodata.__func__.8
                0x10007e64        0xc CMakeFiles/i2c_screen.dir/C_/Program_Files/Raspberry_Pi/Pico_SDK_v1.5.1/pico-sdk/src/common/pico_time/time.c.obj
 .rodata.__func__.9
                0x10007e70       0x15 CMakeFiles/i2c_screen.dir/C_/Program_Files/Raspberry_Pi/Pico_SDK_v1.5.1/pico-sdk/src/common/pico_time/time.c.obj
 *fill*         0x10007e85        0x3 
 .rodata.hardware_alarm_claim.str1.4
                0x10007e88       0x22 CMakeFiles/i2c_screen.dir/C_/Program_Files/Raspberry_Pi/Pico_SDK_v1.5.1/pico-sdk/src/rp2_common/hardware_timer/timer.c.obj
 *fill*         0x10007eaa        0x2 
 .rodata.hardware_alarm_set_target.str1.4
                0x10007eac       0x81 CMakeFiles/i2c_screen.dir/C_/Program_Files/Raspberry_Pi/Pico_SDK_v1.5.1/pico-sdk/src/rp2_common/hardware_timer/timer.c.obj
 *fill*         0x10007f2d        0x3 
 .rodata.__func__.0
                0x10007f30       0x1a CMakeFiles/i2c_screen.dir/C_/Program_Files/Raspberry_Pi/Pico_SDK_v1.5.1/pico-sdk/src/rp2_common/hardware_timer/timer.c.obj
 .rodata.ph_add_child_node.str1.4
                0x10007f4a       0xb2 CMakeFiles/i2c_screen.dir/C_/Program_Files/Raspberry_Pi/Pico_SDK_v1.5.1/pico-sdk/src/common/pico_util/pheap.c.obj
 *fill*         0x10007f4a        0x2 
 .rodata.ph_remove_any_head.str1.4
                0x10007f4c       0xa8 CMakeFiles/i2c_screen.dir/C_/Program_Files/Raspberry_Pi/Pico_SDK_v1.5.1/pico-sdk/src/common/pico_util/pheap.c.obj
                                 0xbc (size before relaxing)
 .rodata.ph_remove_and_free_node.str1.4
                0x10007ff4       0x1e CMakeFiles/i2c_screen.dir/C_/Program_Files/Raspberry_Pi/Pico_SDK_v1.5.1/pico-sdk/src/common/pico_util/pheap.c.obj
                                 0x26 (size before relaxing)
 *fill*         0x10008012        0x2 
 .rodata.__func__.0
                0x10008014       0x18 CMakeFiles/i2c_screen.dir/C_/Program_Files/Raspberry_Pi/Pico_SDK_v1.5.1/pico-sdk/src/common/pico_util/pheap.c.obj
 .rodata.__func__.1
                0x1000802c       0x13 CMakeFiles/i2c_screen.dir/C_/Program_Files/Raspberry_Pi/Pico_SDK_v1.5.1/pico-sdk/src/common/pico_util/pheap.c.obj
 *fill*         0x1000803f        0x1 
 .rodata.__func__.2
                0x10008040       0x12 CMakeFiles/i2c_screen.dir/C_/Program_Files/Raspberry_Pi/Pico_SDK_v1.5.1/pico-sdk/src/common/pico_util/pheap.c.obj
 *fill*         0x10008052        0x2 
 .rodata.__func__.3
                0x10008054        0xc CMakeFiles/i2c_screen.dir/C_/Program_Files/Raspberry_Pi/Pico_SDK_v1.5.1/pico-sdk/src/common/pico_util/pheap.c.obj
 .rodata.clock_configure.str1.4
                0x10008060       0x73 CMakeFiles/i2c_screen.dir/C_/Program_Files/Raspberry_Pi/Pico_SDK_v1.5.1/pico-sdk/src/rp2_common/hardware_clocks/clocks.c.obj
 *fill*         0x100080d3        0x1 
 .rodata.__func__.1
                0x100080d4       0x10 CMakeFiles/i2c_screen.dir/C_/Program_Files/Raspberry_Pi/Pico_SDK_v1.5.1/pico-sdk/src/rp2_common/hardware_clocks/clocks.c.obj
 .rodata.pll_init.str1.4
                0x100080e4      0x140 CMakeFiles/i2c_screen.dir/C_/Program_Files/Raspberry_Pi/Pico_SDK_v1.5.1/pico-sdk/src/rp2_common/hardware_pll/pll.c.obj
 .rodata.__func__.0
                0x10008224        0x9 CMakeFiles/i2c_screen.dir/C_/Program_Files/Raspberry_Pi/Pico_SDK_v1.5.1/pico-sdk/src/rp2_common/hardware_pll/pll.c.obj
 *fill*         0x1000822d        0x3 
 .rodata.__assert_func.str1.4
                0x10008230       0x3f CMakeFiles/i2c_screen.dir/C_/Program_Files/Raspberry_Pi/Pico_SDK_v1.5.1/pico-sdk/src/rp2_common/pico_runtime/runtime.c.obj
                                 0x43 (size before relaxing)
 *fill*         0x1000826f        0x1 
 .rodata.runtime_init.str1.4
                0x10008270       0x7d CMakeFiles/i2c_screen.dir/C_/Program_Files/Raspberry_Pi/Pico_SDK_v1.5.1/pico-sdk/src/rp2_common/pico_runtime/runtime.c.obj
 *fill*         0x100082ed        0x3 
 .rodata.panic.str1.4
                0x100082f0       0x12 CMakeFiles/i2c_screen.dir/C_/Program_Files/Raspberry_Pi/Pico_SDK_v1.5.1/pico-sdk/src/rp2_common/pico_runtime/runtime.c.obj
 *fill*         0x10008302        0x2 
 .rodata.__func__.2
                0x10008304        0xd CMakeFiles/i2c_screen.dir/C_/Program_Files/Raspberry_Pi/Pico_SDK_v1.5.1/pico-sdk/src/rp2_common/pico_runtime/runtime.c.obj
 *fill*         0x10008311        0x3 
 .rodata._ftoa.str1.4
                0x10008314       0x15 CMakeFiles/i2c_screen.dir/C_/Program_Files/Raspberry_Pi/Pico_SDK_v1.5.1/pico-sdk/src/rp2_common/pico_printf/printf.c.obj
 *fill*         0x10008329        0x3 
 .rodata._vsnprintf
                0x1000832c      0x1e0 CMakeFiles/i2c_screen.dir/C_/Program_Files/Raspberry_Pi/Pico_SDK_v1.5.1/pico-sdk/src/rp2_common/pico_printf/printf.c.obj
 *fill*         0x1000850c        0x4 
 .rodata.pow10.0
                0x10008510       0x50 CMakeFiles/i2c_screen.dir/C_/Program_Files/Raspberry_Pi/Pico_SDK_v1.5.1/pico-sdk/src/rp2_common/pico_printf/printf.c.obj
 .rodata.__aeabi_double_init.str1.4
                0x10008560       0xb8 CMakeFiles/i2c_screen.dir/C_/Program_Files/Raspberry_Pi/Pico_SDK_v1.5.1/pico-sdk/src/rp2_common/pico_double/double_init_rom.c.obj
 .rodata.__func__.0
                0x10008618       0x14 CMakeFiles/i2c_screen.dir/C_/Program_Files/Raspberry_Pi/Pico_SDK_v1.5.1/pico-sdk/src/rp2_common/pico_double/double_init_rom.c.obj
 .rodata.__aeabi_float_init.str1.4
                0x1000862c       0x96 CMakeFiles/i2c_screen.dir/C_/Program_Files/Raspberry_Pi/Pico_SDK_v1.5.1/pico-sdk/src/rp2_common/pico_float/float_init_rom.c.obj
                                 0x9a (size before relaxing)
 *fill*         0x100086c2        0x2 
 .rodata.__func__.0
                0x100086c4       0x13 CMakeFiles/i2c_screen.dir/C_/Program_Files/Raspberry_Pi/Pico_SDK_v1.5.1/pico-sdk/src/rp2_common/pico_float/float_init_rom.c.obj
 *fill*         0x100086d7        0x1 
 .rodata.str1.4
                0x100086d8       0x40 CMakeFiles/i2c_screen.dir/C_/Program_Files/Raspberry_Pi/Pico_SDK_v1.5.1/pico-sdk/src/rp2_common/pico_standard_link/binary_info.c.obj
 .rodata.__bi_44
                0x10008718        0xc CMakeFiles/i2c_screen.dir/C_/Program_Files/Raspberry_Pi/Pico_SDK_v1.5.1/pico-sdk/src/rp2_common/pico_standard_link/binary_info.c.obj
 .rodata.__bi_75
                0x10008724        0xc CMakeFiles/i2c_screen.dir/C_/Program_Files/Raspberry_Pi/Pico_SDK_v1.5.1/pico-sdk/src/rp2_common/pico_standard_link/binary_info.c.obj
 .rodata.__bi_81
                0x10008730        0xc CMakeFiles/i2c_screen.dir/C_/Program_Files/Raspberry_Pi/Pico_SDK_v1.5.1/pico-sdk/src/rp2_common/pico_standard_link/binary_info.c.obj
 .rodata.stdout_serialize_begin.str1.4
                0x1000873c       0x7d CMakeFiles/i2c_screen.dir/C_/Program_Files/Raspberry_Pi/Pico_SDK_v1.5.1/pico-sdk/src/rp2_common/pico_stdio/stdio.c.obj
 .rodata.__func__.3
                0x1000873c       0x15 CMakeFiles/i2c_screen.dir/C_/Program_Files/Raspberry_Pi/Pico_SDK_v1.5.1/pico-sdk/src/rp2_common/pico_stdio/stdio.c.obj
 *fill*         0x10008751        0x3 
 .rodata.crlf_str.2
                0x10008754        0x2 CMakeFiles/i2c_screen.dir/C_/Program_Files/Raspberry_Pi/Pico_SDK_v1.5.1/pico-sdk/src/rp2_common/pico_stdio/stdio.c.obj
 *fill*         0x10008756        0x2 
 .rodata._resetd_driver
                0x10008758       0x18 CMakeFiles/i2c_screen.dir/C_/Program_Files/Raspberry_Pi/Pico_SDK_v1.5.1/pico-sdk/src/rp2_common/pico_stdio_usb/reset_interface.c.obj
 .rodata.low_priority_worker_irq.str1.4
                0x10008770       0x7d CMakeFiles/i2c_screen.dir/C_/Program_Files/Raspberry_Pi/Pico_SDK_v1.5.1/pico-sdk/src/rp2_common/pico_stdio_usb/stdio_usb.c.obj
 .rodata.stdio_usb_init.str1.4
                0x10008770       0x61 CMakeFiles/i2c_screen.dir/C_/Program_Files/Raspberry_Pi/Pico_SDK_v1.5.1/pico-sdk/src/rp2_common/pico_stdio_usb/stdio_usb.c.obj
                                 0x69 (size before relaxing)
 *fill*         0x100087d1        0x3 
 .rodata.str1.4
                0x100087d4       0x13 CMakeFiles/i2c_screen.dir/C_/Program_Files/Raspberry_Pi/Pico_SDK_v1.5.1/pico-sdk/src/rp2_common/pico_stdio_usb/stdio_usb.c.obj
 *fill*         0x100087e7        0x1 
 .rodata.__bi_182.0
                0x100087e8        0xc CMakeFiles/i2c_screen.dir/C_/Program_Files/Raspberry_Pi/Pico_SDK_v1.5.1/pico-sdk/src/rp2_common/pico_stdio_usb/stdio_usb.c.obj
 .rodata.__func__.1
                0x100087f4        0xf CMakeFiles/i2c_screen.dir/C_/Program_Files/Raspberry_Pi/Pico_SDK_v1.5.1/pico-sdk/src/rp2_common/pico_stdio_usb/stdio_usb.c.obj
 *fill*         0x10008803        0x1 
 .rodata.__func__.3
                0x10008804       0x15 CMakeFiles/i2c_screen.dir/C_/Program_Files/Raspberry_Pi/Pico_SDK_v1.5.1/pico-sdk/src/rp2_common/pico_stdio_usb/stdio_usb.c.obj
 *fill*         0x10008819        0x3 
 .rodata.str1.4
                0x1000881c       0x2a CMakeFiles/i2c_screen.dir/C_/Program_Files/Raspberry_Pi/Pico_SDK_v1.5.1/pico-sdk/src/rp2_common/pico_stdio_usb/stdio_usb_descriptors.c.obj
 *fill*         0x10008846        0x2 
 .rodata.usbd_desc_cfg
                0x10008848       0x54 CMakeFiles/i2c_screen.dir/C_/Program_Files/Raspberry_Pi/Pico_SDK_v1.5.1/pico-sdk/src/rp2_common/pico_stdio_usb/stdio_usb_descriptors.c.obj
 .rodata.usbd_desc_device
                0x1000889c       0x12 CMakeFiles/i2c_screen.dir/C_/Program_Files/Raspberry_Pi/Pico_SDK_v1.5.1/pico-sdk/src/rp2_common/pico_stdio_usb/stdio_usb_descriptors.c.obj
 *fill*         0x100088ae        0x2 
 .rodata.usbd_desc_str
                0x100088b0       0x18 CMakeFiles/i2c_screen.dir/C_/Program_Files/Raspberry_Pi/Pico_SDK_v1.5.1/pico-sdk/src/rp2_common/pico_stdio_usb/stdio_usb_descriptors.c.obj
 .rodata.pico_get_unique_board_id_string.str1.4
                0x100088c8       0x69 CMakeFiles/i2c_screen.dir/C_/Program_Files/Raspberry_Pi/Pico_SDK_v1.5.1/pico-sdk/src/rp2_common/pico_unique_id/unique_id.c.obj
 *fill*         0x10008931        0x3 
 .rodata.__func__.0
                0x10008934       0x20 CMakeFiles/i2c_screen.dir/C_/Program_Files/Raspberry_Pi/Pico_SDK_v1.5.1/pico-sdk/src/rp2_common/pico_unique_id/unique_id.c.obj
 .rodata.str1.4
                0x10008954      0x176 CMakeFiles/i2c_screen.dir/C_/Program_Files/Raspberry_Pi/Pico_SDK_v1.5.1/pico-sdk/src/rp2_common/hardware_flash/flash.c.obj
 *fill*         0x10008aca        0x2 
 .rodata.__func__.0
                0x10008acc        0xd CMakeFiles/i2c_screen.dir/C_/Program_Files/Raspberry_Pi/Pico_SDK_v1.5.1/pico-sdk/src/rp2_common/hardware_flash/flash.c.obj
 *fill*         0x10008ad9        0x3 
 .rodata._hw_endpoint_alloc.str1.4
                0x10008adc       0xd1 CMakeFiles/i2c_screen.dir/C_/Program_Files/Raspberry_Pi/Pico_SDK_v1.5.1/pico-sdk/lib/tinyusb/src/portable/raspberrypi/rp2040/dcd_rp2040.c.obj
 *fill*         0x10008bad        0x3 
 .rodata.str1.4
                0x10008bb0       0x14 CMakeFiles/i2c_screen.dir/C_/Program_Files/Raspberry_Pi/Pico_SDK_v1.5.1/pico-sdk/lib/tinyusb/src/portable/raspberrypi/rp2040/dcd_rp2040.c.obj
 .rodata.dcd_int_enable.str1.4
                0x10008bc4        0xc CMakeFiles/i2c_screen.dir/C_/Program_Files/Raspberry_Pi/Pico_SDK_v1.5.1/pico-sdk/lib/tinyusb/src/portable/raspberrypi/rp2040/dcd_rp2040.c.obj
 .rodata.__func__.0
                0x10008bd0        0xe CMakeFiles/i2c_screen.dir/C_/Program_Files/Raspberry_Pi/Pico_SDK_v1.5.1/pico-sdk/lib/tinyusb/src/portable/raspberrypi/rp2040/dcd_rp2040.c.obj
 *fill*         0x10008bde        0x2 
 .rodata.__func__.1
                0x10008be0        0xe CMakeFiles/i2c_screen.dir/C_/Program_Files/Raspberry_Pi/Pico_SDK_v1.5.1/pico-sdk/lib/tinyusb/src/portable/raspberrypi/rp2040/dcd_rp2040.c.obj
 *fill*         0x10008bee        0x2 
 .rodata.__func__.3
                0x10008bf0       0x10 CMakeFiles/i2c_screen.dir/C_/Program_Files/Raspberry_Pi/Pico_SDK_v1.5.1/pico-sdk/lib/tinyusb/src/portable/raspberrypi/rp2040/dcd_rp2040.c.obj
 .rodata.__func__.5
                0x10008c00        0xf CMakeFiles/i2c_screen.dir/C_/Program_Files/Raspberry_Pi/Pico_SDK_v1.5.1/pico-sdk/lib/tinyusb/src/portable/raspberrypi/rp2040/dcd_rp2040.c.obj
 *fill*         0x10008c0f        0x1 
 .rodata.__func__.6
                0x10008c10       0x13 CMakeFiles/i2c_screen.dir/C_/Program_Files/Raspberry_Pi/Pico_SDK_v1.5.1/pico-sdk/lib/tinyusb/src/portable/raspberrypi/rp2040/dcd_rp2040.c.obj
 *fill*         0x10008c23        0x1 
 .rodata.__func__.7
                0x10008c24        0x9 CMakeFiles/i2c_screen.dir/C_/Program_Files/Raspberry_Pi/Pico_SDK_v1.5.1/pico-sdk/lib/tinyusb/src/portable/raspberrypi/rp2040/dcd_rp2040.c.obj
 *fill*         0x10008c2d        0x3 
 .rodata.str1.4
                0x10008c30      0x103 CMakeFiles/i2c_screen.dir/C_/Program_Files/Raspberry_Pi/Pico_SDK_v1.5.1/pico-sdk/lib/tinyusb/src/portable/raspberrypi/rp2040/rp2040_usb.c.obj
 *fill*         0x10008d33        0x1 
 .rodata.__func__.0
                0x10008d34        0xf CMakeFiles/i2c_screen.dir/C_/Program_Files/Raspberry_Pi/Pico_SDK_v1.5.1/pico-sdk/lib/tinyusb/src/portable/raspberrypi/rp2040/rp2040_usb.c.obj
 *fill*         0x10008d43        0x1 
 .rodata.process_get_descriptor
                0x10008d44       0x40 CMakeFiles/i2c_screen.dir/C_/Program_Files/Raspberry_Pi/Pico_SDK_v1.5.1/pico-sdk/lib/tinyusb/src/device/usbd.c.obj
 .rodata.process_control_request
                0x10008d84       0x28 CMakeFiles/i2c_screen.dir/C_/Program_Files/Raspberry_Pi/Pico_SDK_v1.5.1/pico-sdk/lib/tinyusb/src/device/usbd.c.obj
 .rodata.tud_task_ext
                0x10008dac       0x24 CMakeFiles/i2c_screen.dir/C_/Program_Files/Raspberry_Pi/Pico_SDK_v1.5.1/pico-sdk/lib/tinyusb/src/device/usbd.c.obj
 .rodata._usbd_driver
                0x10008dd0       0x18 CMakeFiles/i2c_screen.dir/C_/Program_Files/Raspberry_Pi/Pico_SDK_v1.5.1/pico-sdk/lib/tinyusb/src/device/usbd.c.obj
 .rodata.i2c_set_baudrate.str1.4
                0x10008de8       0x79 CMakeFiles/i2c_screen.dir/C_/Program_Files/Raspberry_Pi/Pico_SDK_v1.5.1/pico-sdk/src/rp2_common/hardware_i2c/i2c.c.obj
 *fill*         0x10008e61        0x3 
 .rodata.__func__.0
                0x10008e64       0x11 CMakeFiles/i2c_screen.dir/C_/Program_Files/Raspberry_Pi/Pico_SDK_v1.5.1/pico-sdk/src/rp2_common/hardware_i2c/i2c.c.obj
                0x10008e78                . = ALIGN (0x4)
 *fill*         0x10008e75        0x3 
 *(SORT_BY_ALIGNMENT(SORT_BY_NAME(.flashdata*)))
                0x10008e78                . = ALIGN (0x4)

.ARM.extab
 *(.ARM.extab* .gnu.linkonce.armextab.*)
                0x10008e78                __exidx_start = .

.ARM.exidx
 *(.ARM.exidx* .gnu.linkonce.armexidx.*)
                0x10008e78                __exidx_end = .
                0x10008e78                . = ALIGN (0x4)
                0x10008e78                __binary_info_start = .

.binary_info    0x10008e78       0x20
 *(.binary_info.keep.*)
 .binary_info.keep.__bi_ptr22
                0x10008e78        0x4 CMakeFiles/i2c_screen.dir/C_/Program_Files/Raspberry_Pi/Pico_SDK_v1.5.1/pico-sdk/src/rp2_common/pico_standard_link/binary_info.c.obj
 .binary_info.keep.__bi_ptr30
                0x10008e7c        0x4 CMakeFiles/i2c_screen.dir/C_/Program_Files/Raspberry_Pi/Pico_SDK_v1.5.1/pico-sdk/src/rp2_common/pico_standard_link/binary_info.c.obj
 .binary_info.keep.__bi_ptr38
                0x10008e80        0x4 CMakeFiles/i2c_screen.dir/C_/Program_Files/Raspberry_Pi/Pico_SDK_v1.5.1/pico-sdk/src/rp2_common/pico_standard_link/binary_info.c.obj
 .binary_info.keep.__bi_ptr44
                0x10008e84        0x4 CMakeFiles/i2c_screen.dir/C_/Program_Files/Raspberry_Pi/Pico_SDK_v1.5.1/pico-sdk/src/rp2_common/pico_standard_link/binary_info.c.obj
 .binary_info.keep.__bi_ptr50
                0x10008e88        0x4 CMakeFiles/i2c_screen.dir/C_/Program_Files/Raspberry_Pi/Pico_SDK_v1.5.1/pico-sdk/src/rp2_common/pico_standard_link/binary_info.c.obj
 .binary_info.keep.__bi_ptr75
                0x10008e8c        0x4 CMakeFiles/i2c_screen.dir/C_/Program_Files/Raspberry_Pi/Pico_SDK_v1.5.1/pico-sdk/src/rp2_common/pico_standard_link/binary_info.c.obj
 .binary_info.keep.__bi_ptr81
                0x10008e90        0x4 CMakeFiles/i2c_screen.dir/C_/Program_Files/Raspberry_Pi/Pico_SDK_v1.5.1/pico-sdk/src/rp2_common/pico_standard_link/binary_info.c.obj
 *(.binary_info.*)
 .binary_info.__bi_ptr182
                0x10008e94        0x4 CMakeFiles/i2c_screen.dir/C_/Program_Files/Raspberry_Pi/Pico_SDK_v1.5.1/pico-sdk/src/rp2_common/pico_stdio_usb/stdio_usb.c.obj
                0x10008e98                __binary_info_end = .

.rel.dyn        0x10008e98        0x0
 .rel.iplt      0x10008e98        0x0 c:/progra~1/raspbe~1/picosd~1.1/gcc-ar~1/bin/../lib/gcc/arm-none-eabi/10.3.1/thumb/v6-m/nofp/crtbegin.o
                0x10008e98                . = ALIGN (0x4)

.ram_vector_table
                0x20000000       0xc0
 *(.ram_vector_table)
 .ram_vector_table
                0x20000000       0xc0 CMakeFiles/i2c_screen.dir/C_/Program_Files/Raspberry_Pi/Pico_SDK_v1.5.1/pico-sdk/src/rp2_common/pico_runtime/runtime.c.obj
                0x20000000                ram_vector_table

.data           0x200000c0      0xbf8 load address 0x10008e98
                0x200000c0                __data_start__ = .
 *(vtable)
 *(.time_critical*)
 .time_critical.mutex_try_enter
                0x200000c0       0x46 CMakeFiles/i2c_screen.dir/C_/Program_Files/Raspberry_Pi/Pico_SDK_v1.5.1/pico-sdk/src/common/pico_sync/mutex.c.obj
                0x200000c0                mutex_try_enter
 *fill*         0x20000106        0x2 
 .time_critical.mutex_enter_block_until
                0x20000108       0x8c CMakeFiles/i2c_screen.dir/C_/Program_Files/Raspberry_Pi/Pico_SDK_v1.5.1/pico-sdk/src/common/pico_sync/mutex.c.obj
                0x20000108                mutex_enter_block_until
 .time_critical.mutex_try_enter_block_until
                0x20000194       0x34 CMakeFiles/i2c_screen.dir/C_/Program_Files/Raspberry_Pi/Pico_SDK_v1.5.1/pico-sdk/src/common/pico_sync/mutex.c.obj
                0x20000194                mutex_try_enter_block_until
 .time_critical.mutex_enter_timeout_ms
                0x200001c8       0x68 CMakeFiles/i2c_screen.dir/C_/Program_Files/Raspberry_Pi/Pico_SDK_v1.5.1/pico-sdk/src/common/pico_sync/mutex.c.obj
                0x200001c8                mutex_enter_timeout_ms
 .time_critical.mutex_exit
                0x20000230       0x4c CMakeFiles/i2c_screen.dir/C_/Program_Files/Raspberry_Pi/Pico_SDK_v1.5.1/pico-sdk/src/common/pico_sync/mutex.c.obj
                0x20000230                mutex_exit
 .time_critical.flash_init_boot2_copyout
                0x2000027c       0x30 CMakeFiles/i2c_screen.dir/C_/Program_Files/Raspberry_Pi/Pico_SDK_v1.5.1/pico-sdk/src/rp2_common/hardware_flash/flash.c.obj
 .time_critical.flash_enable_xip_via_boot2
                0x200002ac       0x10 CMakeFiles/i2c_screen.dir/C_/Program_Files/Raspberry_Pi/Pico_SDK_v1.5.1/pico-sdk/src/rp2_common/hardware_flash/flash.c.obj
 .time_critical.flash_cs_force